******************************************************************************
                  TI ARM Linker PC v18.1.3                     
******************************************************************************
>> Linked Wed Nov 28 13:22:14 2018

OUTPUT FILE NAME:   <collector_cc1350lp.out>
ENTRY POINT SYMBOL: "ResetISR"  address: 000155dd


MEMORY CONFIGURATION

         name            origin    length      used     unused   attr    fill
----------------------  --------  ---------  --------  --------  ----  --------
  FLASH                 00000000   0001e000  00019cb8  00004348  R  X
  FLASH_NV              0001e000   00001000  00001000  00000000  RW X
  FLASH_LAST            0001f000   00001000  00000b34  000004cc  R  X
  SRAM                  20000000   00005000  000035ec  00001a14  RW X


SEGMENT ALLOCATION MAP

run origin  load origin   length   init length attrs members
----------  ----------- ---------- ----------- ----- -------
00000000    00000000    00000c90   00000c90    r--
  00000000    00000000    0000003c   0000003c    r-- .resetVecs
  0000003c    0000003c    00000c54   00000c54    r-- .const
00001000    00001000    00019038   00019038    r-x
  00001000    00001000    0000003c   0000003c    r-- .const:ti_sysbios_knl_Task_Object__PARAMS__C
  0000103c    0000103c    00000034   00000034    r-- .const:ti_sysbios_knl_Mailbox_Object__PARAMS__C
  00001070    00001070    00000030   00000030    r-- .const:ti_sysbios_family_arm_m3_Hwi_Object__PARAMS__C
  000010a0    000010a0    0000002c   0000002c    r-- .const:ti_sysbios_hal_Hwi_Object__PARAMS__C
  000010cc    000010cc    00000028   00000028    r-- .const:ti_sysbios_heaps_HeapMem_Module__FXNS__C
  000010f4    000010f4    00000028   00000028    r-- .const:ti_sysbios_knl_Swi_Object__PARAMS__C
  0000111c    0000111c    00000024   00000024    r-- .const:ti_sysbios_gates_GateHwi_Module__FXNS__C
  00001140    00001140    00000024   00000024    r-- .const:ti_sysbios_gates_GateMutex_Module__FXNS__C
  00001164    00001164    00000024   00000024    r-- .const:ti_sysbios_heaps_HeapMem_Object__PARAMS__C
  00001188    00001188    00000024   00000024    r-- .const:ti_sysbios_knl_Clock_Object__PARAMS__C
  000011ac    000011ac    00000024   00000024    r-- .const:ti_sysbios_knl_Semaphore_Object__PARAMS__C
  000011d0    000011d0    00000020   00000020    r-- .const:ti_sysbios_family_arm_m3_Hwi_Object__DESC__C
  000011f0    000011f0    00000020   00000020    r-- .const:ti_sysbios_gates_GateHwi_Object__DESC__C
  00001210    00001210    00000020   00000020    r-- .const:ti_sysbios_gates_GateMutex_Object__DESC__C
  00001230    00001230    00000020   00000020    r-- .const:ti_sysbios_hal_Hwi_Object__DESC__C
  00001250    00001250    00000020   00000020    r-- .const:ti_sysbios_heaps_HeapMem_Object__DESC__C
  00001270    00001270    00000020   00000020    r-- .const:ti_sysbios_knl_Clock_Object__DESC__C
  00001290    00001290    00000020   00000020    r-- .const:ti_sysbios_knl_Mailbox_Object__DESC__C
  000012b0    000012b0    00000020   00000020    r-- .const:ti_sysbios_knl_Queue_Object__DESC__C
  000012d0    000012d0    00000020   00000020    r-- .const:ti_sysbios_knl_Semaphore_Object__DESC__C
  000012f0    000012f0    00000020   00000020    r-- .const:ti_sysbios_knl_Swi_Object__DESC__C
  00001310    00001310    00000020   00000020    r-- .const:ti_sysbios_knl_Task_Object__DESC__C
  00001330    00001330    00000018   00000018    r-- .const:ti_sysbios_gates_GateHwi_Object__PARAMS__C
  00001348    00001348    00000018   00000018    r-- .const:ti_sysbios_gates_GateMutex_Object__PARAMS__C
  00001360    00001360    00000018   00000018    r-- .const:ti_sysbios_knl_Queue_Object__PARAMS__C
  00001378    00001378    00000008   00000008    r-- .const:ti_sysbios_knl_Idle_funcList__C
  00001384    00001384    00000004   00000004    r-- .const:ti_sysbios_family_arm_cc26xx_Timer_startupNeeded__C
  00001388    00001388    00000004   00000004    r-- .const:ti_sysbios_family_arm_m3_Hwi_E_alreadyDefined__C
  0000138c    0000138c    00000004   00000004    r-- .const:ti_sysbios_family_arm_m3_Hwi_E_hwiLimitExceeded__C
  00001390    00001390    00000004   00000004    r-- .const:ti_sysbios_family_arm_m3_Hwi_NUM_INTERRUPTS__C
  00001394    00001394    00000004   00000004    r-- .const:ti_sysbios_family_arm_m3_Hwi_Object__count__C
  00001398    00001398    00000004   00000004    r-- .const:ti_sysbios_family_arm_m3_Hwi_Object__table__C
  0000139c    0000139c    00000004   00000004    r-- .const:ti_sysbios_family_arm_m3_Hwi_ccr__C
  000013a0    000013a0    00000004   00000004    r-- .const:ti_sysbios_family_arm_m3_Hwi_excHandlerFunc__C
  000013a4    000013a4    00000004   00000004    r-- .const:ti_sysbios_family_arm_m3_Hwi_nullIsrFunc__C
  000013a8    000013a8    00000004   00000004    r-- .const:ti_sysbios_family_arm_m3_Hwi_numSparseInterrupts__C
  000013ac    000013ac    00000004   00000004    r-- .const:ti_sysbios_family_arm_m3_Hwi_priGroup__C
  000013b0    000013b0    00000004   00000004    r-- .const:ti_sysbios_family_arm_m3_TaskSupport_stackAlignment__C
  000013b4    000013b4    00000004   00000004    r-- .const:ti_sysbios_heaps_HeapMem_E_memory__C
  000013b8    000013b8    00000004   00000004    r-- .const:ti_sysbios_heaps_HeapMem_Module__gateObj__C
  000013bc    000013bc    00000004   00000004    r-- .const:ti_sysbios_heaps_HeapMem_Object__count__C
  000013c0    000013c0    00000004   00000004    r-- .const:ti_sysbios_heaps_HeapMem_Object__table__C
  000013c4    000013c4    00000004   00000004    r-- .const:ti_sysbios_heaps_HeapMem_reqAlign__C
  000013c8    000013c8    00000004   00000004    r-- .const:ti_sysbios_knl_Clock_serviceMargin__C
  000013cc    000013cc    00000004   00000004    r-- .const:ti_sysbios_knl_Mailbox_Object__count__C
  000013d0    000013d0    00000004   00000004    r-- .const:ti_sysbios_knl_Mailbox_Object__table__C
  000013d4    000013d4    00000004   00000004    r-- .const:ti_sysbios_knl_Mailbox_maxTypeAlign__C
  000013d8    000013d8    00000004   00000004    r-- .const:ti_sysbios_knl_Queue_Object__count__C
  000013dc    000013dc    00000004   00000004    r-- .const:ti_sysbios_knl_Queue_Object__table__C
  000013e0    000013e0    00000004   00000004    r-- .const:ti_sysbios_knl_Swi_Object__count__C
  000013e4    000013e4    00000004   00000004    r-- .const:ti_sysbios_knl_Swi_Object__table__C
  000013e8    000013e8    00000004   00000004    r-- .const:ti_sysbios_knl_Swi_numPriorities__C
  000013ec    000013ec    00000004   00000004    r-- .const:ti_sysbios_knl_Task_Object__count__C
  000013f0    000013f0    00000004   00000004    r-- .const:ti_sysbios_knl_Task_Object__table__C
  000013f4    000013f4    00000004   00000004    r-- .const:ti_sysbios_knl_Task_allBlockedFunc__C
  000013f8    000013f8    00000004   00000004    r-- .const:ti_sysbios_knl_Task_defaultStackHeap__C
  000013fc    000013fc    00000004   00000004    r-- .const:ti_sysbios_knl_Task_defaultStackSize__C
  00001400    00001400    00000004   00000004    r-- .const:ti_sysbios_knl_Task_numConstructedTasks__C
  00001406    00001406    00000002   00000002    r-- .const:ti_sysbios_family_arm_cc26xx_Timer_Module__id__C
  00001408    00001408    00000002   00000002    r-- .const:ti_sysbios_family_arm_cc26xx_TimestampProvider_useClockTimer__C
  0000140a    0000140a    00000002   00000002    r-- .const:ti_sysbios_family_arm_m3_Hwi_Module__id__C
  0000140c    0000140c    00000002   00000002    r-- .const:ti_sysbios_gates_GateHwi_Module__id__C
  0000140e    0000140e    00000002   00000002    r-- .const:ti_sysbios_gates_GateMutex_Module__id__C
  00001410    00001410    00000002   00000002    r-- .const:ti_sysbios_heaps_HeapMem_Module__id__C
  00001412    00001412    00000002   00000002    r-- .const:ti_sysbios_knl_Task_initStackFlag__C
  00001414    00001414    00000001   00000001    r-- .const:ti_sysbios_knl_Clock_tickMode__C
  00001418    00001418    00000008   00000008    r-- .const:xdc_runtime_Startup_firstFxns__C
  00001420    00001420    00000008   00000008    r-- .const:xdc_runtime_Startup_lastFxns__C
  00001428    00001428    00000004   00000004    r-- .const:xdc_runtime_Assert_E_assertFailed__C
  0000142c    0000142c    00000004   00000004    r-- .const:xdc_runtime_Error_E_memory__C
  00001430    00001430    00000004   00000004    r-- .const:xdc_runtime_Error_policyFxn__C
  00001434    00001434    00000004   00000004    r-- .const:xdc_runtime_IGateProvider_Interface__BASE__C
  00001438    00001438    00000004   00000004    r-- .const:xdc_runtime_IHeap_Interface__BASE__C
  0000143c    0000143c    00000004   00000004    r-- .const:xdc_runtime_IModule_Interface__BASE__C
  00001440    00001440    00000004   00000004    r-- .const:xdc_runtime_Main_Module__diagsEnabled__C
  00001444    00001444    00000004   00000004    r-- .const:xdc_runtime_Main_Module__diagsIncluded__C
  00001448    00001448    00000004   00000004    r-- .const:xdc_runtime_Main_Module__diagsMask__C
  0000144c    0000144c    00000004   00000004    r-- .const:xdc_runtime_Memory_defaultHeapInstance__C
  00001450    00001450    00000004   00000004    r-- .const:xdc_runtime_Startup_execImpl__C
  00001454    00001454    00000004   00000004    r-- .const:xdc_runtime_Startup_maxPasses__C
  00001458    00001458    00000004   00000004    r-- .const:xdc_runtime_Startup_sfxnRts__C
  0000145c    0000145c    00000004   00000004    r-- .const:xdc_runtime_Startup_sfxnTab__C
  00001460    00001460    00000004   00000004    r-- .const:xdc_runtime_Startup_startModsFxn__C
  00001464    00001464    00000004   00000004    r-- .const:xdc_runtime_SysCallback_abortFxn__C
  00001468    00001468    00000004   00000004    r-- .const:xdc_runtime_SysCallback_exitFxn__C
  0000146c    0000146c    00000004   00000004    r-- .const:xdc_runtime_System_abortFxn__C
  00001470    00001470    00000004   00000004    r-- .const:xdc_runtime_System_exitFxn__C
  00001474    00001474    00000004   00000004    r-- .const:xdc_runtime_System_maxAtexitHandlers__C
  00001478    00001478    00000004   00000004    r-- .const:xdc_runtime_Text_charTab__C
  0000147c    0000147c    00000004   00000004    r-- .const:xdc_runtime_Text_nameEmpty__C
  00001480    00001480    00000004   00000004    r-- .const:xdc_runtime_Text_nameStatic__C
  00001484    00001484    00000004   00000004    r-- .const:xdc_runtime_Text_nameUnknown__C
  00001488    00001488    00000002   00000002    r-- .const:xdc_runtime_Main_Module__id__C
  0000148a    0000148a    00000002   00000002    r-- .const:xdc_runtime_Memory_Module__id__C
  0000148c    0000148c    00000002   00000002    r-- .const:xdc_runtime_Text_charCnt__C
  0000148e    0000148e    00000002   00000002    r-- .const:xdc_runtime_Text_isLoaded__C
  00001490    00001490    00000001   00000001    r-- .const:xdc_runtime_Error_policy__C
  00001494    00001494    00000004   00000004    r-- .const:ti_sysbios_rom_ROM_AONRTCChannelEnable
  00001498    00001498    00000004   00000004    r-- .const:ti_sysbios_rom_ROM_AONRTCCompareValueSet
  0000149c    0000149c    00000004   00000004    r-- .const:ti_sysbios_rom_ROM_AONRTCCurrentCompareValueGet
  000014a0    000014a0    00000004   00000004    r-- .const:ti_sysbios_rom_ROM_AONRTCEventClear
  000014a4    000014a4    00000004   00000004    r-- .const:ti_sysbios_rom_ROM_ti_sysbios_family_arm_cc26xx_Timer_getCount64__E
  000014a8    000014a8    00000004   00000004    r-- .const:ti_sysbios_rom_ROM_ti_sysbios_family_arm_cc26xx_Timer_getCurrentTick__E
  000014ac    000014ac    00000004   00000004    r-- .const:ti_sysbios_rom_ROM_ti_sysbios_family_arm_cc26xx_Timer_getMaxTicks__E
  000014b0    000014b0    00000004   00000004    r-- .const:ti_sysbios_rom_ROM_ti_sysbios_family_arm_cc26xx_Timer_initDevice__I
  000014b4    000014b4    00000004   00000004    r-- .const:ti_sysbios_rom_ROM_ti_sysbios_family_arm_cc26xx_Timer_setNextTick__E
  000014b8    000014b8    00000004   00000004    r-- .const:ti_sysbios_rom_ROM_ti_sysbios_family_arm_cc26xx_Timer_setThreshold__I
  000014bc    000014bc    00000004   00000004    r-- .const:ti_sysbios_rom_ROM_ti_sysbios_family_arm_cc26xx_Timer_start__E
  000014c0    000014c0    00000004   00000004    r-- .const:ti_sysbios_rom_ROM_ti_sysbios_family_arm_cc26xx_TimestampProvider_get32__E
  000014c4    000014c4    00000004   00000004    r-- .const:ti_sysbios_rom_ROM_xdc_runtime_Startup_getState__I
  000014c8    000014c8    00000004   00000004    r-- .const:ti_sysbios_rom_ROM_xdc_runtime_System_SupportProxy_abort__E
  000014cc    000014cc    00000004   00000004    r-- .const:ti_sysbios_rom_ROM_xdc_runtime_System_SupportProxy_exit__E
  000014d0    000014d0    00000004   00000004    r-- .const:ti_sysbios_gates_GateMutex_Instance_State_sem__O
  000014d4    000014d4    00000004   00000004    r-- .const:ti_sysbios_knl_Clock_Module_State_clockQ__O
  000014d8    000014d8    00000004   00000004    r-- .const:ti_sysbios_knl_Mailbox_Instance_State_dataQue__O
  000014dc    000014dc    00000004   00000004    r-- .const:ti_sysbios_knl_Mailbox_Instance_State_dataSem__O
  000014e0    000014e0    00000004   00000004    r-- .const:ti_sysbios_knl_Mailbox_Instance_State_freeQue__O
  000014e4    000014e4    00000004   00000004    r-- .const:ti_sysbios_knl_Mailbox_Instance_State_freeSem__O
  000014e8    000014e8    00000004   00000004    r-- .const:ti_sysbios_knl_Semaphore_Instance_State_pendQ__O
  000014ec    000014ec    00000004   00000004    r-- .const:ti_sysbios_knl_Task_Module_State_inactiveQ__O
  000014f0    000014f0    00017aa0   00017aa0    r-x .text
  00018f90    00018f90    00000bd4   00000bd4    r-- config_const
  00019b68    00019b68    000004d0   000004d0    r-- .cinit
0001e000    0001e000    00001adc   00001adc    r-x
  0001e000    0001e000    00001000   00001000    r-- .TI.bound:NV_FLASH
  0001f000    0001f000    00000adc   00000adc    r-x flash_last_text
0001ffa8    0001ffa8    00000058   00000058    r--
  0001ffa8    0001ffa8    00000058   00000058    r-- .ccfg
20000100    20000100    00003028   00000000    rw-
  20000100    20000100    00000044   00000000    rw- .data:ti_sysbios_knl_Task_Module__state__V
  20000144    20000144    00000034   00000000    rw- .data:ti_sysbios_family_arm_m3_Hwi_Module__state__V
  20000178    20000178    0000002c   00000000    rw- .data:ti_sysbios_knl_Clock_Module__state__V
  200001a4    200001a4    00000024   00000000    rw- .data:ti_sysbios_BIOS_Module__state__V
  200001c8    200001c8    0000001c   00000000    rw- .data:ti_sysbios_knl_Swi_Module__state__V
  200001e4    200001e4    00000008   00000000    rw- .data:ti_sysbios_family_arm_cc26xx_Timer_Module__state__V
  200001ec    200001ec    00000004   00000000    rw- .data:ti_sysbios_family_arm_cc26xx_TimestampProvider_Module__state__V
  200001f0    200001f0    00000008   00000000    rw- .data:xdc_runtime_Startup_Module__state__V
  200001f8    200001f8    00000008   00000000    rw- .data:xdc_runtime_System_Module__state__V
  20000200    20000200    00000004   00000000    rw- .data:xdc_runtime_Memory_Module__state__V
  20000208    20000208    00001ed6   00000000    rw- .data
  200020e0    200020e0    00001048   00000000    rw- .bss
20004b00    20004b00    00000500   00000000    rw-
  20004b00    20004b00    00000500   00000000    rw- .stack


SECTION ALLOCATION MAP

 output                                  attributes/
section   page    origin      length       input sections
--------  ----  ----------  ----------   ----------------
.const     0    0000003c    00000c54     
                  0000003c    0000045c     hmac_global.obj (.const:$O12$$)
                  00000498    000001c0     fh_global.obj (.const:$O9$$)
                  00000658    000000fa     fh_global.obj (.const:FH_stateMatrix)
                  00000752    00000002     cllc.obj (.const:keyUsageList$34)
                  00000754    000000cc     icall.obj (.const:$O2$$)
                  00000820    000000b4     cllc.obj (.const:$O25$$)
                  000008d4    0000006e     hmac_global.obj (.const:macIdleSt)
                  00000942    0000006e     hmac_global.obj (.const:macScanningSt)
                  000009b0    00000050     CC13X0_LAUNCHXL.obj (.const:$O4$$)
                  00000a00    0000004c     drivers_cc13x0.aem3 : PowerCC26XX.oem3 (.const:resourceDB)
                  00000a4c    00000048     app_pem3.oem3 (.const:.string)
                  00000a94    00000044     drivers_cc13x0.aem3 : UARTCC26XX.oem3 (.const:$O1$$)
                  00000ad8    00000028                         : UARTCC26XX.oem3 (.const:UARTCC26XX_fxnTable)
                  00000b00    00000028     CC13X0_LAUNCHXL.obj (.const:uartCC26XXHWAttrs)
                  00000b28    00000024     drivers_cc13x0.aem3 : UART.oem3 (.const:UART_defaultParams)
                  00000b4c    00000024     app_pem3.oem3 (.const:xdc_runtime_Startup_sfxnTab__A)
                  00000b70    00000020     cllc.obj (.const:keyDeviceList$34)
                  00000b90    0000001c     rf_multiMode_cc13x0.aem3 : RFCC26XX_multiMode.oem3 (.const:RF_defaultParams)
                  00000bac    00000018     CC13X0_LAUNCHXL.obj (.const:PowerCC26XX_config)
                  00000bc4    00000018     driverlib.lib : rfc.obj (.const:rfc_defaultIrqAddr$107)
                  00000bdc    00000013     macstack.obj (.const:.string:msacbackSizeTable)
                  00000bef    00000001     app_pem3.oem3 (.const:xdc_runtime_Text_charTab__A)
                  00000bf0    00000012     app_pem3.oem3 (.const:xdc_runtime_Startup_sfxnRts__A)
                  00000c02    00000002     app_pem3.oem3 (.const:xdc_runtime_Text_registryModsLastId__C)
                  00000c04    00000010     CC13X0_LAUNCHXL.obj (.const:cryptoCC26XXHWAttrs)
                  00000c14    0000000c     CC13X0_LAUNCHXL.obj (.const:UART_config)
                  00000c20    0000000c     app_pem3.oem3 (.const:xdc_runtime_Startup_firstFxns__A)
                  00000c2c    0000000a     CC13X0_LAUNCHXL.obj (.const)
                  00000c36    00000002     app_pem3.oem3 (.const:xdc_runtime_Text_unnamedModsLastId__C)
                  00000c38    00000008     maclib_secure.a : mac_rx.obj (.const:$O35$$)
                  00000c40    00000008     main.obj (.const:.string:dummyExtAddr$38)
                  00000c48    00000008     CC13X0_LAUNCHXL.obj (.const:CryptoCC26XX_config)
                  00000c50    00000008     CC13X0_LAUNCHXL.obj (.const:PINCC26XX_hwAttrs)
                  00000c58    00000008     app_pem3.oem3 (.const:ti_sysbios_knl_Idle_funcList__A)
                  00000c60    00000004     icall_cc2650.obj (.const:events$1$1)
                  00000c64    00000004     osaltasks.obj (.const:tasksArr)
                  00000c68    00000004     app_pem3.oem3 (.const:ti_sysbios_family_arm_cc26xx_Timer_funcHookCH1__C)
                  00000c6c    00000004     app_pem3.oem3 (.const:ti_sysbios_family_arm_cc26xx_Timer_funcHookCH2__C)
                  00000c70    00000004     app_pem3.oem3 (.const:ti_sysbios_family_arm_m3_Hwi_swiDisable__C)
                  00000c74    00000004     app_pem3.oem3 (.const:ti_sysbios_family_arm_m3_Hwi_swiRestoreHwi__C)
                  00000c78    00000004     app_pem3.oem3 (.const:ti_sysbios_knl_Clock_tickPeriod__C)
                  00000c7c    00000004     app_pem3.oem3 (.const:ti_sysbios_knl_Clock_triggerClock__C)
                  00000c80    00000004     app_pem3.oem3 (.const:xdc_runtime_SysCallback_putchFxn__C)
                  00000c84    00000004     app_pem3.oem3 (.const:xdc_runtime_SysCallback_readyFxn__C)
                  00000c88    00000004     app_pem3.oem3 (.const:xdc_runtime_System_extendFxn__C)
                  00000c8c    00000004     app_pem3.oem3 (.const:xdc_runtime_Text_visitRopeFxn__C)

.text      0    000014f0    00017aa0     
                  000014f0    00000994     maclib_secure.a : mac.obj (.text:macRxCbSubG$76)
                  00001e84    000007e4     main.obj (.text:taskFxn)
                  00002668    00000650     maclib_secure.a : mac_rx.obj (.text:rxPayloadIsr$81)
                  00002cb8    000004d0     icall_startup.obj (.text:startup_entry)
                  00003188    00000494     driverlib.lib : setup.obj (.text:TrimAfterColdResetWakeupFromShutDown$46)
                  0000361c    0000045c     maclib_secure.a : fh_ie.obj (.text:FHIE_parsePie)
                  00003a78    00000394                     : macwrapper.obj (.text:macWrapperAddDevice)
                  00003e0c    0000038c                     : mac_mgmt.obj (.text:macBuildHeader)
                  00004198    00000388     rf_multiMode_cc13x0.aem3 : RFCC26XX_multiMode.oem3 (.text:RF_fsmActiveState)
                  00004520    00000388     maclib_secure.a : mac_radio.obj (.text:macRadioInitSubG)
                  000048a8    00000378                     : mac_mgmt.obj (.text:MAC_MlmeResetReq)
                  00004c20    00000366     api_mac.obj (.text:processIncomingICallMsg$32)
                  00004f86    00000002     maclib_secure.a : fh_data.obj (.text:FHDATA_startEDFETimer)
                  00004f88    0000030c     drivers_cc13x0.aem3 : PowerCC26XX_calibrateRCOSC.oem3 (.text:PowerCC26XX_auxISR)
                  00005294    0000030c     rom_sysbios.aem3 : rom_sysbios.obj (.text:xdc_runtime_System_doPrint__I)
                  000055a0    000002e4     maclib_secure.a : mac_radio_tx.obj (.text:macRadioTxGoSubG$80)
                  00005884    000002d4                     : mac_pwr.obj (.text:macPwrVote)
                  00005b58    000002c4                     : fh_api.obj (.text:FHAPI_getTxParams_old)
                  00005e1c    000002c0                     : fh_ie.obj (.text:FHIE_gen)
                  000060dc    000002b8                     : fh_ie.obj (.text:FHIE_genPieContent)
                  00006394    000002b8     osal.obj (.text:osal_start_system)
                  0000664c    00000280     maclib_secure.a : mac_data.obj (.text:MAC_McpsDataReq)
                  000068cc    0000027c     rf_multiMode_cc13x0.aem3 : RFCC26XX_multiMode.oem3 (.text:RF_scheduleCmd)
                  00006b48    00000278     maclib_secure.a : fh_api.obj (.text:FHAPI_start)
                  00006dc0    00000260                     : mac_security_pib.obj (.text:MAC_MlmeSetSecurityReq)
                  00007020    00000260     collector.obj (.text:processSensorData$35)
                  00007280    00000254     maclib_secure.a : fh_api.obj (.text:FHAPI_completeRxCb)
                  000074d4    0000023c     driverlib.lib : sys_ctrl.obj (.text:NOROM_SysCtrlSetRechargeBeforePowerDown)
                  00007710    00000224     drivers_cc13x0.aem3 : PowerCC26XX.oem3 (.text:Power_sleep)
                  00007934    00000222     maclib_secure.a : mac_security.obj (.text:macIncomingFrameSecurityMaterialRetrieval)
                  00007b56    00000002                     : fh_util.obj (.text:FHUTIL_noAction)
                  00007b58    00000214                     : mac_mgmt.obj (.text:macBuildCommonReq)
                  00007d6c    00000208     drivers_cc13x0.aem3 : CryptoCC26XX.oem3 (.text:cryptoTransactionExecute)
                  00007f74    000001f4     maclib_secure.a : fh_api.obj (.text:FHAPI_sendData)
                  00008168    000001e4     rf_multiMode_cc13x0.aem3 : RFCC26XX_multiMode.oem3 (.text:RF_open)
                  0000834c    000001d8     maclib_secure.a : mac_coord.obj (.text:macBuildBeacon)
                  00008524    000001d4     macstack.obj (.text:macStackEventLoop)
                  000086f8    000001cc     maclib_secure.a : fh_ie.obj (.text:FHIE_extractPie)
                  000088c4    000001c8                     : mac_scan.obj (.text:macApiScanReq)
                  00008a8c    000001c0                     : mac_security_pib.obj (.text:MAC_MlmeGetSecurityReq)
                  00008c4c    000001b8     drivers_cc13x0.aem3 : PINCC26XX.oem3 (.text:PIN_init)
                  00008e04    000001ac     maclib_secure.a : fh_ie.obj (.text:FHIE_parseCommonInformation)
                  00008fb0    000001ac                     : mac_data.obj (.text:macApiDataReq)
                  0000915c    0000019c                     : fh_pib.obj (.text:FHPIB_set)
                  000092f8    00000198                     : fh_nt.obj (.text:FHNT_getEntry)
                  00009490    00000198                     : macwrapper.obj (.text:macWrapperAddKeyInitFCtr)
                  00009628    00000194                     : mac_tx.obj (.text:macTxFrame)
                  000097bc    00000190     drivers_cc13x0.aem3 : PowerCC26XX_calibrateRCOSC.oem3 (.text:PowerCC26XX_doCalibrate)
                  0000994c    00000188     maclib_secure.a : mac_pib.obj (.text:MAC_MlmeSetReq)
                  00009ad4    00000184                     : mac_ie_build.obj (.text:macBuildPayloadIes)
                  00009c58    0000017c                     : mac_beacon_device.obj (.text:macRxBeaconCritical)
                  00009dd4    0000017c                     : mac_data.obj (.text:macTxCompleteCallback)
                  00009f50    00000178     driverlib.lib : crypto.obj (.text:NOROM_CRYPTOCcmInvAuthDecrypt)
                  0000a0c8    00000170                   : crypto.obj (.text:NOROM_CRYPTOCcmAuthEncrypt)
                  0000a238    00000164     maclib_secure.a : mac_mgmt.obj (.text:macTxCsmaDelay)
                  0000a39c    0000015c                     : fh_api.obj (.text:FHAPI_completeTxCb)
                  0000a4f8    0000015c     drivers_cc13x0.aem3 : UARTCC26XX.oem3 (.text:UARTCC26XX_open)
                  0000a654    00000158     maclib_secure.a : mac_radio_tx.obj (.text:macRadioCsmaTxCbSubG$80)
                  0000a7ac    00000148     drivers_cc13x0.aem3 : UARTCC26XX.oem3 (.text:UARTCC26XX_hwiIntFxn)
                  0000a8f4    00000148     maclib_secure.a : mac_mgmt.obj (.text:macApiDisassociateReq)
                  0000aa3c    00000144     rf_multiMode_cc13x0.aem3 : RFCC26XX_multiMode.oem3 (.text:RF_radioOpDoneCb)
                  0000ab80    00000144     maclib_secure.a : mac_beacon_coord.obj (.text:macTxBeaconCompleteCallback)
                  0000acc4    00000140     nvocop.obj (.text:compactPage$29)
                  0000ae04    00000140     maclib_secure.a : mac_coord.obj (.text:macApiAssociateRsp)
                  0000af44    00000138     rf_multiMode_cc13x0.aem3 : RFCC26XX_multiMode.oem3 (.text:RF_ratSetupChannel)
                  0000b07c    00000134     drivers_cc13x0.aem3 : UARTCC26XX.oem3 (.text:UARTCC26XX_read)
                  0000b1b0    00000134     maclib_secure.a : mac_beacon_device.obj (.text:macAutoPoll)
                  0000b2e4    00000130                     : mac.obj (.text:macSendReceiveCmdSubG)
                  0000b414    00000128                     : fh_nt.obj (.text:FHNT_purgeTimerIsrCb)
                  0000b53c    00000128     rf_multiMode_cc13x0.aem3 : RFCC26XX_multiMode.oem3 (.text:RF_abortCmd)
                  0000b664    00000128                              : RFCC26XX_multiMode.oem3 (.text:RF_fsmSetupState)
                  0000b78c    00000128     collector.obj (.text:generateTrackingRequests$35)
                  0000b8b4    00000124     maclib_secure.a : mac_mgmt.obj (.text:macApiWSAsyncReq)
                  0000b9d8    00000120                     : mac_data.obj (.text:macAllocTxBuffer)
                  0000baf8    00000120                     : mac_beacon_device.obj (.text:macApiSyncReq)
                  0000bc18    00000120                     : mac_beacon_coord.obj (.text:macBeaconStartContinue)
                  0000bd38    00000114     drivers_cc13x0.aem3 : PowerCC26XX.oem3 (.text:Power_init)
                  0000be4c    00000110     rf_multiMode_cc13x0.aem3 : RFCC26XX_multiMode.oem3 (.text:RF_close)
                  0000bf5c    00000110     collector.obj (.text:dataCnfCB$35)
                  0000c06c    00000110     maclib_secure.a : mac.obj (.text:macSetupRATChanCompare)
                  0000c17c    00000108     rf_multiMode_cc13x0.aem3 : RFCC26XX_multiMode.oem3 (.text:RF_dispatchNextCmd)
                  0000c284    00000108                              : RFCC26XX_multiMode.oem3 (.text:RF_fsmChangePhyState)
                  0000c38c    00000104     drivers_cc13x0.aem3 : UARTCC26XX.oem3 (.text:UARTCC26XX_write)
                  0000c490    00000100     maclib_secure.a : fh_nt.obj (.text:FHNT_getRemoveEntryFromTemp)
                  0000c590    00000100                     : mac.obj (.text:macRatCb_B)
                  0000c690    000000fc     collector.obj (.text:dataIndCB$35)
                  0000c78c    000000f8     maclib_secure.a : fh_ie.obj (.text:FHIE_genCommonInformation)
                  0000c884    000000f8     app_pem3.oem3 (.text:xdc_runtime_System_printfExtend__I)
                  0000c97c    000000f4     rf_multiMode_cc13x0.aem3 : RFCC26XX_multiMode.oem3 (.text:RF_getInfo)
                  0000ca70    000000f4     maclib_secure.a : mac_radio_tx.obj (.text:macRadioTxPrepCsmaUnslottedSubG)
                  0000cb64    000000f4                     : mac_mgmt.obj (.text:macSetDefaultsByPhyID)
                  0000cc58    000000f0     csf.obj (.text:Csf_deviceUpdate)
                  0000cd48    000000f0     maclib_secure.a : fh_mgr.obj (.text:FHMGR_bcTimerIsrCb)
                  0000ce38    000000f0     driverlib.lib : rfc.obj (.text:NOROM_RFCOverrideUpdate)
                  0000cf28    000000f0                   : setup.obj (.text:NOROM_SetupTrimDevice)
                  0000d018    000000f0     rf_multiMode_cc13x0.aem3 : RFCC26XX_multiMode.oem3 (.text:RF_pendCmd)
                  0000d108    000000f0     maclib_secure.a : mac_radio_tx.obj (.text:macRadioTxPrepCsmaSlottedSubG)
                  0000d1f8    000000ec                     : mac_scan.obj (.text:macScanNextChan)
                  0000d2e4    000000e8                     : fh_ie.obj (.text:FHIE_parseHie)
                  0000d3cc    000000e4                     : fh_api.obj (.text:FHAPI_getTxParams)
                  0000d4b0    000000e4                     : fh_nt.obj (.text:FHNT_addTempEUI)
                  0000d594    000000e4     dpl_cc13x0.aem3 : PowerCC26XX_tirtos.oem3 (.text:PowerCC26XX_standbyPolicy)
                  0000d678    000000e4     maclib_secure.a : mac_coord.obj (.text:macIndirectSend)
                  0000d75c    000000e4                     : mac_radio_tx.obj (.text:macRadioTxAck$80)
                  0000d840    000000e0     collector.obj (.text:Collector_sendConfigRequest)
                  0000d920    000000e0     rf_multiMode_cc13x0.aem3 : RFCC26XX_multiMode.oem3 (.text:RF_fsmPowerUpState)
                  0000da00    000000e0                              : RFCC26XX_multiMode.oem3 (.text:RF_requestAccess)
                  0000dae0    000000e0     maclib_secure.a : mac_beacon.obj (.text:macBeaconSetSched)
                  0000dbc0    000000dc     drivers_cc13x0.aem3 : PINCC26XX.oem3 (.text:PINCC26XX_setIoCfg)
                  0000dc9c    000000d8     maclib_secure.a : mac_mgmt.obj (.text:macCommStatusInd)
                  0000dd74    000000d8                     : mac_data.obj (.text:macDataTxSend)
                  0000de4c    000000d4     drivers_cc13x0.aem3 : CryptoCC26XX.oem3 (.text:CryptoCC26XX_open)
                  0000df20    000000d4     driverlib.lib : rfc.obj (.text:NOROM_RFCRfTrimRead)
                  0000dff4    000000d4     maclib_secure.a : mac_radio_tx.obj (.text:macRadioLbtTxCb)
                  0000e0c8    000000d4                     : mac.obj (.text:macRatCb_A)
                  0000e19c    000000d0     macstack.obj (.text:MAC_CbackEvent)
                  0000e26c    000000d0     maclib_secure.a : mac_scan.obj (.text:macScanRxBeacon)
                  0000e33c    000000d0                     : mac_main.obj (.text:macSendDataMsg)
                  0000e40c    000000cc     driverlib.lib : crypto.obj (.text:NOROM_CRYPTOAesCbc)
                  0000e4d8    000000cc     nvocop.obj (.text:NVOCOP_writeItem)
                  0000e5a4    000000cc     rf_multiMode_cc13x0.aem3 : RFCC26XX_multiMode.oem3 (.text:RF_swiHw)
                  0000e670    000000cc     maclib_secure.a : mac_coord.obj (.text:macIndirectExpire)
                  0000e73c    000000cc                     : mac_security.obj (.text:macOutgoingFrameKeyDescRetrieval)
                  0000e808    000000c8                     : mac_ie_build.obj (.text:macBuildHeaderIes)
                  0000e8d0    000000c8                     : mac_security.obj (.text:macCcmStarTransform)
                  0000e998    000000c8                     : mac_data.obj (.text:macDataTxEnqueue)
                  0000ea60    000000c4                     : fh_data.obj (.text:FHDATA_procASYNCReq)
                  0000eb24    000000c4     rf_multiMode_cc13x0.aem3 : RFCC26XX_multiMode.oem3 (.text:RF_hwiCpe0Active)
                  0000ebe8    000000c4     maclib_secure.a : mac.obj (.text:macSendFsCmd)
                  0000ecac    000000c0                     : mac_coord.obj (.text:macStartBegin)
                  0000ed6c    000000be                     : fh_ie.obj (.text:FHIE_getLen)
                  0000ee2a    00000002     rf_multiMode_cc13x0.aem3 : RFCC26XX_multiMode.oem3 (.text:RF_defaultCallback)
                  0000ee2c    000000bc     maclib_secure.a : fh_nt.obj (.text:FHNT_AddDeviceCB)
                  0000eee8    000000bc                     : mac_scan.obj (.text:MAC_MlmeScanReq)
                  0000efa4    000000bc     drivers_cc13x0.aem3 : PowerCC26XX.oem3 (.text:Power_releaseDependency)
                  0000f060    000000bc     maclib_secure.a : mac_tx.obj (.text:macTxFrameIsr)
                  0000f11c    000000b8                     : fh_ie.obj (.text:FHIE_getPieContentLen)
                  0000f1d4    000000b8     collector.obj (.text:cllcStartedCB$35)
                  0000f28c    000000b8     maclib_secure.a : mac_mgmt.obj (.text:macBuildBeaconNotifyInd)
                  0000f344    000000b8                     : mac_coord.obj (.text:macCoordReset)
                  0000f3fc    000000b8                     : mac_rx.obj (.text:rxPostRxUpdates$81)
                  0000f4b4    000000b4     drivers_cc13x0.aem3 : PowerCC26XX.oem3 (.text:Power_setDependency)
                  0000f568    000000b4     rf_multiMode_cc13x0.aem3 : RFCC26XX_multiMode.oem3 (.text:RF_control)
                  0000f61c    000000b4     maclib_secure.a : mac_beacon_coord.obj (.text:macApiBeaconStartReq)
                  0000f6d0    000000b0                     : mac_tx.obj (.text:macTxChannelBusyCallback)
                  0000f780    000000ac     rf_multiMode_cc13x0.aem3 : RFCC26XX_multiMode.oem3 (.text:RF_schChkCmdInsert)
                  0000f82c    000000ac     maclib_secure.a : mac_coord.obj (.text:macStartSetParams)
                  0000f8d8    000000ac     api_mac.obj (.text:processBeaconNotifyInd$32)
                  0000f984    000000aa     maclib_secure.a : fh_ie.obj (.text:FHIE_genExcludedChannelRanges)
                  0000fa2e    00000002     rtsv7M3_T_le_eabi.lib : _lock.c.obj (.text:_nop)
                  0000fa30    000000a8     maclib_secure.a : mac_beacon_device.obj (.text:macBeaconSyncLoss)
                  0000fad8    000000a6     rom_sysbios.aem3 : rom_sysbios.obj (.text:xdc_runtime_Text_putSite__E)
                  0000fb7e    00000002     drivers_cc13x0.aem3 : PowerCC26XX.oem3 (.text:emptyClockFunc)
                  0000fb80    000000a4     driverlib.lib : crypto.obj (.text:NOROM_CRYPTOAesEcb)
                  0000fc24    000000a4     drivers_cc13x0.aem3 : UARTCC26XX.oem3 (.text:UARTCC26XX_initHw)
                  0000fcc8    000000a4     osal.obj (.text:osal_set_event)
                  0000fd6c    000000a4     drivers_cc13x0.aem3 : PowerCC26XX.oem3 (.text:switchXOSCHFclockFunc)
                  0000fe10    000000a0     csf.obj (.text:Csf_getDevice)
                  0000feb0    000000a0     maclib_secure.a : fh_ie.obj (.text:FHIE_getChannelPlan)
                  0000ff50    000000a0     rf_multiMode_cc13x0.aem3 : RFCC26XX_multiMode.oem3 (.text:RF_ratRestartChannels)
                  0000fff0    000000a0     cllc.obj (.text:assocIndCb$34)
                  00010090    000000a0     auto_init.aem3 : auto_init.oem3 (.text)
                  00010130    000000a0     nvocop.obj (.text:findItemOffset$29)
                  000101d0    000000a0     maclib_secure.a : mac_tx.obj (.text:txCsmaPrep$85)
                  00010270    000000a0     nvocop.obj (.text:writeItem$29)
                  00010310    0000009c     maclib_secure.a : fh_api.obj (.text:FHAPI_reset)
                  000103ac    0000009c     drivers_cc13x0.aem3 : UARTCC26XX.oem3 (.text:UARTCC26XX_writeCancel)
                  00010448    0000009c     csf.obj (.text:findBlackListIndex$36)
                  000104e4    0000009c     maclib_secure.a : mac_radio_tx.obj (.text:macRadioTxPrepLbt)
                  00010580    0000009c     rtsv7M3_T_le_eabi.lib : memcpy_t2.asm.obj (.text)
                  0001061c    00000098     maclib_secure.a : fh_data.obj (.text:FHDATA_getPktFromQueue)
                  000106b4    00000098                     : fh_mgr.obj (.text:FHMGR_updateRadioBCChannel)
                  0001074c    00000098     nvocop.obj (.text:NVOCOP_deleteItem)
                  000107e4    00000098     drivers_cc13x0.aem3 : PINCC26XX.oem3 (.text:PIN_open)
                  0001087c    00000098     rf_multiMode_cc13x0.aem3 : RFCC26XX_multiMode.oem3 (.text:RF_calculateDispatchTime)
                  00010914    00000098     drivers_cc13x0.aem3 : UARTCC26XX.oem3 (.text:UARTCC26XX_initIO)
                  000109ac    00000098                         : UARTCC26XX.oem3 (.text:UARTCC26XX_swiIntFxn)
                  00010a44    00000098     maclib_secure.a : mac_coord.obj (.text:macBuildRealign)
                  00010adc    00000098                     : mac_data.obj (.text:macDataTxComplete)
                  00010b74    00000098                     : mac_coord.obj (.text:macIndirectMark)
                  00010c0c    00000098                     : mac_mgmt.obj (.text:macRxBeacon)
                  00010ca4    00000098     rom_sysbios.aem3 : rom_sysbios.obj (.text:ti_sysbios_knl_Clock_workFuncDynamic__E)
                  00010d3c    00000098                      : rom_sysbios.obj (.text:xdc_runtime_Text_putMod__E)
                  00010dd4    00000096     rtsv7M3_T_le_eabi.lib : ull_div_t2.asm.obj (.text)
                  00010e6a    00000002     maclib_secure.a : mac_pwr.obj (.text:macApiPwrOnReq)
                  00010e6c    00000094     cllc.obj (.text:Cllc_init)
                  00010f00    00000094     csf.obj (.text:Csf_updateFrameCounter)
                  00010f94    00000094     maclib_secure.a : fh_nt.obj (.text:FHNT_getNTIndexFromTempIndex)
                  00011028    00000094     driverlib.lib : crypto.obj (.text:NOROM_CRYPTOAesLoadKey)
                  000110bc    00000094     board_led.obj (.text:board_led_blinkTimeoutCB$7)
                  00011150    00000094     maclib_secure.a : mac_main.obj (.text:macCbackForEvent)
                  000111e4    00000094                     : mac_hl_patch.obj (.text:macCcmDecrypt)
                  00011278    00000094                     : mac_security.obj (.text:macCcmStarInverseTransform)
                  0001130c    00000094     collector.obj (.text:sendMsg$35)
                  000113a0    00000090     rf_multiMode_cc13x0.aem3 : RFCC26XX_multiMode.oem3 (.text:RF_discardPendCmd)
                  00011430    00000090     cllc.obj (.text:disassocIndCb$34)
                  000114c0    00000090     rom_sysbios.aem3 : rom_sysbios.obj (.text:ti_sysbios_family_arm_cc26xx_Timer_start__E)
                  00011550    0000008c     cllc.obj (.text:Cllc_securityInit)
                  000115dc    0000008c     api_mac.obj (.text:copyDataInd$32)
                  00011668    0000008c     maclib_secure.a : mac_hl_patch.obj (.text:macCcmEncrypt)
                  000116f4    0000008a     drivers_cc13x0.aem3 : CryptoCC26XX.oem3 (.text:CryptoCC26XX_allocateKey)
                  0001177e    0000008a     maclib_secure.a : fh_ie.obj (.text:FHIE_extractHie)
                  00011808    00000088     driverlib.lib : osc.obj (.text:NOROM_OSCHF_GetStartupTime)
                  00011890    00000088     maclib_secure.a : mac_coord.obj (.text:macApiPurgeReq)
                  00011918    00000088                     : mac_mcu.obj (.text:macMcuBitReverse)
                  000119a0    00000088     osal.obj (.text:osal_msg_receive)
                  00011a28    00000084     rf_multiMode_cc13x0.aem3 : RFCC26XX_multiMode.oem3 (.text:RF_issueRadioFreeCb)
                  00011aac    00000084     drivers_cc13x0.aem3 : UARTCC26XX.oem3 (.text:UARTCC26XX_close)
                  00011b30    00000080     rf_multiMode_cc13x0.aem3 : RFCC26XX_multiMode.oem3 (.text:RF_hwiHw)
                  00011bb0    00000080     maclib_secure.a : mac_coord.obj (.text:macRxDataReq)
                  00011c30    00000080                     : mac_timer.obj (.text:macTimerCancel)
                  00011cb0    00000080     mac_user_config.obj (.text:rf_patch_rfe_genfsk$37)
                  00011d30    00000080     maclib_secure.a : mac_tx.obj (.text:txComplete)
                  00011db0    0000007c     board_led.obj (.text:Board_Led_control)
                  00011e2c    0000007c     csf.obj (.text:Csf_getDeviceItem)
                  00011ea8    0000007c     driverlib.lib : crypto.obj (.text:NOROM_CRYPTOCcmInvAuthDecryptResultGet)
                  00011f24    0000007c     rf_multiMode_cc13x0.aem3 : RFCC26XX_multiMode.oem3 (.text:RF_ratFreeChannel)
                  00011fa0    0000007c     cllc.obj (.text:beaconNotifyIndCb$34)
                  0001201c    0000007c     csf.obj (.text:findDeviceListIndex$36)
                  00012098    0000007c     maclib_secure.a : mac_coord.obj (.text:macApiStartReq)
                  00012114    0000007c                     : mac_radio.obj (.text:macRadioUpdateChannelRx)
                  00012190    0000007c                     : mac_radio.obj (.text:macRadioUpdateTxPower)
                  0001220c    0000007c                     : mac_scan.obj (.text:macScanStartTimer)
                  00012288    0000007a     rtsv7M3_T_le_eabi.lib : memset_t2.asm.obj (.text)
                  00012302    00000002     maclib_secure.a : mac.obj (.text:macClientSwitchCb)
                  00012304    00000078                     : mac_beacon.obj (.text:macBeaconCheckTxTime)
                  0001237c    00000078                     : mac_radio_tx.obj (.text:macRadioTxAckCb$80)
                  000123f4    00000078                     : mac_radio.obj (.text:macRadioUpdateChannel)
                  0001246c    00000078                     : mac_beacon_device.obj (.text:macTrackTimeoutCallback)
                  000124e4    00000078     main.obj (.text:main)
                  0001255c    00000078     osal_pwrmgr.obj (.text:osal_pwrmgr_task_state)
                  000125d4    00000078     cllc.obj (.text:sendStartReq$34)
                  0001264c    00000078     drivers_cc13x0.aem3 : UARTCC26XX.oem3 (.text:writeTxFifoFlush)
                  000126c4    00000076     maclib_secure.a : mac_security.obj (.text:macKeyDescriptorLookup)
                  0001273a    00000002                     : mac_mcu.obj (.text:macMcuInit)
                  0001273c    00000074                     : fh_util.obj (.text:FHUTIL_getCurBfio)
                  000127b0    00000074     icall_cc2650.obj (.text:ICallPlatform_pwrUpdActivityCounter)
                  00012824    00000074     rf_multiMode_cc13x0.aem3 : RFCC26XX_multiMode.oem3 (.text:RF_yield)
                  00012898    00000074     maclib_secure.a : mac_mcu.obj (.text:macMcuOverflowSetCompare)
                  0001290c    00000074                     : mac_mcu.obj (.text:macMcuOverflowSetPeriod)
                  00012980    00000074     cllc.obj (.text:scanCnfCb$34)
                  000129f4    00000070     maclib_secure.a : fh_api.obj (.text:FHAPI_startBS)
                  00012a64    00000070                     : fh_dh1cf.obj (.text:FHDH1CF_getBCChannelNum)
                  00012ad4    00000070                     : mac_beacon.obj (.text:macBeaconSetupCap)
                  00012b44    00000070                     : mac_tx.obj (.text:macTxAckReceivedCallback)
                  00012bb4    00000070     cllc.obj (.text:orphanIndCb$34)
                  00012c24    00000070     nvocop.obj (.text:writeWord$29)
                  00012c94    0000006e     rtsv7M3_T_le_eabi.lib : ll_div_t2.asm.obj (.text)
                  00012d02    00000002     maclib_secure.a : mac_mgmt.obj (.text:macNoAction)
                  00012d04    0000006d     rom_sysbios.aem3 : rom_sysbios.obj (.text:xdc_runtime_System_formatNum__I)
                  00012d71    00000001     --HOLE-- [fill = 0]
                  00012d72    00000002     maclib_secure.a : mac_symbol_timer.obj (.text:macSymbolTimerICallPwrNotify$84)
                  00012d74    0000006c     cllc.obj (.text:Cllc_restoreNetwork)
                  00012de0    0000006c     maclib_secure.a : fh_nt.obj (.text:FHNT_putEntry)
                  00012e4c    0000006c     drivers_cc13x0.aem3 : PowerCC26XX_calibrateRCOSC.oem3 (.text:PowerCC26XX_initiateCalibration)
                  00012eb8    0000006c     rf_multiMode_cc13x0.aem3 : RFCC26XX_multiMode.oem3 (.text:RF_initRadioSetup)
                  00012f24    0000006c                              : RFCC26XX_multiMode.oem3 (.text:RF_ratDisableChannel)
                  00012f90    0000006c     nvocop.obj (.text:findItemInCache$29)
                  00012ffc    0000006c     maclib_secure.a : mac_mgmt.obj (.text:macDisassocComplete)
                  00013068    0000006c                     : mac_main.obj (.text:macExecute)
                  000130d4    0000006c                     : mac_main.obj (.text:macSendMsg)
                  00013140    0000006c     cllc.obj (.text:maintainAssocTable$34)
                  000131ac    0000006c     collector.obj (.text:processIdendifyLedRequest$35)
                  00013218    00000068     maclib_secure.a : fh_data.obj (.text:FHDATA_purgePktFromQueue)
                  00013280    00000068     driverlib.lib : sys_ctrl.obj (.text:NOROM_SysCtrlAdjustRechargeAfterPowerDown)
                  000132e8    00000068                   : sys_ctrl.obj (.text:NOROM_SysCtrl_DCDC_VoltageConditionalControl)
                  00013350    00000068     drivers_cc13x0.aem3 : UARTCC26XX.oem3 (.text:UARTCC26XX_readCancel)
                  000133b8    00000068     mac_user_config.obj (.text:applyGenfskPatch$37)
                  00013420    00000068     rtsv7M3_T_le_eabi.lib : copy_decompress_lzss.c.obj (.text:decompress:lzss:__TI_decompress_lzss)
                  00013488    00000068     drivers_cc13x0.aem3 : PowerCC26XX.oem3 (.text:lfClockReadyCallback)
                  000134f0    00000068     maclib_secure.a : mac_radio_tx.obj (.text:macRadioSendImmAckSubG$80)
                  00013558    00000068                     : mac_rx_onoff.obj (.text:macRxOn)
                  000135c0    00000068     cllc.obj (.text:sendScanReq$34)
                  00013628    00000068     maclib_secure.a : mac_tx.obj (.text:txGo$85)
                  00013690    00000064     driverlib.lib : osc.obj (.text:NOROM_OSCHF_AttemptToSwitchToXosc)
                  000136f4    00000064                   : setup_rom.obj (.text:NOROM_SetupGetTrimForAnabypassValue1)
                  00013758    00000064     rf_multiMode_cc13x0.aem3 : RFCC26XX_multiMode.oem3 (.text:RF_checkForPreemption)
                  000137bc    00000064     drivers_cc13x0.aem3 : PowerCC26XX.oem3 (.text:configureXOSCHF)
                  00013820    00000064     csf.obj (.text:getTheFirstDevice$36)
                  00013884    00000064     maclib_secure.a : mac_coord.obj (.text:macApiOrphanRsp)
                  000138e8    00000064                     : mac_mgmt.obj (.text:macRxDisassoc)
                  0001394c    00000064                     : mac_symbol_timer.obj (.text:macSymbolTimerInit)
                  000139b0    00000064     osal.obj (.text:osal_msg_enqueue_push$19)
                  00013a14    00000062     maclib_secure.a : mac_mgmt.obj (.text:macBuildWSAsyncMsg)
                  00013a76    00000002     rtsv7M3_T_le_eabi.lib : div0.asm.obj (.text)
                  00013a78    00000060     maclib_secure.a : fh_ie.obj (.text:FHIE_getCcaSfdTime)
                  00013ad8    00000060     driverlib.lib : osc.obj (.text:NOROM_OSCClockSourceSet)
                  00013b38    00000060     drivers_cc13x0.aem3 : PowerCC26XX.oem3 (.text:PowerCC26XX_calibrate)
                  00013b98    00000060     rf_multiMode_cc13x0.aem3 : RFCC26XX_multiMode.oem3 (.text:RF_dispatchNextEvent)
                  00013bf8    00000060                              : RFCC26XX_multiMode.oem3 (.text:RF_getCurrentTime)
                  00013c58    00000060     drivers_cc13x0.aem3 : UARTCC26XX.oem3 (.text:UARTCC26XX_control)
                  00013cb8    00000060     csf.obj (.text:findUnusedDeviceListIndex$36)
                  00013d18    00000060     maclib_secure.a : mac_coord.obj (.text:macIndirectTxFrame)
                  00013d78    00000060                     : mac_radio_tx.obj (.text:macRadioTxBackoffBoundary)
                  00013dd8    00000060                     : mac_rx.obj (.text:macRxHaltCleanup)
                  00013e38    00000060                     : mac_scan.obj (.text:macScanComplete)
                  00013e98    00000060     osal.obj (.text:osal_msg_send)
                  00013ef8    00000060     collector.obj (.text:processDataRetry$35)
                  00013f58    0000005f     rom_sysbios.aem3 : rom_sysbios.obj (.text:xdc_runtime_Text_putLab__E)
                  00013fb7    00000001     --HOLE-- [fill = 0]
                  00013fb8    0000005e     maclib_secure.a : fh_mgr.obj (.text:FHMGR_updateRadioUCChannel)
                  00014016    00000002     rom_sysbios.aem3 : rom_sysbios.obj (.text:ti_sysbios_BIOS_linkedWithIncorrectBootLibrary__E)
                  00014018    0000005c     cllc.obj (.text:Cllc_addSecDevice)
                  00014074    0000005c     drivers_cc13x0.aem3 : PowerCC26XX_calibrateRCOSC.oem3 (.text:PowerCC26XX_RCOSC_clockFunc)
                  000140d0    0000005c     rf_multiMode_cc13x0.aem3 : RFCC26XX_multiMode.oem3 (.text:RF_syncCb)
                  0001412c    0000005c     maclib_secure.a : mac_radio.obj (.text:macRadioWakeupCb)
                  00014188    0000005c                     : mac_beacon_device.obj (.text:macTrackPeriodCallback)
                  000141e4    0000005c     collector.obj (.text:sendBroadcastMsg$35)
                  00014240    0000005c     app_pem3.oem3 (.text:xdc_runtime_Startup_getState__I)
                  0001429c    00000058     maclib_secure.a : fh_data.obj (.text:FHDATA_requeuePkt)
                  000142f4    00000058                     : fh_nt.obj (.text:FHNT_DelDeviceCB)
                  0001434c    00000058                     : fh_util.obj (.text:FHUTIL_getBitCounts)
                  000143a4    00000058                     : mac_mgmt.obj (.text:MAC_ResumeReq)
                  000143fc    00000058     drivers_cc13x0.aem3 : PINCC26XX.oem3 (.text:PIN_remove)
                  00014454    00000058     rf_multiMode_cc13x0.aem3 : RFCC26XX_multiMode.oem3 (.text:RF_TxPowerTable_findValue)
                  000144ac    00000058                              : RFCC26XX_multiMode.oem3 (.text:RF_cmdDispatchTime)
                  00014504    00000058                              : RFCC26XX_multiMode.oem3 (.text:RF_hwiCpe0PowerFsm)
                  0001455c    00000058     maclib_secure.a : mac_beacon_coord.obj (.text:macBeaconPeriodCallback)
                  000145b4    00000058                     : mac_rx_onoff.obj (.text:macRxOffRequest)
                  0001460c    00000058                     : mac_timer.obj (.text:macTimerAddTimer)
                  00014664    00000058                     : mac_timer.obj (.text:macTimerUpdateSymbolTimer)
                  000146bc    00000056                     : mac_data.obj (.text:macFrameDurationSubG)
                  00014712    00000054     drivers_cc13x0.aem3 : CryptoCC26XX.oem3 (.text:CryptoCC26XX_close)
                  00014766    00000002     app_pem3.oem3 (.text:ti_sysbios_BIOS_nullFunc__I)
                  00014768    00000054     maclib_secure.a : fh_sm.obj (.text:FHSM_event)
                  000147bc    00000054     uart_printf.obj (.text:UartPrintf_flush)
                  00014810    00000054     maclib_secure.a : mac_beacon_coord.obj (.text:macBeaconTxCallback)
                  00014864    00000054                     : mac_beacon_device.obj (.text:macSyncTimeoutCallback)
                  000148b8    00000054                     : mac_beacon_device.obj (.text:macTrackStartCallback)
                  0001490c    00000054                     : mac_ie_parse.obj (.text:macUpdatePayloadIEPtr)
                  00014960    00000054     api_mac.obj (.text:processScanCnf$32)
                  000149b4    00000054     collector.obj (.text:sendTrackingRequest$35)
                  00014a08    00000052     maclib_secure.a : fh_ie.obj (.text:FHIE_genExcludedChannelMask)
                  00014a5a    00000052                     : fh_ie.obj (.text:FHIE_getSubPie)
                  00014aac    00000050     dpl_cc13x0.aem3 : ClockP_tirtos.oem3 (.text:ClockP_construct)
                  00014afc    00000050     maclib_secure.a : fh_mgr.obj (.text:FHMGR_macStartFHTimer)
                  00014b4c    00000050                     : fh_mgr.obj (.text:FHMGR_ucTimerIsrCb)
                  00014b9c    00000050                     : fh_nt.obj (.text:FHNT_getEUI)
                  00014bec    00000050     driverlib.lib : crypto.obj (.text:NOROM_CRYPTOCcmAuthEncryptResultGet)
                  00014c3c    00000050     rf_multiMode_cc13x0.aem3 : RFCC26XX_multiMode.oem3 (.text:RF_applyRfCorePatch)
                  00014c8c    00000050                              : RFCC26XX_multiMode.oem3 (.text:RF_fsmXOSCState)
                  00014cdc    00000050                              : RFCC26XX_multiMode.oem3 (.text:RF_wakeupNotification)
                  00014d2c    00000050     maclib_secure.a : mac_beacon_coord.obj (.text:macBeaconPrepareCallback)
                  00014d7c    00000050                     : mac_radio.obj (.text:macRadioSetChannel)
                  00014dcc    00000050                     : mac_symbol_timer.obj (.text:macSymbolTimerSetRollover)
                  00014e1c    00000050     drivers_cc13x0.aem3 : UARTCC26XX.oem3 (.text:startTxFifoEmptyClk)
                  00014e6c    0000004e     maclib_secure.a : fh_dh1cf.obj (.text:FHDH1CF_mapChIdxChannel)
                  00014eba    00000002     rom_sysbios.aem3 : rom_sysbios.obj (.text:ti_sysbios_knl_Clock_triggerFunc__I)
                  00014ebc    0000004c     maclib_secure.a : fh_pib.obj (.text:FHPIB_get)
                  00014f08    0000004c     rf_multiMode_cc13x0.aem3 : RFCC26XX_multiMode.oem3 (.text:RF_setTxPower)
                  00014f54    0000004c     rtsv7M3_T_le_eabi.lib : cpy_tbl.c.obj (.text:copy_in)
                  00014fa0    0000004c     maclib_secure.a : mac.obj (.text:macFsCb$76)
                  00014fec    0000004c                     : mac_radio.obj (.text:macGetRadioTxPowerReg)
                  00015038    0000004c                     : mac_coord.obj (.text:macIndirectRequeueFrame)
                  00015084    0000004c                     : mac_rx.obj (.text:macRxNokIsr)
                  000150d0    0000004c                     : mac_symbol_timer.obj (.text:macSymbolTimerEventHandler$84)
                  0001511c    0000004c                     : mac_tx.obj (.text:macTxAckNotReceivedCallback)
                  00015168    0000004a     macstack.obj (.text:icall_slimMsgParser)
                  000151b2    00000002     app_pem3.oem3 (.text:ti_sysbios_rom_cortexm_cc13xx_CC13xx_badRomRevision__E)
                  000151b4    00000048     board_lcd.obj (.text:Board_Lcd_writeStringValue)
                  000151fc    00000048     csf.obj (.text:Csf_getNumDeviceListEntries)
                  00015244    00000048     drivers_cc13x0.aem3 : PINCC26XX.oem3 (.text:PIN_setOutputEnable)
                  0001528c    00000048     util_timer.obj (.text:Timer_construct)
                  000152d4    00000048     util.obj (.text:Util_itoa)
                  0001531c    00000048     csf.obj (.text:getNumBlackListEntries$36)
                  00015364    00000048     maclib_secure.a : mac_beacon_device.obj (.text:macBeaconStartFrameResponseTimer)
                  000153ac    00000048                     : mac_coord.obj (.text:macRxAssociateReq)
                  000153f4    00000048                     : mac.obj (.text:macSetupFsCmd)
                  0001543c    00000048     drivers_cc13x0.aem3 : UARTCC26XX.oem3 (.text:writeFinishedDoCallback)
                  00015484    00000046     maclib_secure.a : fh_dh1cf.obj (.text:FHDH1CF_getCh)
                  000154ca    00000046                     : fh_ie.obj (.text:FHIE_getCommonInformationLen)
                  00015510    00000044                     : fh_api.obj (.text:FHAPI_getRemDT)
                  00015554    00000044                     : mac_pib.obj (.text:MAC_MlmeGetReq)
                  00015598    00000044     drivers_cc13x0.aem3 : RingBuf.oem3 (.text:RingBuf_put)
                  000155dc    00000044     boot.aem3 : boot.oem3 (.text)
                  00015620    00000044     nvocop.obj (.text:erasePage$29)
                  00015664    00000044     maclib_secure.a : mac.obj (.text:macSetupReceiveCmd)
                  000156a8    00000044                     : mac.obj (.text:macStopCmd)
                  000156ec    00000044                     : mac_main.obj (.text:mac_msg_deallocate)
                  00015730    00000044     rom_sysbios.aem3 : rom_sysbios.obj (.text:xdc_runtime_Text_xprintf__I)
                  00015774    00000042     api_mac.obj (.text:copyMacPanDescToApiMacPanDesc$32)
                  000157b6    00000002     rom_sysbios.aem3 : rom_sysbios.obj (.text:xdc_runtime_SysCallback_defaultAbort)
                  000157b8    00000040     maclib_secure.a : fh_dh1cf.obj (.text:FHDH1CF_hashword)
                  000157f8    00000040                     : fh_nt.obj (.text:FHNT_delTempIndex)
                  00015838    00000040                     : fh_util.obj (.text:FHUTIL_getCurUfsi)
                  00015878    00000040     hal_trng_wrapper.obj (.text:HalTRNG_GetTRNG)
                  000158b8    00000040     osal.obj (.text:ICall_setTimer$19)
                  000158f8    00000040     maclib_secure.a : mac_symbol_timer.obj (.text:ICall_setTimer$84)
                  00015938    00000040                     : mac_tx.obj (.text:ICall_setTimer$85)
                  00015978    00000040     driverlib.lib : chipinfo.obj (.text:NOROM_ChipInfo_GetHwRevision)
                  000159b8    00000040     nvocop.obj (.text:NVOCOP_initNV)
                  000159f8    00000040     drivers_cc13x0.aem3 : PINCC26XX.oem3 (.text:PIN_swi)
                  00015a38    00000040                         : UART.oem3 (.text:UART_init)
                  00015a78    00000040                         : UART.oem3 (.text:UART_open)
                  00015ab8    00000040     rtsv7M3_T_le_eabi.lib : u_divt2.asm.obj (.text)
                  00015af8    00000040     rom_sysbios.aem3 : rom_sysbios.obj (.text:ti_sysbios_family_arm_cc26xx_Timer_setThreshold__I)
                  00015b38    0000003e     dpl_cc13x0.aem3 : HwiP_tirtos.oem3 (.text:HwiP_construct)
                  00015b76    0000003e     drivers_cc13x0.aem3 : RingBuf.oem3 (.text:RingBuf_get)
                  00015bb4    0000003c     maclib_secure.a : fh_mgr.obj (.text:FHMGR_updateHopping)
                  00015bf0    0000003c     icall_cc2650.obj (.text:ICallPlatform_pwrConfigACAction)
                  00015c2c    0000003c     api_mac.obj (.text:ICall_sendServiceMsg$32)
                  00015c68    0000003c     osal.obj (.text:ICall_setTimerMSecs$19)
                  00015ca4    0000003c     driverlib.lib : osc.obj (.text:NOROM_OSC_HPOSCRelativeFrequencyOffsetGet)
                  00015ce0    0000003c                   : rfc.obj (.text:NOROM_RFCSynthPowerDown)
                  00015d1c    0000003c     nvocop.obj (.text:NVOCOP_compactNV)
                  00015d58    0000003c     drivers_cc13x0.aem3 : PowerCC26XX.oem3 (.text:PowerCC26XX_isStableXOSC_HF)
                  00015d94    0000003c     rf_multiMode_cc13x0.aem3 : RFCC26XX_multiMode.oem3 (.text:RF_cmdGet)
                  00015dd0    0000003c     dpl_cc13x0.aem3 : SwiP_tirtos.oem3 (.text:SwiP_construct)
                  00015e0c    0000003c     collector.obj (.text:cllcDeviceJoiningCB$35)
                  00015e48    0000003c     drivers_cc13x0.aem3 : PowerCC26XX.oem3 (.text:disableLfClkQualifiersEnableClkLoss)
                  00015e84    0000003c     maclib_secure.a : mac_beacon.obj (.text:macBeaconRequeue)
                  00015ec0    0000003c                     : mac_hl_patch.obj (.text:macCheckPhyRate)
                  00015efc    0000003c                     : mac_rx_onoff.obj (.text:macRxDisable)
                  00015f38    0000003c                     : mac_coord.obj (.text:macStartContinue)
                  00015f74    0000003c                     : mac_symbol_timer.obj (.text:macSymbolTimerRealignSubG)
                  00015fb0    0000003c                     : mac_symbol_timer.obj (.text:macSymbolTimerSetTrigger)
                  00015fec    0000003c     osal.obj (.text:osal_msg_extract)
                  00016028    0000003c     rom_sysbios.aem3 : rom_sysbios.obj (.text:ti_sysbios_family_arm_m3_Hwi_construct2__E)
                  00016064    0000003a     maclib_secure.a : fh_dh1cf.obj (.text:FHDH1CF_getChannelNum)
                  0001609e    00000002     rom_sysbios.aem3 : rom_sysbios.obj (.text:xdc_runtime_SysCallback_defaultExit)
                  000160a0    00000038     collector.obj (.text:Collector_sendToggleLedRequest)
                  000160d8    00000038     maclib_secure.a : fh_api.obj (.text:FHAPI_stopAsync)
                  00016110    00000038     hal_trng_wrapper.obj (.text:HalTRNG_InitTRNG)
                  00016148    00000038     macstack.obj (.text:ICall_enrollService$26)
                  00016180    00000038     nvocop.obj (.text:NVOCOP_readItem)
                  000161b8    00000038     drivers_cc13x0.aem3 : PINCC26XX.oem3 (.text:PIN_setOutputValue)
                  000161f0    00000038     rf_multiMode_cc13x0.aem3 : RFCC26XX_multiMode.oem3 (.text:RF_checkCmdFsError)
                  00016228    00000038                              : RFCC26XX_multiMode.oem3 (.text:RF_ieeeRequestFgCommand)
                  00016260    00000038     board_key.obj (.text:board_key_keyFxn$5)
                  00016298    00000038     collector.obj (.text:findDevice$35)
                  000162d0    00000038     maclib_secure.a : mac.obj (.text:macSetUserConfig)
                  00016308    00000038                     : mac_symbol_timer.obj (.text:macSymbolTimerCount)
                  00016340    00000038     osal.obj (.text:osal_msg_dequeue)
                  00016378    00000038     drivers_cc13x0.aem3 : UARTCC26XX.oem3 (.text:readData)
                  000163b0    00000038     rom_sysbios.aem3 : rom_sysbios.obj (.text:ti_sysbios_family_arm_cc26xx_Timer_getCurrentTick__E)
                  000163e8    00000038     drivers_cc13x0.aem3 : UARTCC26XX.oem3 (.text:writeData)
                  00016420    00000036     maclib_secure.a : fh_ie.obj (.text:FHIE_getPie)
                  00016456    00000002     --HOLE-- [fill = 0]
                  00016458    00000034     osal.obj (.text:ICall_send$19)
                  0001648c    00000034     maclib_secure.a : fh_mgr.obj (.text:ICall_setTimer$56)
                  000164c0    00000034     driverlib.lib : ddi.obj (.text:NOROM_DDI32RegWrite)
                  000164f4    00000034                   : osc.obj (.text:NOROM_OSCHF_SwitchToRcOscTurnOffXosc)
                  00016528    00000034     drivers_cc13x0.aem3 : PINCC26XX.oem3 (.text:PIN_setConfig)
                  0001655c    00000034                         : PowerCC26XX.oem3 (.text:Power_releaseConstraint)
                  00016590    00000034     rf_multiMode_cc13x0.aem3 : RFCC26XX_multiMode.oem3 (.text:RF_powerConstraintRelease)
                  000165c4    00000034                              : RFCC26XX_multiMode.oem3 (.text:RF_runDirectImmediateCmd)
                  000165f8    00000034     nvocop.obj (.text:disableCache$29)
                  0001662c    00000034     maclib_secure.a : mac_beacon_device.obj (.text:macBeaconStopTrack)
                  00016660    00000034                     : mac_data.obj (.text:macDataRxInd)
                  00016694    00000034                     : mac_beacon_coord.obj (.text:macStartBeaconPrepareCallback)
                  000166c8    00000034                     : mac_beacon_device.obj (.text:macStartBroadcastPendTimer)
                  000166fc    00000034                     : mac_timer.obj (.text:macTimerRecalcUnaligned)
                  00016730    00000034                     : mac_tx.obj (.text:macTxDecrypt)
                  00016764    00000034                     : mac_tx.obj (.text:macTxUpdateIE)
                  00016798    00000034     drivers_cc13x0.aem3 : PowerCC26XX.oem3 (.text:notify)
                  000167cc    00000034     osal.obj (.text:osal_msg_enqueue)
                  00016800    00000034     csf.obj (.text:saveNumDeviceListEntries$36)
                  00016834    00000034     rom_sysbios.aem3 : rom_sysbios.obj (.text:ti_sysbios_family_arm_cc26xx_Timer_initDevice__I)
                  00016868    00000034                      : rom_sysbios.obj (.text:ti_sysbios_knl_Swi_setPri__E)
                  0001689c    00000032     maclib_secure.a : fh_ie.obj (.text:FHIE_getHie)
                  000168ce    00000032     icall_cc2650.obj (.text:ICallPlatform_pwrNotify$1)
                  00016900    00000032     maclib_secure.a : mac_scan.obj (.text:macScanCnfInit)
                  00016932    00000032     rom_sysbios.aem3 : rom_sysbios.obj (.text:ti_sysbios_family_arm_cc26xx_Timer_setNextTick__E)
                  00016964    00000030     csf.obj (.text:Csf_setConfigClock)
                  00016994    00000030     csf.obj (.text:Csf_setTrackingClock)
                  000169c4    00000030     maclib_secure.a : fh_api.obj (.text:FHAPI_SFDRxCb)
                  000169f4    00000030                     : fh_sm.obj (.text:FSM_transaction_debug)
                  00016a24    00000030     hal_flash_wrapper.obj (.text:HalFlashRead)
                  00016a54    00000030     icall_cc2650.obj (.text:ICallPlatform_pwrRegisterNotify)
                  00016a84    00000030     driverlib.lib : crypto.obj (.text:NOROM_CRYPTOAesEcbStatus)
                  00016ab4    00000030                   : crypto.obj (.text:NOROM_CRYPTOCcmAuthEncryptStatus)
                  00016ae4    00000030                   : crypto.obj (.text:NOROM_CRYPTOCcmInvAuthDecryptStatus)
                  00016b14    00000030                   : chipinfo.obj (.text:NOROM_ChipInfo_GetChipType)
                  00016b44    00000030                   : setup_rom.obj (.text:NOROM_SetupSetAonRtcSubSecInc)
                  00016b74    00000030     drivers_cc13x0.aem3 : PowerCC26XX.oem3 (.text:Power_setConstraint)
                  00016ba4    00000030     rf_multiMode_cc13x0.aem3 : RFCC26XX_multiMode.oem3 (.text:RF_queueEnd)
                  00016bd4    00000030     collector.obj (.text:cllcStateChangedCB$35)
                  00016c04    00000030     collector.obj (.text:getMsduHandle$35)
                  00016c34    00000030     maclib_secure.a : mac_mgmt.obj (.text:macBcTimerHandler)
                  00016c64    00000030                     : mac_pib.obj (.text:macMRFSKGetPhyDesc)
                  00016c94    00000030                     : mac_coord.obj (.text:macRxOrphan)
                  00016cc4    00000030                     : mac_symbol_timer.obj (.text:macSymbolTimerICallTimerCback$84)
                  00016cf4    00000030                     : mac_timer.obj (.text:macTimerSetRollover)
                  00016d24    00000030     osal.obj (.text:osal_alien2proxy)
                  00016d54    00000030     drivers_cc13x0.aem3 : UARTCC26XX.oem3 (.text:readData2RingBuf)
                  00016d84    00000030     app_pem3.oem3 (.text:ti_sysbios_BIOS_atExitFunc__I)
                  00016db4    00000030     app_pem3.oem3 (.text:ti_sysbios_BIOS_startFunc__I)
                  00016de4    0000002e     csf.obj (.text:Csf_getDeviceShort)
                  00016e12    0000002e     icall_cc2650.obj (.text:ICallPlatform_pwrDispenseImpl$1)
                  00016e40    0000002e     icall_cc2650.obj (.text:ICallPlatform_pwrRequireImpl$1)
                  00016e6e    0000002e     drivers_cc13x0.aem3 : CryptoCC26XX.oem3 (.text:cryptoTransactionPend)
                  00016e9c    0000002c     CC13X0_LAUNCHXL.obj (.text:CC1350_LAUNCHXL_rfDriverCallback$3)
                  00016ec8    0000002c     maclib_secure.a : fh_ie.obj (.text:FHIE_getExcludedChannelControl)
                  00016ef4    0000002c     driverlib.lib : osc.obj (.text:NOROM_OSCClockSourceGet)
                  00016f20    0000002c                   : rfc.obj (.text:NOROM_RFCCpePatchReset)
                  00016f4c    0000002c     drivers_cc13x0.aem3 : PINCC26XX.oem3 (.text:PINCC26XX_setMux)
                  00016f78    0000002c     rf_multiMode_cc13x0.aem3 : RFCC26XX_multiMode.oem3 (.text:RF_calculateDeltaTimeUs)
                  00016fa4    0000002c                              : RFCC26XX_multiMode.oem3 (.text:RF_executeDirectImmediateCmd)
                  00016fd0    0000002c     dpl_cc13x0.aem3 : SemaphoreP_tirtos.oem3 (.text:SemaphoreP_constructBinary)
                  00016ffc    0000002c     uart_printf.obj (.text:UartPrintf_putch)
                  00017028    0000002c     collector.obj (.text:findDeviceStatusBit$35)
                  00017054    0000002c     nvocop.obj (.text:findOffset$29)
                  00017080    0000002c     maclib_secure.a : mac_beacon.obj (.text:macBeaconInit)
                  000170ac    0000002c                     : mac_pib.obj (.text:macPibReset)
                  000170d8    0000002c                     : mac_radio.obj (.text:macRadioSetPanCoordinator)
                  00017104    0000002c     osal.obj (.text:osal_msec_timer_cback$19)
                  00017130    0000002c     saddr.obj (.text:sAddrCmp)
                  0001715c    0000002c     rom_sysbios.aem3 : rom_sysbios.obj (.text:ti_sysbios_knl_Clock_getTicksUntilInterrupt__E)
                  00017188    0000002b                      : rom_sysbios.obj (.text:xdc_runtime_Text_printVisFxn__I)
                  000171b3    00000001     --HOLE-- [fill = 0]
                  000171b4    0000002a                      : rom_sysbios.obj (.text:ti_sysbios_knl_Clock_getTimeout__E)
                  000171de    0000002a                      : rom_sysbios.obj (.text:xdc_runtime_System_putchar__I)
                  00017208    00000028     drivers_cc13x0.aem3 : CryptoCC26XX.oem3 (.text:CryptoCC26XX_releaseKey)
                  00017230    00000028     maclib_secure.a : fh_mgr.obj (.text:FHMGR_macCancelFHTimer)
                  00017258    00000028     csf.obj (.text:ICall_malloc$36)
                  00017280    00000028     maclib_secure.a : mac_security_pib.obj (.text:MAC_MlmeGetPointerSecurityReq)
                  000172a8    00000028     driverlib.lib : aon_batmon.obj (.text:NOROM_AONBatMonTemperatureGetDegC)
                  000172d0    00000028                   : rfc.obj (.text:NOROM_RFCDoorbellSendTo)
                  000172f8    00000028     drivers_cc13x0.aem3 : PowerCC26XX.oem3 (.text:Power_registerNotify)
                  00017320    00000028     rf_multiMode_cc13x0.aem3 : RFCC26XX_multiMode.oem3 (.text:RF_getTxPower)
                  00017348    00000028     driverlib.lib : adi.obj (.text:SafeHapiVoid)
                  00017370    00000028     board_led.obj (.text:board_led_anyBlinking$7)
                  00017398    00000028     nvocop.obj (.text:findItem$29)
                  000173c0    00000028     maclib_secure.a : mac_mgmt.obj (.text:macApiPending)
                  000173e8    00000028                     : mac_beacon.obj (.text:macBeaconCheckSched)
                  00017410    00000028                     : mac_beacon_coord.obj (.text:macBeaconSetPrepareTime)
                  00017438    00000028                     : mac_mgmt.obj (.text:macCoordAddrCmp)
                  00017460    00000028                     : mac_mgmt.obj (.text:macGetCoordAddress)
                  00017488    00000028                     : mac_radio.obj (.text:macRadioStopScan)
                  000174b0    00000028                     : mac_rx_onoff.obj (.text:macRxHardDisable)
                  000174d8    00000028                     : mac_coord.obj (.text:macStartComplete)
                  00017500    00000028                     : mac_tx.obj (.text:macTxRequestCsmaRtcDelay)
                  00017528    00000028     osal_memory_icall.obj (.text:osal_mem_alloc)
                  00017550    00000028     osal_timers.obj (.text:osal_next_timeout)
                  00017578    00000028     collector.obj (.text:processConfigRetry$35)
                  000175a0    00000026     maclib_secure.a : fh_util.obj (.text:FHUTIL_getMaxChannels)
                  000175c6    00000026                     : fh_util.obj (.text:FHUTIL_getTxUfsi)
                  000175ec    00000026                     : mac_radio.obj (.text:radioComputeED$79)
                  00017612    00000026     rom_sysbios.aem3 : rom_sysbios.obj (.text:xdc_runtime_System_vprintf__E)
                  00017638    00000024     drivers_cc13x0.aem3 : CryptoCC26XX.oem3 (.text:CryptoCC26XX_hwiIntFxn)
                  0001765c    00000024     maclib_secure.a : fh_api.obj (.text:FHAPI_getTxChHoppingFunc)
                  00017680    00000024                     : fh_pib.obj (.text:FHPIB_getLen)
                  000176a4    00000024     osal_pwrmgr.obj (.text:ICall_pwrUpdActivityCounter$23)
                  000176c8    00000024     drivers_cc13x0.aem3 : List.oem3 (.text:List_remove)
                  000176ec    00000024     rf_multiMode_cc13x0.aem3 : RFCC26XX_multiMode.oem3 (.text:RF_cmdAlloc)
                  00017710    00000024                              : RFCC26XX_multiMode.oem3 (.text:RF_invokeGlobalCallback)
                  00017734    00000024     maclib_secure.a : mac_beacon.obj (.text:macBeaconReset)
                  00017758    00000024                     : mac_radio.obj (.text:macGetRadioState)
                  0001777c    00000024                     : mac_radio_tx.obj (.text:macRadioTxRequestTxAck)
                  000177a0    00000024                     : mac_rx_onoff.obj (.text:macRxSoftDisable)
                  000177c4    00000024                     : mac_timer.obj (.text:macTimerAligned)
                  000177e8    00000024     rtsv7M3_T_le_eabi.lib : memcmp.c.obj (.text:memcmp)
                  0001780c    00000024     osal.obj (.text:osal_msg_allocate)
                  00017830    00000024     cllc.obj (.text:startCnfCb$34)
                  00017854    00000024     app_pem3.oem3 (.text:ti_sysbios_BIOS_registerRTSLock__I)
                  00017878    00000024     app_pem3.oem3 (.text:ti_sysbios_BIOS_removeRTSLock__I)
                  0001789c    00000024     rom_sysbios.aem3 : rom_sysbios.obj (.text:ti_sysbios_family_arm_cc26xx_Timer_getMaxTicks__E)
                  000178c0    00000022     drivers_cc13x0.aem3 : List.oem3 (.text:List_get)
                  000178e2    00000022                         : List.oem3 (.text:List_insert)
                  00017904    00000022                         : List.oem3 (.text:List_put)
                  00017926    00000022                         : List.oem3 (.text:List_putHead)
                  00017948    00000022     collector.obj (.text:pollIndCB$35)
                  0001796a    00000002     --HOLE-- [fill = 0]
                  0001796c    00000020     drivers_cc13x0.aem3 : CryptoCC26XX.oem3 (.text:CryptoCC26XX_init)
                  0001798c    00000020     maclib_secure.a : fh_data.obj (.text:FHDATA_updateCCA)
                  000179ac    00000020                     : fh_util.obj (.text:FHUTIL_updateUcNumChannels)
                  000179cc    00000020     hal_flash_wrapper.obj (.text:HalFlashGetAddress)
                  000179ec    00000020     osal_memory_icall.obj (.text:ICall_free$22)
                  00017a0c    00000020     api_mac.obj (.text:ICall_free$32)
                  00017a2c    00000020     osal.obj (.text:ICall_getTicks$19)
                  00017a4c    00000020     maclib_secure.a : fh_data.obj (.text:ICall_getTicks$55)
                  00017a6c    00000020                     : fh_mgr.obj (.text:ICall_getTicks$56)
                  00017a8c    00000020                     : fh_util.obj (.text:ICall_getTicks$59)
                  00017aac    00000020                     : fh_api.obj (.text:ICall_getTicks$86)
                  00017acc    00000020                     : fh_nt.obj (.text:ICall_getTicks$89)
                  00017aec    00000020     osal.obj (.text:ICall_signal$19)
                  00017b0c    00000020     maclib_secure.a : mac_symbol_timer.obj (.text:ICall_signal$84)
                  00017b2c    00000020                     : mac_pib.obj (.text:MAC_GetPHYParamReq)
                  00017b4c    00000020     driverlib.lib : rfc.obj (.text:NOROM_RFCAdi3VcoLdoVoltageMode)
                  00017b6c    00000020     dpl_cc13x0.aem3 : PowerCC26XX_tirtos.oem3 (.text:PowerCC26XX_schedulerDisable)
                  00017b8c    00000020                     : PowerCC26XX_tirtos.oem3 (.text:PowerCC26XX_schedulerRestore)
                  00017bac    00000020     drivers_cc13x0.aem3 : PowerCC26XX.oem3 (.text:Power_unregisterNotify)
                  00017bcc    00000020     rf_multiMode_cc13x0.aem3 : RFCC26XX_multiMode.oem3 (.text:RF_clkPowerUp)
                  00017bec    00000020                              : RFCC26XX_multiMode.oem3 (.text:RF_hwiCpe0ChangePhy)
                  00017c0c    00000020                              : RFCC26XX_multiMode.oem3 (.text:RF_ratIsRunning)
                  00017c2c    00000020     maclib_secure.a : mac_beacon_coord.obj (.text:macBeaconCoordReset)
                  00017c4c    00000020                     : mac_data.obj (.text:macDataRxMemAlloc)
                  00017c6c    00000020                     : mac_data.obj (.text:macDataSend)
                  00017c8c    00000020                     : mac_radio.obj (.text:macRadioSwInit)
                  00017cac    00000020                     : mac_coord.obj (.text:macRxBeaconReq)
                  00017ccc    00000020                     : mac_rx_onoff.obj (.text:macRxOff)
                  00017cec    00000020                     : mac_rx_onoff.obj (.text:macRxSoftEnable)
                  00017d0c    00000020     osal.obj (.text:osal_memcmp)
                  00017d2c    00000020     osal.obj (.text:osal_msg_push)
                  00017d4c    00000020     app_pem3.oem3 (.text:ti_sysbios_BIOS_rtsLock__I)
                  00017d6c    00000020     rom_sysbios.aem3 : rom_sysbios.obj (.text:ti_sysbios_family_arm_cc26xx_Timer_dynamicStub__E)
                  00017d8c    00000020                      : rom_sysbios.obj (.text:ti_sysbios_knl_Clock_stop__E)
                  00017dac    00000020                      : rom_sysbios.obj (.text:xdc_runtime_Registry_findById__E)
[...]
20000178  ti_sysbios_knl_Clock_Module__state__V                                     
200001a4  ti_sysbios_BIOS_Module__state__V                                          
200001c8  ti_sysbios_knl_Swi_Module__state__V                                       
200001e4  ti_sysbios_family_arm_cc26xx_Timer_Module__state__V                       
200001ec  ti_sysbios_family_arm_cc26xx_TimestampProvider_Module__state__V           
200001f0  xdc_runtime_Startup_Module__state__V                                      
200001f8  xdc_runtime_System_Module__state__V                                       
20000200  xdc_runtime_Memory_Module__state__V                                       
20000208  macTaskId                                                                 
20000209  macMgmt                                                                   
2000020a  macPanCoordinator                                                         
2000020b  csmPhy                                                                    
2000020c  pMacDataTx                                                                
20000210  macDataTxIndirect                                                         
20000214  macDataRequeueIndirect                                                    
20000218  macDataRxBeaconCritical                                                   
2000021c  macDataTxBeaconComplete                                                   
20000220  macDataSetSched                                                           
20000224  macDataCheckSched                                                         
20000228  macDataCheckTxTime                                                        
2000022c  macDataBeaconRequeue                                                      
20000230  timerUnalignedQ                                                           
20000234  timerAlignedQ                                                             
20000238  macTimerRollover                                                          
2000023c  macTimerNewRollover                                                       
20000240  macTimerActive                                                            
20000244  Crypto_handle                                                             
20000248  macCryptoDrvTblPtr                                                        
2000024c  macBeaconCoordAction1                                                     
20000254  macCoordAction1                                                           
2000025c  macMain                                                                   
20000268  macBeaconDeviceAction                                                     
20000278  macCoordAction3                                                           
20000288  macData                                                                   
20000298  macDataTxDelay                                                            
200002a8  macDeviceAction2                                                          
200002bc  macStateTbl                                                               
200002d0  macMgmtAction2                                                            
200002e4  macScanAction                                                             
200002fc  macCoordAction2                                                           
20000318  macReset                                                                  
20000334  macBeaconMargin                                                           
20000354  macBeacon                                                                 
20000374  macActionSet                                                              
20000398  macMgmtAction1                                                            
200003c0  macCoord                                                                  
200003ec  macDevice                                                                 
20000418  macBeaconDevice                                                           
2000044c  macBeaconPayload                                                          
20000480  macDeviceAction1                                                          
200004b8  macBeaconCoord                                                            
200004f4  macSecurityPib                                                            
20000534  macScan                                                                   
20000588  fhObject                                                                  
200005f4  macPib                                                                    
2000067c  macMRFSKGenPhyTable                                                       
2000071c  enhancedAckBuf                                                            
20000818  Main_assertReason                                                         
2000081c  uartParams                                                                
20000840  macUser0Cfg                                                               
20000870  myTask                                                                    
200008c0  Main_user1Cfg                                                             
2000091c  myTaskStack                                                               
20000ce0  hUart                                                                     
200010e6  Cllc_events                                                               
20001128  Cllc_statistics                                                           
20001184  Cllc_associatedDevList                                                    
200013dc  macAddrSize                                                               
200013e0  FHNT_Dbg                                                                  
200013e8  FH_txTiming                                                               
200013f0  FHNT_tempTable                                                            
200013f8  FH_FSM                                                                    
20001404  FHNT_hnd                                                                  
2000143c  FHFSM_Dbg                                                                 
20001480  FHIE_channelPlan                                                          
200014d4  FHNT_tableOpt                                                             
20001550  FH_hnd                                                                    
200015d8  FHPIB_db                                                                  
20001666  Csf_keys                                                                  
20001667  savedCllcState                                                            
20001668  Csf_events                                                                
20001790  pinUpperBound                                                             
20001794  pinLowerBound                                                             
20001828  pinHandleTable                                                            
200018a4  PowerCC26XX_module                                                        
200019b8  RF_cmdNop                                                                 
200019c8  RF_cmdFs                                                                  
200019e0  RF_cmdPropCs                                                              
200019fc  RF_cmdPropCsSlotted                                                       
20001a18  RF_cmdPropTxAdv                                                           
20001a38  RF_cmdPropRadioDivSetup                                                   
20001a60  RF_cmdPropRxAdv                                                           
20001a94  Collector_events                                                          
20001aa8  Collector_statistics                                                      
20001ae4  Collector_macCallbacks                                                    
20001b30  ICall_enterCriticalSection                                                
20001b34  ICall_leaveCriticalSection                                                
20001b4c  HEAPMGR_SIZE                                                              
20001b50  ICall_dispatcher                                                          
20001c18  macReqAccessTimeCnt                                                       
20001c19  reqAccessAlloc                                                            
20001c1c  rxCmdHandle                                                               
20001c1e  fsCmdHandle                                                               
20001c24  lastPostCmd                                                               
20001c28  macSfdDetectCback                                                         
20001c30  macTxTimestamp                                                            
20001c34  pMacRadioConfig                                                           
20001c38  macRfDrvTblPtr                                                            
20001c3c  pRfPropTable                                                              
20001c40  pRfPropTableOld                                                           
20001c44  pMacRfAntSwitchSel                                                        
20001c48  pMacRfAntPwrSel                                                           
20001c58  macRxOutputSubG                                                           
20001c64  macFrmFilter                                                              
20001c78  ti_sysbios_knl_Task_Object__table__V                                      
20001d0c  macTxSlottedDelay                                                         
20001d0d  macUnitBackoffPeriod                                                      
20001d0e  rxFhRsl                                                                   
20001d0f  macPhyChannel                                                             
20001d10  ti_sysbios_family_arm_cc26xx_Timer_Object__table__V                       
20001d9c  ti_sysbios_gates_GateMutex_Object__table__V                               
20001ddc  RF_handle                                                                 
20001de0  macPhyTxPower                                                             
20001dec  RF_params                                                                 
20001e09  osal_entity                                                               
20001e10  osal_qHead                                                                
20001e14  osal_eventloop_hook                                                       
20001e18  osal_icallMsg_hook                                                        
20001e1c  osal_semaphore                                                            
20001e20  osal_last_timestamp                                                       
20001e24  osal_tickperiod                                                           
20001e28  osal_max_msecs                                                            
20001e38  txCmdHandle                                                               
20001e3c  pMacEnhancedAck                                                           
20001e40  macRadioAckFrame                                                          
20001e48  macAckTimer                                                               
20001e68  ti_sysbios_knl_Swi_Module_State_0_readyQ__A                               
20001e98  ti_sysbios_knl_Swi_Object__table__V                                       
20001ec8  ti_sysbios_knl_Task_Module_State_0_readyQ__A                              
20001ef8  macTxSlottedDelayFactor                                                   
20001ef9  macTxType                                                                 
20001efa  macTxBe                                                                   
20001efb  txAckReq                                                                  
20001f00  macTxCsmaBackoffDelay                                                     
20001f04  macCsmaRtcTimerId                                                         
20001f08  macAckDbg                                                                 
20001f3c  ti_sysbios_knl_Clock_Object__table__V                                     
20001f5c  xdc_runtime_Error_IgnoreBlock                                             
20001f98  macSpecUsecsPerSymbol                                                     
20001f9c  macPrevPeriodRatCount                                                     
20001fa0  macSymbolTimerRollover                                                    
20001fa4  macSymbolTimerTrigger                                                     
20001fb0  ti_sysbios_family_arm_m3_Hwi_Object__table__V                             
20001fc8  ti_sysbios_heaps_HeapMem_Object__table__V                                 
20001fe0  ApiMac_appEntity                                                          
20001fec  ApiMac_extAddr                                                            
20001ff4  macCfg                                                                    
20002004  rfPatchTable                                                              
20002014  lastRatChanA                                                              
20002015  lastRatChanB                                                              
20002016  macRxCmdActive                                                            
20002017  macTxCmdActive                                                            
20002018  macFsCmdActive                                                            
2000201a  macReqAccessCnt                                                           
2000201c  macReqAccErrCnt                                                           
2000201e  numRfCmd                                                                  
2000201f  numRxCmd                                                                  
20002020  numRxPostCmd                                                              
20002021  bInSwi                                                                    
20002022  macRadioYielded                                                           
20002024  AppTaskId                                                                 
20002028  pMacCbackQueryRetransmit                                                  
2000202c  pMacCbackCheckPending                                                     
20002030  RFCC26XX_hwAttrs                                                          
20002040  OSAL_timeSeconds                                                          
20002048  sector_addr                                                               
20002054  _lock                                                                     
20002058  _unlock                                                                   
2000205c  pOverridesTable                                                           
20002064  ti_sysbios_family_arm_m3_Hwi_Module__root__V                              
2000206c  ti_sysbios_gates_GateHwi_Module__root__V                                  
20002074  ti_sysbios_gates_GateMutex_Module__root__V                                
2000207c  ti_sysbios_hal_Hwi_Module__root__V                                        
20002084  ti_sysbios_heaps_HeapMem_Module__root__V                                  
2000208c  ti_sysbios_knl_Clock_Module__root__V                                      
20002094  ti_sysbios_knl_Mailbox_Module__root__V                                    
2000209c  ti_sysbios_knl_Queue_Module__root__V                                      
200020a4  ti_sysbios_knl_Semaphore_Module__root__V                                  
200020ac  ti_sysbios_knl_Swi_Module__root__V                                        
200020b4  ti_sysbios_knl_Task_Module__root__V                                       
200020bc  xdc_runtime_Registry_Module__state__V                                     
200020c4  pwrmgr_initialized                                                        
200020c6  pwrmgr_attribute                                                          
200020cc  main_func_sp                                                              
200020d0  ti_sysbios_family_arm_m3_Hwi_Module_State_0_excContext__A                 
200020d4  ti_sysbios_family_arm_m3_Hwi_Module_State_0_excStack__A                   
200020d8  ti_sysbios_knl_Task_Module_State_0_idleTask__A                            
200020dc  ti_sysbios_family_arm_m3_Hwi_Module_State_0_excActive__A                  
200020e0  ti_sysbios_heaps_HeapMem_Instance_State_0_buf__A                          
20002b18  ti_sysbios_knl_Task_Instance_State_0_stack__A                             
20002d18  uartCC26XXObjects                                                         
20002f08  ti_sysbios_family_arm_m3_Hwi_dispatchTable                                
20002fd0  cryptoCC26XXObjects                                                       
20003050  macRxFilter                                                               
20003051  rxPromiscuousMode                                                         
2000305c  macRxDataEntryOffset                                                      
20003064  rxRadioBufferPtr                                                          
20003070  macRxDataEntryQueue                                                       
200030a0  uartCC26XXRingBuffer                                                      
200030f8  PowerCC26XX_taskKey                                                       
200030fc  PowerCC26XX_swiKey                                                        
20003100  timerHead                                                                 
20003114  ClockP_tickPeriod                                                         
20003118  macTasksEvents                                                            
20003121  driverlib_release_0_52354                                                 
20003122  macPwr                                                                    
20003123  macRxActive                                                               
20003124  macRxEnableFlags                                                          
20003125  macRxOutgoingAckFlag                                                      
20003126  macSymbolTimerImpending                                                   
20003127  macTxActive                                                               
20003128  heapStart                                                                 
20004b00  __stack                                                                   
20004b00  heapEnd                                                                   
20005000  __STACK_END                                                               
20005000  __STACK_TOP                                                               
e000e000  ti_sysbios_family_arm_m3_Hwi_nvic                                         
ffffffff  __TI_pprof_out_hndl                                                       
ffffffff  __TI_prof_data_size                                                       
ffffffff  __TI_prof_data_start                                                      
ffffffff  __binit__                                                                 
ffffffff  __c_args__                                                                
ffffffff  binit                                                                     
UNDEFED   SHT$$INIT_ARRAY$$Base                                                     
UNDEFED   SHT$$INIT_ARRAY$$Limit                                                    

[1477 symbols]
