******************************************************************************
                  TI ARM Linker PC v18.1.3                     
******************************************************************************
>> Linked Wed Nov  7 13:34:13 2018

OUTPUT FILE NAME:   <TutorialLab5.out>
ENTRY POINT SYMBOL: "_c_int00"  address: 00003089


MEMORY CONFIGURATION

         name            origin    length      used     unused   attr    fill
----------------------  --------  ---------  --------  --------  ----  --------
  FLASH                 00000000   00040000  0000621b  00039de5  R  X
  SRAM                  20000000   00008000  00001218  00006de8  RW X


SEGMENT ALLOCATION MAP

run origin  load origin   length   init length attrs members
----------  ----------- ---------- ----------- ----- -------
00000000    00000000    00006228   00006228    r-x
  00000000    00000000    0000003c   0000003c    r-- .resetVecs
  00000040    00000040    00004662   00004662    r-x .text
  000046a4    000046a4    000019ad   000019ad    r-- .const
  00006058    00006058    000001d0   000001d0    r-- .cinit
20000000    20000000    00001218   00000000    rw-
  20000000    20000000    00000360   00000000    rw- .vecs
  20000360    20000360    00000708   00000000    rw- .bss
  20000a68    20000a68    00000400   00000000    rw- .stack
  20000e68    20000e68    000003b0   00000000    rw- .data


SECTION ALLOCATION MAP

 output                                  attributes/
section   page    origin      length       input sections
--------  ----  ----------  ----------   ----------------
.text      0    00000040    00004662     
                  00000040    00000430     sysbios.aem4f : BIOS.obj (.text:ti_sysbios_family_arm_m3_Hwi_excDumpRegs__I)
                  00000470    0000034c     ti.targets.arm.rtsarm.aem4f : System.oem4f (.text:xdc_runtime_System_doPrint__I)
                  000007bc    00000004     rtsv7M4_T_le_v4SPD16_eabi.lib : exit.c.obj (.text:abort:abort)
                  000007c0    000002b8     sysbios.aem4f : BIOS.obj (.text:ti_sysbios_knl_Semaphore_pend__E)
                  00000a78    000001fc                   : BIOS.obj (.text:ti_sysbios_family_arm_m3_Hwi_excHandlerMax__I)
                  00000c74    00000004     empty_pem4f.oem4f (.text:malloc)
                  00000c78    00000174     sysbios.aem4f : BIOS.obj (.text:ti_sysbios_family_arm_m3_Hwi_excBusFault__I)
                  00000dec    00000004     empty_pem4f.oem4f (.text:ti_sysbios_BIOS_RtsGateProxy_enter__E)
                  00000df0    00000164     sysbios.aem4f : BIOS.obj (.text:ti_sysbios_family_arm_m3_Hwi_excUsageFault__I)
                  00000f54    00000004     empty_pem4f.oem4f (.text:ti_sysbios_BIOS_RtsGateProxy_leave__E)
                  00000f58    00000148     sysbios.aem4f : BIOS.obj (.text:ti_sysbios_family_arm_m3_Hwi_excMemFault__I)
                  000010a0    00000144     ti.targets.arm.rtsarm.aem4f : HeapStd.oem4f (.text:xdc_runtime_HeapStd_alloc__E)
                  000011e4    00000132     driverlib.lib : gpio.obj (.text:GPIOPadConfigSet)
                  00001316    00000002     rtsv7M4_T_le_v4SPD16_eabi.lib : _lock.c.obj (.text:_nop)
                  00001318    00000118     ti.targets.arm.rtsarm.aem4f : Error.oem4f (.text:xdc_runtime_Error_policyDefault__E)
                  00001430    00000110     driverlib.lib : sysctl.obj (.text:SysCtlClockGet)
                  00001540    00000108     sysbios.aem4f : BIOS.obj (.text:ti_sysbios_family_arm_lm4_Timer_start__E)
                  00001648    00000100     Boot.aem4f : Boot_sysctl.oem4f (.text:ti_catalog_arm_cortexm4_tiva_ce_Boot_sysCtlClockSetI__I)
                  00001748    00000100     ti.targets.arm.rtsarm.aem4f : Core-mem.oem4f (.text:xdc_runtime_Core_createObject__I)
                  00001848    000000f8                                 : Startup.oem4f (.text:xdc_runtime_Startup_startMods__I)
                  00001940    000000f8     empty_pem4f.oem4f (.text:xdc_runtime_System_printfExtend__I)
                  00001a38    000000f4     driverlib.lib : sysctl.obj (.text:SysCtlClockSet)
                  00001b2c    000000f4     sysbios.aem4f : m3_Hwi_asm.obj (.text:ti_sysbios_family_arm_m3_Hwi_dispatch__I)
                  00001c20    000000ec                   : BIOS.obj (.text:ti_sysbios_knl_Semaphore_post__E)
                  00001d0c    000000cc     ti.targets.arm.rtsarm.aem4f : Core-smem.oem4f (.text:xdc_runtime_Core_constructObject__I)
                  00001dd8    000000cc                                 : HeapStd.oem4f (.text:xdc_runtime_HeapStd_Instance_init__E)
                  00001ea4    00000004     sysbios.aem4f : BIOS.obj (.text:ti_sysbios_family_arm_lm4_Timer_masterEnable__I)
                  00001ea8    000000bc                   : BIOS.obj (.text:ti_sysbios_family_arm_m3_Hwi_excDebugMon__I)
                  00001f64    00000004     empty_pem4f.oem4f (.text:ti_sysbios_family_arm_m3_TaskSupport_Module__startupDone__S)
                  00001f68    000000bc     sysbios.aem4f : BIOS.obj (.text:ti_sysbios_family_arm_m3_Hwi_excHardFault__I)
                  00002024    00000004     empty_pem4f.oem4f (.text:ti_sysbios_knl_Clock_TimerProxy_getMaxTicks__E)
                  00002028    000000b4     sysbios.aem4f : BIOS.obj (.text:ti_sysbios_gates_GateMutex_enter__E)
                  000020dc    00000004     empty_pem4f.oem4f (.text:ti_sysbios_knl_Queue_destruct)
                  000020e0    000000b4     sysbios.aem4f : BIOS.obj (.text:ti_sysbios_knl_Task_checkStacks__E)
                  00002194    00000004     empty_pem4f.oem4f (.text:ti_sysbios_knl_Semaphore_destruct)
                  00002198    000000ac     sysbios.aem4f : BIOS.obj (.text:ti_sysbios_family_arm_lm4_Timer_enableTiva__I)
                  00002244    000000a8     ti.targets.arm.rtsarm.aem4f : HeapStd.oem4f (.text:xdc_runtime_HeapStd_free__E)
                  000022ec    000000a0     auto_init.aem4f : auto_init.oem4f (.text)
                  0000238c    000000a0     ti.targets.arm.rtsarm.aem4f : Text.oem4f (.text:xdc_runtime_Text_putMod__E)
                  0000242c    0000009c     rtsv7M4_T_le_v4SPD16_eabi.lib : memcpy_t2.asm.obj (.text)
                  000024c8    0000009c     sysbios.aem4f : BIOS.obj (.text:ti_sysbios_knl_Semaphore_Instance_init__E)
                  00002564    0000009a     ti.targets.arm.rtsarm.aem4f : Text.oem4f (.text:xdc_runtime_Text_putSite__E)
                  000025fe    00000002     empty_pem4f.oem4f (.text:free)
                  00002600    00000098     Boot.aem4f : Boot.oem4f (.text:ti_catalog_arm_cortexm4_tiva_ce_Boot_sysCtlClockSet__E)
                  00002698    00000094     sysbios.aem4f : BIOS.obj (.text:ti_sysbios_family_arm_m3_Hwi_initNVIC__E)
                  0000272c    00000004     ti.targets.arm.rtsarm.aem4f : Error.oem4f (.text:xdc_runtime_Error_getSite__E)
                  00002730    00000094     sysbios.aem4f : BIOS.obj (.text:ti_sysbios_knl_Task_postInit__I)
                  000027c4    0000008c                   : m3_TaskSupport_asm.obj (.text:ti_sysbios_family_arm_m3_TaskSupport_buildTaskStack)
                  00002850    00000084                   : BIOS.obj (.text:ti_sysbios_family_arm_m3_Hwi_postInit__I)
                  000028d4    0000007a     rtsv7M4_T_le_v4SPD16_eabi.lib : memset_t2.asm.obj (.text)
                  0000294e    00000002                                   : div0.asm.obj (.text)
                  00002950    00000070     sysbios.aem4f : BIOS.obj (.text:ti_sysbios_knl_Clock_workFunc__E)
                  000029c0    00000070                   : BIOS.obj (.text:ti_sysbios_knl_Task_exit__E)
                  00002a30    0000006d     ti.targets.arm.rtsarm.aem4f : System.oem4f (.text:xdc_runtime_System_formatNum__I)
                  00002a9d    00000001     --HOLE-- [fill = 0]
                  00002a9e    00000002     empty_pem4f.oem4f (.text:ti_sysbios_BIOS_nullFunc__I)
                  00002aa0    0000006c     sysbios.aem4f : BIOS.obj (.text:ti_sysbios_knl_Swi_restoreHwi__E)
                  00002b0c    0000006c     ti.targets.arm.rtsarm.aem4f : Error.oem4f (.text:xdc_runtime_Error_print__E)
                  00002b78    0000006c                                 : Memory.oem4f (.text:xdc_runtime_Memory_alloc__E)
                  00002be4    00000068     rtsv7M4_T_le_v4SPD16_eabi.lib : copy_decompress_lzss.c.obj (.text:decompress:lzss:__TI_decompress_lzss)
                  00002c4c    00000068     main.obj (.text:hardware_init)
                  00002cb4    00000066     ti.targets.arm.rtsarm.aem4f : Core-mem.oem4f (.text:xdc_runtime_Core_deleteObject__I)
                  00002d1a    00000006     driverlib.lib : gpio.obj (.text:GPIOPinWrite)
                  00002d20    00000064     sysbios.aem4f : BIOS.obj (.text:ti_sysbios_family_arm_lm4_Timer_Module_startup__E)
                  00002d84    00000004     ti.targets.arm.rtsarm.aem4f : HeapStd.oem4f (.text:xdc_runtime_HeapStd_isBlocking__E)
                  00002d88    00000064     sysbios.aem4f : BIOS.obj (.text:ti_sysbios_family_arm_m3_Hwi_dispatchC__I)
                  00002dec    00000060     driverlib.lib : timer.obj (.text:TimerConfigure)
                  00002e4c    00000004     empty_pem4f.oem4f (.text:xdc_runtime_System_Module_GateProxy_enter__E)
                  00002e50    00000060     sysbios.aem4f : BIOS.obj (.text:ti_sysbios_knl_Task_schedule__I)
                  00002eb0    0000005c                   : BIOS.obj (.text:ti_sysbios_knl_Swi_run__I)
                  00002f0c    00000004     empty_pem4f.oem4f (.text:xdc_runtime_System_Module_GateProxy_leave__E)
                  00002f10    0000005c     sysbios.aem4f : BIOS.obj (.text:ti_sysbios_knl_Swi_schedule__I)
                  00002f6c    00000004     ti.targets.arm.rtsarm.aem4f : System.oem4f (.text:xdc_runtime_System_aprintf_va__F)
                  00002f70    0000005c     sysbios.aem4f : BIOS.obj (.text:ti_sysbios_knl_Task_Module_startup__E)
                  00002fcc    00000004     ti.targets.arm.rtsarm.aem4f : System.oem4f (.text:xdc_runtime_System_printf_va__F)
                  00002fd0    0000005c     sysbios.aem4f : BIOS.obj (.text:ti_sysbios_knl_Task_startCore__E)
                  0000302c    0000005b     ti.targets.arm.rtsarm.aem4f : Text.oem4f (.text:xdc_runtime_Text_putLab__E)
                  00003087    00000001     --HOLE-- [fill = 0]
                  00003088    00000058     boot.aem4f : boot.oem4f (.text)
                  000030e0    00000058     rtsv7M4_T_le_v4SPD16_eabi.lib : hostwrite.c.obj (.text:HOSTwrite)
                  00003138    00000058     sysbios.aem4f : m3_Hwi_asm_switch.obj (.text:ti_sysbios_family_arm_m3_Hwi_initStacks__E)
                  00003190    00000058     empty_pem4f.oem4f (.text:xdc_runtime_HeapStd_Object__create__S)
                  000031e8    00000054     sysbios.aem4f : BIOS.obj (.text:ti_sysbios_family_arm_lm4_Timer_initDevice__I)
                  0000323c    00000054     ti.targets.arm.rtsarm.aem4f : Assert.oem4f (.text:xdc_runtime_Assert_raise__I)
                  00003290    00000050     sysbios.aem4f : BIOS.obj (.text:ti_sysbios_family_arm_m3_Hwi_Module_startup__E)
                  000032e0    00000050     ti.targets.arm.rtsarm.aem4f : Startup.oem4f (.text:xdc_runtime_Startup_exec__E)
                  00003330    00000050                                 : Text.oem4f (.text:xdc_runtime_Text_visitRope2__I)
                  00003380    0000004c     rtsv7M4_T_le_v4SPD16_eabi.lib : cpy_tbl.c.obj (.text:copy_in)
                  000033cc    00000002     empty_pem4f.oem4f (.text:xdc_runtime_Startup_reset__I)
                  000033ce    00000002     --HOLE-- [fill = 0]
                  000033d0    0000004c     sysbios.aem4f : BIOS.obj (.text:ti_sysbios_knl_Swi_runLoop__I)
                  0000341c    00000004     --HOLE-- [fill = 0]
                  00003420    0000004c                   : BIOS.obj (.text:ti_sysbios_knl_Task_allBlockedFunction__I)
                  0000346c    00000004     --HOLE-- [fill = 0]
                  00003470    00000048                   : BIOS.obj (.text:ti_sysbios_family_arm_lm4_Timer_enableTimers__I)
                  000034b8    00000048                   : BIOS.obj (.text:ti_sysbios_family_arm_m3_Hwi_disableInterrupt__E)
                  00003500    00000048                   : BIOS.obj (.text:ti_sysbios_family_arm_m3_Hwi_enableInterrupt__E)
                  00003548    00000048                   : BIOS.obj (.text:ti_sysbios_family_arm_m3_Hwi_excReserved__I)
                  00003590    00000046     ti.targets.arm.rtsarm.aem4f : Core-params.oem4f (.text:xdc_runtime_Core_assignParams__I)
                  000035d6    00000002     --HOLE-- [fill = 0]
                  000035d8    00000044     sysbios.aem4f : BIOS.obj (.text:ti_sysbios_family_arm_lm4_Timer_isrStub__E)
                  0000361c    00000004     --HOLE-- [fill = 0]
                  00003620    00000044                   : BIOS.obj (.text:ti_sysbios_family_arm_m3_Hwi_getStackInfo__E)
                  00003664    00000004     --HOLE-- [fill = 0]
                  00003668    00000044                   : BIOS.obj (.text:ti_sysbios_knl_Swi_post__E)
                  000036ac    00000044     ti.targets.arm.rtsarm.aem4f : Error.oem4f (.text:xdc_runtime_Error_setX__E)
                  000036f0    00000044                                 : SysMin.oem4f (.text:xdc_runtime_SysMin_flush__E)
                  00003734    00000044                                 : Text.oem4f (.text:xdc_runtime_Text_xprintf__I)
                  00003778    00000040     rtsv7M4_T_le_v4SPD16_eabi.lib : u_divt2.asm.obj (.text)
                  000037b8    00000040     sysbios.aem4f : BIOS.obj (.text:ti_sysbios_family_arm_lm4_Timer_startup__E)
                  000037f8    0000003c                   : BIOS.obj (.text:ti_sysbios_family_arm_m3_Hwi_excSvCall__I)
                  00003834    00000004     --HOLE-- [fill = 0]
                  00003838    0000003c                   : BIOS.obj (.text:ti_sysbios_knl_Swi_restore__E)
                  00003874    00000038     rtsv7M4_T_le_v4SPD16_eabi.lib : trgmsg.c.obj (.text:__TI_writemsg)
                  000038ac    00000004     --HOLE-- [fill = 0]
                  000038b0    00000038     sysbios.aem4f : BIOS.obj (.text:ti_sysbios_family_arm_m3_Hwi_excNoIsr__I)
                  000038e8    00000038                   : BIOS.obj (.text:ti_sysbios_knl_Task_processVitalTaskFlag__I)
                  00003920    00000038     ti.targets.arm.rtsarm.aem4f : SysMin.oem4f (.text:xdc_runtime_SysMin_putch__E)
                  00003958    00000038                                 : System.oem4f (.text:xdc_runtime_System_atexit__E)
                  00003990    00000034     driverlib.lib : sysctl.obj (.text:SysCtlPeripheralEnable)
                  000039c4    00000034     rtsv7M4_T_le_v4SPD16_eabi.lib : trgmsg.c.obj (.text:__TI_readmsg)
                  000039f8    00000034     sysbios.aem4f : BIOS.obj (.text:ti_sysbios_family_arm_m3_Hwi_excNmi__I)
                  00003a2c    00000004     --HOLE-- [fill = 0]
                  00003a30    00000034                   : BIOS.obj (.text:ti_sysbios_hal_Hwi_checkStack)
                  00003a64    00000034     ti.targets.arm.rtsarm.aem4f : Core-label.oem4f (.text:xdc_runtime_Core_assignLabel__I)
                  00003a98    00000033                                 : Text.oem4f (.text:xdc_runtime_Text_printVisFxn__I)
                  00003acb    00000005     --HOLE-- [fill = 0]
                  00003ad0    00000032     sysbios.aem4f : BIOS.obj (.text:ti_sysbios_hal_Hwi_initStack)
                  00003b02    00000002     --HOLE-- [fill = 0]
                  00003b04    00000030     empty_pem4f.oem4f (.text:ti_sysbios_BIOS_atExitFunc__I)
                  00003b34    00000004     --HOLE-- [fill = 0]
                  00003b38    00000030     sysbios.aem4f : BIOS.obj (.text:ti_sysbios_family_arm_lm4_Timer_stop__E)
                  00003b68    00000030                   : BIOS.obj (.text:ti_sysbios_family_arm_m3_TaskSupport_start__E)
                  00003b98    00000030     empty_pem4f.oem4f (.text:ti_sysbios_gates_GateHwi_Object__create__S)
                  00003bc8    00000030     empty_pem4f.oem4f (.text:ti_sysbios_gates_GateMutex_Object__create__S)
                  00003bf8    00000030     empty_pem4f.oem4f (.text:ti_sysbios_knl_Semaphore_construct)
                  00003c28    00000030     sysbios.aem4f : BIOS.obj (.text:ti_sysbios_knl_Semaphore_pendTimeout__I)
                  00003c58    00000030                   : BIOS.obj (.text:ti_sysbios_knl_Task_unblockI__E)
                  00003c88    00000030     ti.targets.arm.rtsarm.aem4f : SysMin.oem4f (.text:xdc_runtime_SysMin_abort__E)
                  00003cb8    00000030                                 : System.oem4f (.text:xdc_runtime_System_processAtExit__E)
                  00003ce8    0000002c     empty_pem4f.oem4f (.text:ti_sysbios_knl_Clock_doTick__I)
                  00003d14    0000002c     empty_pem4f.oem4f (.text:ti_sysbios_knl_Queue_construct)
                  00003d40    0000002c     sysbios.aem4f : BIOS.obj (.text:ti_sysbios_knl_Task_restore__E)
                  00003d6c    0000002c     ti.targets.arm.rtsarm.aem4f : Text.oem4f (.text:xdc_runtime_Text_cordText__E)
                  00003d98    0000002a     driverlib.lib : gpio.obj (.text:GPIODirModeSet)
                  00003dc2    0000002a     ti.targets.arm.rtsarm.aem4f : System.oem4f (.text:xdc_runtime_System_putchar__I)
                  00003dec    00000004     --HOLE-- [fill = 0]
                  00003df0    00000028     sysbios.aem4f : BIOS.obj (.text:ti_sysbios_knl_Swi_Module_startup__E)
                  00003e18    00000026                   : m3_Hwi_asm.obj (.text:ti_sysbios_family_arm_m3_Hwi_pendSV__I)
                  00003e3e    00000026     ti.targets.arm.rtsarm.aem4f : System.oem4f (.text:xdc_runtime_System_avprintf__E)
                  00003e64    00000024     empty_pem4f.oem4f (.text:ti_sysbios_BIOS_errorRaiseHook__I)
                  00003e88    00000024     empty_pem4f.oem4f (.text:ti_sysbios_BIOS_registerRTSLock__I)
                  00003eac    00000024     empty_pem4f.oem4f (.text:ti_sysbios_BIOS_removeRTSLock__I)
                  00003ed0    00000024     empty_pem4f.oem4f (.text:ti_sysbios_BIOS_startFunc__I)
                  00003ef4    00000024     empty_pem4f.oem4f (.text:ti_sysbios_gates_GateMutex_Object__delete__S)
                  00003f18    00000024     sysbios.aem4f : BIOS.obj (.text:ti_sysbios_knl_Clock_Module_startup__E)
                  00003f3c    00000004     --HOLE-- [fill = 0]
                  00003f40    00000024                   : BIOS.obj (.text:ti_sysbios_knl_Task_restoreHwi__E)
                  00003f64    00000024     ti.targets.arm.rtsarm.aem4f : System.oem4f (.text:xdc_runtime_System_vprintf__E)
                  00003f88    00000022     sysbios.aem4f : BIOS.obj (.text:ti_sysbios_family_arm_lm4_Timer_write__I)
                  00003faa    00000022     empty_pem4f.oem4f (.text:xdc_runtime_SysMin_output__I)
                  00003fcc    00000020     empty_pem4f.oem4f (.text:ti_sysbios_BIOS_rtsLock__I)
                  00003fec    00000020     sysbios.aem4f : m3_Hwi_asm.obj (.text:ti_sysbios_family_arm_m3_Hwi_excHandlerAsm__I)
                  0000400c    00000004     --HOLE-- [fill = 0]
                  00004010    00000020                   : BIOS.obj (.text:ti_sysbios_family_arm_m3_Hwi_excHandler__I)
                  00004030    00000020     empty_pem4f.oem4f (.text:ti_sysbios_gates_GateHwi_Object__delete__S)
                  00004050    00000020     sysbios.aem4f : BIOS.obj (.text:ti_sysbios_knl_Idle_run__E)
                  00004070    00000020     empty_pem4f.oem4f (.text:ti_sysbios_knl_Semaphore_Object__destruct__S)
                  00004090    00000020     ti.targets.arm.rtsarm.aem4f : Registry.oem4f (.text:xdc_runtime_Registry_findById__E)
                  000040b0    00000020                                 : SysMin.oem4f (.text:xdc_runtime_SysMin_Module_startup__E)
                  000040d0    0000001e     sysbios.aem4f : m3_Hwi_asm_switch.obj (.text:ti_sysbios_family_xxx_Hwi_switchAndRunFunc)
                  000040ee    00000002     --HOLE-- [fill = 0]
                  000040f0    0000001c                   : BIOS.obj (.text:ti_sysbios_gates_GateMutex_Instance_init__E)
                  0000410c    0000001c     empty_pem4f.oem4f (.text:ti_sysbios_knl_Queue_Object__destruct__S)
                  00004128    0000001c     sysbios.aem4f : BIOS.obj (.text:ti_sysbios_knl_Queue_put__E)
                  00004144    00000004     --HOLE-- [fill = 0]
                  00004148    0000001c                   : BIOS.obj (.text:ti_sysbios_knl_Task_enter__I)
                  00004164    0000001c     ti.targets.arm.rtsarm.aem4f : Error.oem4f (.text:xdc_runtime_Error_raiseX__E)
                  00004180    0000001c     empty_pem4f.oem4f (.text:xdc_runtime_HeapStd_Object__delete__S)
                  0000419c    0000001c     ti.targets.arm.rtsarm.aem4f : Memory.oem4f (.text:xdc_runtime_Memory_valloc__E)
                  000041b8    0000001c                                 : SysMin.oem4f (.text:xdc_runtime_SysMin_exit__E)
                  000041d4    0000001c                                 : System.oem4f (.text:xdc_runtime_System_abort__E)
                  000041f0    0000001a     empty_pem4f.oem4f (.text:ti_sysbios_family_arm_m3_Hwi_Handle__label__S)
                  0000420a    0000001a     empty_pem4f.oem4f (.text:ti_sysbios_gates_GateHwi_Handle__label__S)
                  00004224    0000001a     empty_pem4f.oem4f (.text:ti_sysbios_gates_GateMutex_Handle__label__S)
                  0000423e    0000001a     empty_pem4f.oem4f (.text:ti_sysbios_knl_Swi_Handle__label__S)
                  00004258    0000001a     empty_pem4f.oem4f (.text:ti_sysbios_knl_Task_Handle__label__S)
                  00004272    0000001a     empty_pem4f.oem4f (.text:xdc_runtime_HeapStd_Handle__label__S)
                  0000428c    0000001a     empty_pem4f.oem4f (.text:xdc_runtime_System_aprintf__E)
                  000042a6    0000001a     empty_pem4f.oem4f (.text:xdc_runtime_System_printf__E)
                  000042c0    00000018     driverlib.lib : gpio.obj (.text:GPIOPinTypeGPIOOutput)
                  000042d8    00000018     rtsv7M4_T_le_v4SPD16_eabi.lib : args_main.c.obj (.text:_args_main)
                  000042f0    00000018     empty_pem4f.oem4f (.text:ti_sysbios_BIOS_rtsUnlock__I)
                  00004308    00000018     empty_pem4f.oem4f (.text:ti_sysbios_family_arm_lm4_Timer_Module__startupDone__F)
                  00004320    00000018     empty_pem4f.oem4f (.text:ti_sysbios_family_arm_m3_Hwi_Module__startupDone__F)
                  00004338    00000018     sysbios.aem4f : m3_TaskSupport_asm.obj (.text:ti_sysbios_family_arm_m3_TaskSupport_swap__E)
                  00004350    00000018                   : BIOS.obj (.text:ti_sysbios_gates_GateMutex_leave__E)
                  00004368    00000018     ti.targets.arm.rtsarm.aem4f : Error.oem4f (.text:xdc_runtime_Error_check__E)
                  00004380    00000018                                 : System.oem4f (.text:xdc_runtime_System_exit__E)
                  00004398    00000018                                 : Text.oem4f (.text:xdc_runtime_Text_ropeText__E)
                  000043b0    00000016     empty_pem4f.oem4f (.text:ti_sysbios_BIOS_exitFunc__I)
                  000043c6    00000014     rtsv7M4_T_le_v4SPD16_eabi.lib : strlen.c.obj (.text:strlen)
                  000043da    00000002     --HOLE-- [fill = 0]
                  000043dc    00000014     empty_pem4f.oem4f (.text:ti_sysbios_family_arm_m3_Hwi_Object__get__S)
                  000043f0    00000014     sysbios.aem4f : BIOS.obj (.text:ti_sysbios_family_arm_m3_Hwi_switchFromBootStack__E)
                  00004404    00000014     empty_pem4f.oem4f (.text:ti_sysbios_knl_Swi_Object__get__S)
                  00004418    00000012     driverlib.lib : timer.obj (.text:TimerLoadSet)
                  0000442a    00000006                   : sysctl.obj (.text:SysCtlDelay)
                  00004430    00000012     sysbios.aem4f : BIOS.obj (.text:ti_sysbios_hal_Hwi_Module_startup__E)
                  00004442    00000012     empty_pem4f.oem4f (.text:xdc_runtime_Startup_exec__I)
                  00004454    00000004     --HOLE-- [fill = 0]
                  00004458    00000010     sysbios.aem4f : BIOS.obj (.text:ti_sysbios_BIOS_setThreadType__E)
                  00004468    00000010                   : BIOS.obj (.text:ti_sysbios_BIOS_start__E)
                  00004478    00000010                   : m3_TaskSupport_asm.obj (.text:ti_sysbios_family_arm_m3_TaskSupport_glue)
                  00004488    00000010                   : BIOS.obj (.text:ti_sysbios_gates_GateMutex_Instance_finalize__E)
                  00004498    00000010                   : BIOS.obj (.text:ti_sysbios_knl_Semaphore_Instance_finalize__E)
                  000044a8    00000010                   : BIOS.obj (.text:ti_sysbios_knl_Swi_disable__E)
                  000044b8    00000010     empty_pem4f.oem4f (.text:ti_sysbios_knl_Task_Object__get__S)
                  000044c8    00000010     sysbios.aem4f : BIOS.obj (.text:ti_sysbios_knl_Task_disable__E)
                  000044d8    00000010     ti.targets.arm.rtsarm.aem4f : Gate.oem4f (.text:xdc_runtime_Gate_leaveSystem__E)
                  000044e8    00000010                                 : Memory.oem4f (.text:xdc_runtime_Memory_free__E)
                  000044f8    00000010                                 : SysMin.oem4f (.text:xdc_runtime_SysMin_ready__E)
                  00004508    00000010                                 : System.oem4f (.text:xdc_runtime_System_vsnprintf__E)
                  00004518    00000010     empty_pem4f.oem4f (.text:xdc_runtime_Text_visitRope__I)
                  00004528    0000000e     driverlib.lib : timer.obj (.text:TimerEnable)
                  00004536    0000000e     rtsv7M4_T_le_v4SPD16_eabi.lib : copy_decompress_none.c.obj (.text:decompress:none:__TI_decompress_none)
                  00004544    00000004     --HOLE-- [fill = 0]
                  00004548    0000000e     sysbios.aem4f : BIOS.obj (.text:ti_sysbios_knl_Idle_loop__E)
                  00004556    00000002     --HOLE-- [fill = 0]
                  00004558    0000000e                   : BIOS.obj (.text:ti_sysbios_knl_Queue_empty__E)
                  00004566    0000000e     ti.targets.arm.rtsarm.aem4f : HeapStd.oem4f (.text:xdc_runtime_HeapStd_getStats__E)
                  00004574    0000000c     empty_pem4f.oem4f (.text:.bootCodeSection:ti_catalog_arm_cortexm4_tiva_ce_Boot_init__I)
                  00004580    0000000c     rtsv7M4_T_le_v4SPD16_eabi.lib : _lock.c.obj (.text:_register_lock)
                  0000458c    0000000c                                   : _lock.c.obj (.text:_register_unlock)
                  00004598    0000000c                                   : copy_zero_init.c.obj (.text:decompress:ZI:__TI_zero_init)
                  000045a4    0000000c     main.obj (.text:main)
                  000045b0    0000000c     sysbios.aem4f : BIOS.obj (.text:ti_sysbios_family_arm_lm4_Timer_getMaxTicks__E)
                  000045bc    00000004     --HOLE-- [fill = 0]
                  000045c0    0000000c                   : BIOS.obj (.text:ti_sysbios_family_arm_m3_TaskSupport_checkStack__E)
                  000045cc    00000004     --HOLE-- [fill = 0]
                  000045d0    0000000c                   : BIOS.obj (.text:ti_sysbios_gates_GateHwi_enter__E)
                  000045dc    0000000c     empty_pem4f.oem4f (.text:ti_sysbios_knl_Queue_Object__get__S)
                  000045e8    0000000c     ti.targets.arm.rtsarm.aem4f : Error.oem4f (.text:xdc_runtime_Error_init__E)
                  000045f4    0000000c                                 : Gate.oem4f (.text:xdc_runtime_Gate_enterSystem__E)
                  00004600    0000000c                                 : Memory.oem4f (.text:xdc_runtime_Memory_calloc__E)
                  0000460c    0000000c                                 : Memory.oem4f (.text:xdc_runtime_Memory_getMaxDefaultTypeAlign__E)
                  00004618    0000000a     empty_pem4f.oem4f (.text:xdc_runtime_IHeap_alloc)
                  00004622    0000000a     empty_pem4f.oem4f (.text:xdc_runtime_IHeap_free)
                  0000462c    00000008     driverlib.lib : timer.obj (.text:TimerIntEnable)
                  00004634    00000008     sysbios.aem4f : BIOS.obj (.text:ti_sysbios_family_arm_lm4_Timer_masterDisable__I)
                  0000463c    00000004     --HOLE-- [fill = 0]
                  00004640    00000008                   : BIOS.obj (.text:ti_sysbios_family_arm_m3_Hwi_doSwiRestore__I)
                  00004648    00000008                   : BIOS.obj (.text:ti_sysbios_family_arm_m3_Hwi_startup__E)
                  00004650    00000006     Boot.aem4f : Boot_sysctl.oem4f (.text:ti_catalog_arm_cortexm4_tiva_ce_Boot_sysCtlDelayI__I)
                  00004656    00000002     --HOLE-- [fill = 0]
                  00004658    00000006     sysbios.aem4f : BIOS.obj (.text:ti_sysbios_family_arm_m3_Hwi_doTaskRestore__I)
                  0000465e    00000002     --HOLE-- [fill = 0]
                  00004660    00000006                   : BIOS.obj (.text:ti_sysbios_gates_GateHwi_leave__E)
                  00004666    00000002     --HOLE-- [fill = 0]
                  00004668    00000006                   : BIOS.obj (.text:ti_sysbios_knl_Queue_Instance_init__E)
                  0000466e    00000002     --HOLE-- [fill = 0]
                  00004670    00000006                   : BIOS.obj (.text:ti_sysbios_knl_Swi_startup__E)
                  00004676    00000006     ti.targets.arm.rtsarm.aem4f : System.oem4f (.text:xdc_runtime_System_Module_startup__E)
                  0000467c    00000004     --HOLE-- [fill = 0]
                  00004680    00000004     sysbios.aem4f : BIOS.obj (.text:ti_sysbios_gates_GateHwi_query__E)
                  00004684    00000004     --HOLE-- [fill = 0]
                  00004688    00000004                   : BIOS.obj (.text:ti_sysbios_gates_GateMutex_query__E)
                  0000468c    00000004     --HOLE-- [fill = 0]
                  00004690    00000004                   : BIOS.obj (.text:ti_sysbios_knl_Task_startup__E)
                  00004694    00000004     --HOLE-- [fill = 0]
                  00004698    00000002                   : BIOS.obj (.text:ti_sysbios_gates_GateHwi_Instance_init__E)
                  0000469a    00000006     --HOLE-- [fill = 0]
                  000046a0    00000002                   : BIOS.obj (.text:ti_sysbios_knl_Clock_logTick__E)

.const     0    000046a4    000019ad     
                  000046a4    000014c8     empty_pem4f.oem4f (.const:xdc_runtime_Text_charTab__A)
                  00005b6c    000000b8     empty_pem4f.oem4f (.const:xdc_runtime_Text_nodeTab__A)
                  00005c24    0000006c     driverlib.lib : sysctl.obj (.const:g_pui32Xtals)
                  00005c90    00000048     empty_pem4f.oem4f (.const:.string)
                  00005cd8    00000028     empty_pem4f.oem4f (.const:xdc_runtime_HeapStd_Module__FXNS__C)
                  00005d00    00000024     empty_pem4f.oem4f (.const:ti_sysbios_gates_GateHwi_Module__FXNS__C)
                  00005d24    00000024     empty_pem4f.oem4f (.const:ti_sysbios_gates_GateMutex_Module__FXNS__C)
                  00005d48    00000024     empty_pem4f.oem4f (.const:ti_sysbios_knl_Semaphore_Object__PARAMS__C)
                  00005d6c    00000020     empty_pem4f.oem4f (.const:ti_sysbios_gates_GateHwi_Object__DESC__C)
                  00005d8c    00000020     empty_pem4f.oem4f (.const:ti_sysbios_gates_GateMutex_Object__DESC__C)
                  00005dac    00000020     empty_pem4f.oem4f (.const:ti_sysbios_knl_Queue_Object__DESC__C)
                  00005dcc    00000020     empty_pem4f.oem4f (.const:ti_sysbios_knl_Semaphore_Object__DESC__C)
                  00005dec    00000020     empty_pem4f.oem4f (.const:xdc_runtime_HeapStd_Object__DESC__C)
                  00005e0c    00000020     empty_pem4f.oem4f (.const:xdc_runtime_Startup_sfxnTab__A)
                  00005e2c    0000001c     empty_pem4f.oem4f (.const:xdc_runtime_HeapStd_Object__PARAMS__C)
                  00005e48    00000018     empty_pem4f.oem4f (.const:ti_sysbios_gates_GateHwi_Object__PARAMS__C)
                  00005e60    00000018     empty_pem4f.oem4f (.const:ti_sysbios_gates_GateMutex_Object__PARAMS__C)
                  00005e78    00000018     empty_pem4f.oem4f (.const:ti_sysbios_knl_Queue_Object__PARAMS__C)
                  00005e90    00000010     empty_pem4f.oem4f (.const:xdc_runtime_Startup_firstFxns__A)
                  00005ea0    00000010     empty_pem4f.oem4f (.const:xdc_runtime_Startup_sfxnRts__A)
                  00005eb0    00000008     empty_pem4f.oem4f (.const:ti_sysbios_family_arm_m3_Hwi_excHookFuncs__A)
                  00005eb8    00000008     empty_pem4f.oem4f (.const:ti_sysbios_knl_Idle_funcList__C)
                  00005ec0    00000008     empty_pem4f.oem4f (.const:xdc_runtime_Startup_firstFxns__C)
                  00005ec8    00000008     empty_pem4f.oem4f (.const:xdc_runtime_Startup_lastFxns__C)
                  00005ed0    00000004     empty_pem4f.oem4f (.const:ti_catalog_arm_cortexm4_tiva_ce_Boot_A_mustUseEnhancedClockMode__C)
                  00005ed4    00000004     empty_pem4f.oem4f (.const:ti_catalog_arm_cortexm4_tiva_ce_Boot_Module__diagsEnabled__C)
                  00005ed8    00000004     empty_pem4f.oem4f (.const:ti_catalog_arm_cortexm4_tiva_ce_Boot_Module__diagsIncluded__C)
                  00005edc    00000004     empty_pem4f.oem4f (.const:ti_catalog_arm_cortexm4_tiva_ce_Boot_Module__diagsMask__C)
                  00005ee0    00000004     empty_pem4f.oem4f (.const:ti_sysbios_family_arm_lm4_Timer_enableFunc__C)
                  00005ee4    00000004     empty_pem4f.oem4f (.const:ti_sysbios_family_arm_lm4_Timer_numTimerDevices__C)
                  00005ee8    00000004     empty_pem4f.oem4f (.const:ti_sysbios_family_arm_lm4_Timer_startupNeeded__C)
                  00005eec    00000004     empty_pem4f.oem4f (.const:ti_sysbios_family_arm_m3_Hwi_E_NMI__C)
                  00005ef0    00000004     empty_pem4f.oem4f (.const:ti_sysbios_family_arm_m3_Hwi_E_busFault__C)
                  00005ef4    00000004     empty_pem4f.oem4f (.const:ti_sysbios_family_arm_m3_Hwi_E_debugMon__C)
                  00005ef8    00000004     empty_pem4f.oem4f (.const:ti_sysbios_family_arm_m3_Hwi_E_hardFault__C)
                  00005efc    00000004     empty_pem4f.oem4f (.const:ti_sysbios_family_arm_m3_Hwi_E_memFault__C)
                  00005f00    00000004     empty_pem4f.oem4f (.const:ti_sysbios_family_arm_m3_Hwi_E_noIsr__C)
                  00005f04    00000004     empty_pem4f.oem4f (.const:ti_sysbios_family_arm_m3_Hwi_E_reserved__C)
                  00005f08    00000004     empty_pem4f.oem4f (.const:ti_sysbios_family_arm_m3_Hwi_E_svCall__C)
                  00005f0c    00000004     empty_pem4f.oem4f (.const:ti_sysbios_family_arm_m3_Hwi_E_usageFault__C)
                  00005f10    00000004     empty_pem4f.oem4f (.const:ti_sysbios_family_arm_m3_Hwi_NUM_INTERRUPTS__C)
                  00005f14    00000004     empty_pem4f.oem4f (.const:ti_sysbios_family_arm_m3_Hwi_Object__count__C)
                  00005f18    00000004     empty_pem4f.oem4f (.const:ti_sysbios_family_arm_m3_Hwi_ccr__C)
                  00005f1c    00000004     empty_pem4f.oem4f (.const:ti_sysbios_family_arm_m3_Hwi_excHandlerFunc__C)
                  00005f20    00000004     empty_pem4f.oem4f (.const:ti_sysbios_family_arm_m3_Hwi_excHookFuncs__C)
                  00005f24    00000004     empty_pem4f.oem4f (.const:ti_sysbios_family_arm_m3_Hwi_nullIsrFunc__C)
                  00005f28    00000004     empty_pem4f.oem4f (.const:ti_sysbios_family_arm_m3_Hwi_priGroup__C)
                  00005f2c    00000004     empty_pem4f.oem4f (.const:ti_sysbios_gates_GateMutex_A_badContext__C)
                  00005f30    00000004     empty_pem4f.oem4f (.const:ti_sysbios_gates_GateMutex_Instance_State_sem__O)
                  00005f34    00000004     empty_pem4f.oem4f (.const:ti_sysbios_gates_GateMutex_Module__diagsEnabled__C)
                  00005f38    00000004     empty_pem4f.oem4f (.const:ti_sysbios_gates_GateMutex_Module__diagsIncluded__C)
                  00005f3c    00000004     empty_pem4f.oem4f (.const:ti_sysbios_gates_GateMutex_Module__diagsMask__C)
                  00005f40    00000004     empty_pem4f.oem4f (.const:ti_sysbios_hal_Hwi_E_stackOverflow__C)
                  00005f44    00000004     empty_pem4f.oem4f (.const:ti_sysbios_knl_Clock_Module_State_clockQ__O)
                  00005f48    00000004     empty_pem4f.oem4f (.const:ti_sysbios_knl_Idle_funcList__A)
                  00005f4c    00000004     empty_pem4f.oem4f (.const:ti_sysbios_knl_Semaphore_A_badContext__C)
                  00005f50    00000004     empty_pem4f.oem4f (.const:ti_sysbios_knl_Semaphore_A_noEvents__C)
                  00005f54    00000004     empty_pem4f.oem4f (.const:ti_sysbios_knl_Semaphore_A_overflow__C)
                  00005f58    00000004     empty_pem4f.oem4f (.const:ti_sysbios_knl_Semaphore_A_pendTaskDisabled__C)
                  00005f5c    00000004     empty_pem4f.oem4f (.const:ti_sysbios_knl_Semaphore_Instance_State_pendQ__O)
                  00005f60    00000004     empty_pem4f.oem4f (.const:ti_sysbios_knl_Semaphore_Module__diagsEnabled__C)
                  00005f64    00000004     empty_pem4f.oem4f (.const:ti_sysbios_knl_Semaphore_Module__diagsIncluded__C)
                  00005f68    00000004     empty_pem4f.oem4f (.const:ti_sysbios_knl_Semaphore_Module__diagsMask__C)
                  00005f6c    00000004     empty_pem4f.oem4f (.const:ti_sysbios_knl_Swi_Object__count__C)
                  00005f70    00000004     empty_pem4f.oem4f (.const:ti_sysbios_knl_Task_E_spOutOfBounds__C)
                  00005f74    00000004     empty_pem4f.oem4f (.const:ti_sysbios_knl_Task_E_stackOverflow__C)
                  00005f78    00000004     empty_pem4f.oem4f (.const:ti_sysbios_knl_Task_Module_State_inactiveQ__O)
                  00005f7c    00000004     empty_pem4f.oem4f (.const:ti_sysbios_knl_Task_Object__count__C)
                  00005f80    00000004     empty_pem4f.oem4f (.const:ti_sysbios_knl_Task_allBlockedFunc__C)
                  00005f84    00000004     empty_pem4f.oem4f (.const:ti_sysbios_knl_Task_numConstructedTasks__C)
                  00005f88    00000004     empty_pem4f.oem4f (.const:xdc_runtime_Assert_E_assertFailed__C)
                  00005f8c    00000004     empty_pem4f.oem4f (.const:xdc_runtime_Core_A_initializedParams__C)
                  00005f90    00000004     empty_pem4f.oem4f (.const:xdc_runtime_Core_Module__diagsEnabled__C)
                  00005f94    00000004     empty_pem4f.oem4f (.const:xdc_runtime_Core_Module__diagsIncluded__C)
                  00005f98    00000004     empty_pem4f.oem4f (.const:xdc_runtime_Core_Module__diagsMask__C)
                  00005f9c    00000004     empty_pem4f.oem4f (.const:xdc_runtime_Error_E_memory__C)
                  00005fa0    00000004     empty_pem4f.oem4f (.const:xdc_runtime_Error_Module__diagsEnabled__C)
                  00005fa4    00000004     empty_pem4f.oem4f (.const:xdc_runtime_Error_Module__diagsIncluded__C)
                  00005fa8    00000004     empty_pem4f.oem4f (.const:xdc_runtime_Error_Module__diagsMask__C)
                  00005fac    00000004     empty_pem4f.oem4f (.const:xdc_runtime_Error_Module__loggerFxn8__C)
                  00005fb0    00000004     empty_pem4f.oem4f (.const:xdc_runtime_Error_Module__loggerObj__C)
                  00005fb4    00000004     empty_pem4f.oem4f (.const:xdc_runtime_Error_policyFxn__C)
                  00005fb8    00000004     empty_pem4f.oem4f (.const:xdc_runtime_Error_raiseHook__C)
                  00005fbc    00000004     empty_pem4f.oem4f (.const:xdc_runtime_HeapStd_A_align__C)
                  00005fc0    00000004     empty_pem4f.oem4f (.const:xdc_runtime_HeapStd_A_invalidTotalFreeSize__C)
                  00005fc4    00000004     empty_pem4f.oem4f (.const:xdc_runtime_HeapStd_A_zeroSize__C)
                  00005fc8    00000004     empty_pem4f.oem4f (.const:xdc_runtime_HeapStd_E_noRTSMemory__C)
                  00005fcc    00000004     empty_pem4f.oem4f (.const:xdc_runtime_HeapStd_Module__diagsEnabled__C)
                  00005fd0    00000004     empty_pem4f.oem4f (.const:xdc_runtime_HeapStd_Module__diagsIncluded__C)
                  00005fd4    00000004     empty_pem4f.oem4f (.const:xdc_runtime_HeapStd_Module__diagsMask__C)
                  00005fd8    00000004     empty_pem4f.oem4f (.const:xdc_runtime_IGateProvider_Interface__BASE__C)
                  00005fdc    00000004     empty_pem4f.oem4f (.const:xdc_runtime_IHeap_Interface__BASE__C)
                  00005fe0    00000004     empty_pem4f.oem4f (.const:xdc_runtime_IModule_Interface__BASE__C)
                  00005fe4    00000004     empty_pem4f.oem4f (.const:xdc_runtime_Log_L_error__C)
                  00005fe8    00000004     empty_pem4f.oem4f (.const:xdc_runtime_Memory_defaultHeapInstance__C)
                  00005fec    00000004     empty_pem4f.oem4f (.const:xdc_runtime_Startup_execImpl__C)
                  00005ff0    00000004     empty_pem4f.oem4f (.const:xdc_runtime_Startup_maxPasses__C)
                  00005ff4    00000004     empty_pem4f.oem4f (.const:xdc_runtime_Startup_sfxnRts__C)
                  00005ff8    00000004     empty_pem4f.oem4f (.const:xdc_runtime_Startup_sfxnTab__C)
                  00005ffc    00000004     empty_pem4f.oem4f (.const:xdc_runtime_SysMin_bufSize__C)
                  00006000    00000004     empty_pem4f.oem4f (.const:xdc_runtime_SysMin_outputFunc__C)
                  00006004    00000004     empty_pem4f.oem4f (.const:xdc_runtime_System_Module__gateObj__C)
                  00006008    00000004     empty_pem4f.oem4f (.const:xdc_runtime_System_abortFxn__C)
                  0000600c    00000004     empty_pem4f.oem4f (.const:xdc_runtime_System_exitFxn__C)
                  00006010    00000004     empty_pem4f.oem4f (.const:xdc_runtime_System_extendFxn__C)
                  00006014    00000004     empty_pem4f.oem4f (.const:xdc_runtime_System_maxAtexitHandlers__C)
                  00006018    00000004     empty_pem4f.oem4f (.const:xdc_runtime_Text_charTab__C)
                  0000601c    00000004     empty_pem4f.oem4f (.const:xdc_runtime_Text_nameEmpty__C)
                  00006020    00000004     empty_pem4f.oem4f (.const:xdc_runtime_Text_nameStatic__C)
                  00006024    00000004     empty_pem4f.oem4f (.const:xdc_runtime_Text_nameUnknown__C)
                  00006028    00000004     empty_pem4f.oem4f (.const:xdc_runtime_Text_nodeTab__C)
                  0000602c    00000004     empty_pem4f.oem4f (.const:xdc_runtime_Text_visitRopeFxn__C)
                  00006030    00000002     empty_pem4f.oem4f (.const:ti_catalog_arm_cortexm4_tiva_ce_Boot_Module__id__C)
                  00006032    00000002     empty_pem4f.oem4f (.const:ti_sysbios_family_arm_m3_Hwi_Module__id__C)
                  00006034    00000002     empty_pem4f.oem4f (.const:ti_sysbios_gates_GateMutex_Module__id__C)
                  00006036    00000002     empty_pem4f.oem4f (.const:ti_sysbios_hal_Hwi_Module__id__C)
                  00006038    00000002     empty_pem4f.oem4f (.const:ti_sysbios_knl_Semaphore_Module__id__C)
                  0000603a    00000002     empty_pem4f.oem4f (.const:ti_sysbios_knl_Task_Module__id__C)
                  0000603c    00000002     empty_pem4f.oem4f (.const:xdc_runtime_Core_Module__id__C)
                  0000603e    00000002     empty_pem4f.oem4f (.const:xdc_runtime_Error_Module__loggerDefined__C)
                  00006040    00000002     empty_pem4f.oem4f (.const:xdc_runtime_Error_maxDepth__C)
                  00006042    00000002     empty_pem4f.oem4f (.const:xdc_runtime_HeapStd_Module__id__C)
                  00006044    00000002     empty_pem4f.oem4f (.const:xdc_runtime_Memory_Module__id__C)
                  00006046    00000002     empty_pem4f.oem4f (.const:xdc_runtime_SysMin_flushAtExit__C)
                  00006048    00000002     empty_pem4f.oem4f (.const:xdc_runtime_Text_charCnt__C)
                  0000604a    00000002     empty_pem4f.oem4f (.const:xdc_runtime_Text_isLoaded__C)
                  0000604c    00000002     empty_pem4f.oem4f (.const:xdc_runtime_Text_registryModsLastId__C)
                  0000604e    00000002     empty_pem4f.oem4f (.const:xdc_runtime_Text_unnamedModsLastId__C)
                  00006050    00000001     empty_pem4f.oem4f (.const:xdc_runtime_Error_policy__C)

.cinit     0    00006058    000001d0     
                  00006058    0000019b     (.cinit..data.load) [load image, compression = lzss]
                  000061f3    00000001     --HOLE-- [fill = 0]
                  000061f4    0000000c     (__TI_handler_table)
                  00006200    00000008     (.cinit..bss.load) [load image, compression = zero_init]
                  00006208    00000008     (.cinit..vecs.load) [load image, compression = zero_init]
                  00006210    00000018     (__TI_cinit_table)

.init_array 
*          0    00000000    00000000     UNINITIALIZED

.resetVecs 
*          0    00000000    0000003c     
                  00000000    0000003c     empty_pem4f.oem4f (.resetVecs)

.bss       0    20000360    00000708     UNINITIALIZED
                  20000360    00000360     (.common:ti_sysbios_family_arm_m3_Hwi_dispatchTable)
                  200006c0    00000200     empty_pem4f.oem4f (.bss:taskStackSection)
                  200008c0    00000120     rtsv7M4_T_le_v4SPD16_eabi.lib : trgmsg.c.obj (.bss:_CIOBUF_)
                  200009e0    00000080     (.common:xdc_runtime_SysMin_Module_State_0_outbuf__A)
                  20000a60    00000008     (.common:parmbuf)

.data      0    20000e68    000003b0     UNINITIALIZED
                  20000e68    00000080     empty_pem4f.oem4f (.data:ti_sysbios_knl_Swi_Module_State_0_readyQ__A)
                  20000ee8    00000080     empty_pem4f.oem4f (.data:ti_sysbios_knl_Task_Module_State_0_readyQ__A)
                  20000f68    0000004c     empty_pem4f.oem4f (.data:ti_sysbios_knl_Task_Object__table__V)
                  20000fb4    00000044     empty_pem4f.oem4f (.data:ti_sysbios_knl_Task_Module__state__V)
                  20000ff8    00000040     empty_pem4f.oem4f (.data:ti_sysbios_family_arm_lm4_Timer_Object__table__V)
                  20001038    00000034     empty_pem4f.oem4f (.data:ti_sysbios_family_arm_m3_Hwi_Module__state__V)
                  2000106c    00000030     empty_pem4f.oem4f (.data:ti_sysbios_family_arm_lm4_Timer_Module_State_0_device__A)
                  2000109c    00000030     empty_pem4f.oem4f (.data:ti_sysbios_knl_Swi_Object__table__V)
                  200010cc    0000002c     empty_pem4f.oem4f (.data:ti_sysbios_knl_Clock_Module__state__V)
                  200010f8    00000024     empty_pem4f.oem4f (.data:ti_sysbios_BIOS_Module__state__V)
                  2000111c    0000001c     empty_pem4f.oem4f (.data:ti_sysbios_gates_GateMutex_Object__table__V)
                  20001138    0000001c     empty_pem4f.oem4f (.data:ti_sysbios_knl_Swi_Module__state__V)
                  20001154    00000018     empty_pem4f.oem4f (.data:ti_sysbios_family_arm_lm4_Timer_Module_State_0_handles__A)
                  2000116c    00000018     empty_pem4f.oem4f (.data:ti_sysbios_family_arm_m3_Hwi_Object__table__V)
                  20001184    0000000c     empty_pem4f.oem4f (.data:ti_sysbios_family_arm_lm4_Timer_Module__state__V)
                  20001190    0000000c     empty_pem4f.oem4f (.data:xdc_runtime_HeapStd_Object__table__V)
                  2000119c    0000000c     empty_pem4f.oem4f (.data:xdc_runtime_SysMin_Module__state__V)
                  200011a8    00000008     rtsv7M4_T_le_v4SPD16_eabi.lib : _lock.c.obj (.data:$O1$$)
                  200011b0    00000008     empty_pem4f.oem4f (.data:ti_sysbios_gates_GateHwi_Module__root__V)
                  200011b8    00000008     empty_pem4f.oem4f (.data:ti_sysbios_gates_GateMutex_Module__root__V)
                  200011c0    00000008     empty_pem4f.oem4f (.data:ti_sysbios_knl_Queue_Module__root__V)
                  200011c8    00000008     empty_pem4f.oem4f (.data:ti_sysbios_knl_Semaphore_Module__root__V)
                  200011d0    00000008     empty_pem4f.oem4f (.data:xdc_runtime_HeapStd_Module__root__V)
                  200011d8    00000008     empty_pem4f.oem4f (.data:xdc_runtime_Registry_Module__state__V)
                  200011e0    00000008     empty_pem4f.oem4f (.data:xdc_runtime_Startup_Module__state__V)
                  200011e8    00000008     empty_pem4f.oem4f (.data:xdc_runtime_System_Module_State_0_atexitHandlers__A)
                  200011f0    00000008     empty_pem4f.oem4f (.data:xdc_runtime_System_Module__state__V)
                  200011f8    00000004     rtsv7M4_T_le_v4SPD16_eabi.lib : stkdepth_vars.c.obj (.data)
                  200011fc    00000004     empty_pem4f.oem4f (.data:ti_sysbios_family_arm_m3_Hwi_Module_State_0_excContext__A)
                  20001200    00000004     empty_pem4f.oem4f (.data:ti_sysbios_family_arm_m3_Hwi_Module_State_0_excStack__A)
                  20001204    00000004     empty_pem4f.oem4f (.data:ti_sysbios_gates_GateHwi_Object__table__V)
                  20001208    00000004     empty_pem4f.oem4f (.data:ti_sysbios_knl_Task_Module_State_0_idleTask__A)
                  2000120c    00000004     empty_pem4f.oem4f (.data:xdc_runtime_HeapStd_Module__state__V)
                  20001210    00000004     empty_pem4f.oem4f (.data:xdc_runtime_Memory_Module__state__V)
                  20001214    00000002     empty_pem4f.oem4f (.data:ti_sysbios_family_arm_m3_Hwi_Module_State_0_excActive__A)
                  20001216    00000002     empty_pem4f.oem4f (.data:xdc_runtime_Error_Module__state__V)

.stack     0    20000a68    00000400     UNINITIALIZED
                  20000a68    00000400     --HOLE--

.bootVecs 
*          0    00000000    00000008     DSECT
                  00000000    00000008     boot.aem4f : boot.oem4f (.bootVecs)

.vecs      0    20000000    00000360     UNINITIALIZED
                  20000000    00000360     empty_pem4f.oem4f (.vecs)

xdc.meta   0    00000000    000000d7     COPY SECTION
                  00000000    000000d7     empty_pem4f.oem4f (xdc.meta)

MODULE SUMMARY

       Module                       code    ro data   rw data
       ------                       ----    -------   -------
    .\
       main.obj                     116     0         0      
    +--+----------------------------+-------+---------+---------+
       Total:                       116     0         0      
                                                             
    C:\TIRTOS_Workshop_Labs\Lab_05\Debug\configPkg\package\cfg\
       empty_pem4f.oem4f            1460    6525      3300   
    +--+----------------------------+-------+---------+---------+
       Total:                       1460    6525      3300   
                                                             
    C:/ti/tivaware_c_series_2_1_4_178/driverlib/ccs/Debug/driverlib.lib
       sysctl.obj                   574     108       0      
       gpio.obj                     378     0         0      
       timer.obj                    136     0         0      
    +--+----------------------------+-------+---------+---------+
       Total:                       1088    108       0      
                                                             
    C:\TIRTOS_Workshop_Labs\Lab_05\src\sysbios\sysbios.aem4f
       BIOS.obj                     8398    0         0      
       m3_Hwi_asm.obj               314     0         0      
       m3_TaskSupport_asm.obj       180     0         0      
       m3_Hwi_asm_switch.obj        118     0         0      
    +--+----------------------------+-------+---------+---------+
       Total:                       9010    0         0      
                                                             
    C:\ti\ccsv8\tools\compiler\ti-cgt-arm_18.1.3.LTS\lib\rtsv7M4_T_le_v4SPD16_eabi.lib
       trgmsg.c.obj                 108     0         288    
       memcpy_t2.asm.obj            156     0         0      
       memset_t2.asm.obj            122     0         0      
       copy_decompress_lzss.c.obj   104     0         0      
       hostwrite.c.obj              88      0         0      
       cpy_tbl.c.obj                76      0         0      
       u_divt2.asm.obj              64      0         0      
       _lock.c.obj                  26      0         8      
       args_main.c.obj              24      0         0      
       strlen.c.obj                 20      0         0      
       copy_decompress_none.c.obj   14      0         0      
       copy_zero_init.c.obj         12      0         0      
       hostopen.c.obj               0       0         8      
       exit.c.obj                   4       0         0      
       stkdepth_vars.c.obj          0       0         4      
       div0.asm.obj                 2       0         0      
    +--+----------------------------+-------+---------+---------+
       Total:                       820     0         308    
                                                             
    C:\ti\tirtos_tivac_2_16_00_08\products\bios_6_45_01_29\packages\ti\catalog\arm\cortexm4\tiva\ce\lib\Boot.aem4f
       Boot_sysctl.oem4f            262     0         0      
       Boot.oem4f                   152     0         0      
    +--+----------------------------+-------+---------+---------+
       Total:                       414     0         0      
                                                             
    C:\ti\tirtos_tivac_2_16_00_08\products\bios_6_45_01_29\packages\ti\targets\arm\rtsarm\lib\auto_init.aem4f
       auto_init.oem4f              160     0         0      
    +--+----------------------------+-------+---------+---------+
       Total:                       160     0         0      
                                                             
    C:\ti\tirtos_tivac_2_16_00_08\products\bios_6_45_01_29\packages\ti\targets\arm\rtsarm\lib\boot.aem4f
       boot.oem4f                   88      0         0      
    +--+----------------------------+-------+---------+---------+
       Total:                       88      0         0      
                                                             
    C:\ti\tirtos_tivac_2_16_00_08\products\bios_6_45_01_29\packages\ti\targets\arm\rtsarm\lib\ti.targets.arm.rtsarm.aem4f
       System.oem4f                 1255    0         0      
       HeapStd.oem4f                714     0         0      
       Text.oem4f                   672     0         0      
       Error.oem4f                  524     0         0      
       Core-mem.oem4f               358     0         0      
       Startup.oem4f                328     0         0      
       SysMin.oem4f                 248     0         0      
       Core-smem.oem4f              204     0         0      
       Memory.oem4f                 176     0         0      
       Assert.oem4f                 84      0         0      
       Core-params.oem4f            70      0         0      
       Core-label.oem4f             52      0         0      
       Registry.oem4f               32      0         0      
       Gate.oem4f                   28      0         0      
    +--+----------------------------+-------+---------+---------+
       Total:                       4745    0         0      
                                                             
       Stack:                       0       0         1024   
       Linker Generated:            0       463       0      
    +--+----------------------------+-------+---------+---------+
       Grand Total:                 17901   7096      4632   


LINKER GENERATED COPY TABLES

__TI_cinit_table @ 00006210 records: 3, size/record: 8, table size: 24
	.data: load addr=00006058, load size=0000019b bytes, run addr=20000e68, run size=000003b0 bytes, compression=lzss
	.bss: load addr=00006200, load size=00000008 bytes, run addr=20000360, run size=00000708 bytes, compression=zero_init
	.vecs: load addr=00006208, load size=00000008 bytes, run addr=20000000, run size=00000360 bytes, compression=zero_init


LINKER GENERATED HANDLER TABLE

__TI_handler_table @ 000061f4 records: 3, size/record: 4, table size: 12
	index: 0, handler: __TI_decompress_lzss
	index: 1, handler: __TI_decompress_none
	index: 2, handler: __TI_zero_init


GLOBAL SYMBOLS: SORTED ALPHABETICALLY BY Name 

address   name                                                              
-------   ----                                                              
000007bd  C$$EXIT                                                           
000038a3  C$$IO$$                                                           
00003d99  GPIODirModeSet                                                    
000011e5  GPIOPadConfigSet                                                  
000042c1  GPIOPinTypeGPIOOutput                                             
00002d1b  GPIOPinWrite                                                      
000030e1  HOSTwrite                                                         
UNDEFED   SHT$$INIT_ARRAY$$Base                                             
UNDEFED   SHT$$INIT_ARRAY$$Limit                                            
00001431  SysCtlClockGet                                                    
00001a39  SysCtlClockSet                                                    
0000442b  SysCtlDelay                                                       
00003991  SysCtlPeripheralEnable                                            
00002ded  TimerConfigure                                                    
00004529  TimerEnable                                                       
0000462d  TimerIntEnable                                                    
00004419  TimerLoadSet                                                      
00000000  __ASM__                                                           
200008c0  __CIOBUF_                                                         
00000055  __ISA__                                                           
00000068  __PLAT__                                                          
20000e68  __STACK_END                                                       
00000400  __STACK_SIZE                                                      
00000089  __TARG__                                                          
00006210  __TI_CINIT_Base                                                   
00006228  __TI_CINIT_Limit                                                  
000061f4  __TI_Handler_Table_Base                                           
00006200  __TI_Handler_Table_Limit                                          
000022ed  __TI_auto_init                                                    
00002be5  __TI_decompress_lzss                                              
00004537  __TI_decompress_none                                              
ffffffff  __TI_pprof_out_hndl                                               
ffffffff  __TI_prof_data_size                                               
ffffffff  __TI_prof_data_start                                              
000039c5  __TI_readmsg                                                      
00006058  __TI_static_base__                                                
00003875  __TI_writemsg                                                     
00004599  __TI_zero_init                                                    
000000af  __TRDR__                                                          
0000294f  __aeabi_idiv0                                                     
0000294f  __aeabi_ldiv0                                                     
000028d5  __aeabi_memclr                                                    
000028d5  __aeabi_memclr4                                                   
000028d5  __aeabi_memclr8                                                   
0000242d  __aeabi_memcpy                                                    
0000242d  __aeabi_memcpy4                                                   
0000242d  __aeabi_memcpy8                                                   
000028d7  __aeabi_memset                                                    
000028d7  __aeabi_memset4                                                   
000028d7  __aeabi_memset8                                                   
00003779  __aeabi_uidiv                                                     
00003779  __aeabi_uidivmod                                                  
ffffffff  __binit__                                                         
ffffffff  __c_args__                                                        
20000a68  __stack                                                           
000042d9  _args_main                                                        
00003089  _c_int00                                                          
200011a8  _lock                                                             
00001317  _nop                                                              
00004581  _register_lock                                                    
0000458d  _register_unlock                                                  
200011ac  _unlock                                                           
000007bd  abort                                                             
ffffffff  binit                                                             
00003381  copy_in                                                           
000025ff  free                                                              
00002c4d  hardware_init                                                     
000045a5  main                                                              
200011f8  main_func_sp                                                      
00000c75  malloc                                                            
0000242d  memcpy                                                            
000028dd  memset                                                            
20000a60  parmbuf                                                           
000043c7  strlen                                                            
00005ed0  ti_catalog_arm_cortexm4_tiva_ce_Boot_A_mustUseEnhancedClockMode__C
00005ed4  ti_catalog_arm_cortexm4_tiva_ce_Boot_Module__diagsEnabled__C      
00005ed8  ti_catalog_arm_cortexm4_tiva_ce_Boot_Module__diagsIncluded__C     
00005edc  ti_catalog_arm_cortexm4_tiva_ce_Boot_Module__diagsMask__C         
00006030  ti_catalog_arm_cortexm4_tiva_ce_Boot_Module__id__C                
00004575  ti_catalog_arm_cortexm4_tiva_ce_Boot_init__I                      
00001649  ti_catalog_arm_cortexm4_tiva_ce_Boot_sysCtlClockSetI__I           
00002601  ti_catalog_arm_cortexm4_tiva_ce_Boot_sysCtlClockSet__E            
00004651  ti_catalog_arm_cortexm4_tiva_ce_Boot_sysCtlDelayI__I              
200010f8  ti_sysbios_BIOS_Module__state__V                                  
00004225  ti_sysbios_BIOS_RtsGateProxy_Handle__label__S                     
00003ef5  ti_sysbios_BIOS_RtsGateProxy_Object__delete__S                    
00000ded  ti_sysbios_BIOS_RtsGateProxy_enter__E                             
00000f55  ti_sysbios_BIOS_RtsGateProxy_leave__E                             
00004689  ti_sysbios_BIOS_RtsGateProxy_query__E                             
00003b05  ti_sysbios_BIOS_atExitFunc__I                                     
00003e65  ti_sysbios_BIOS_errorRaiseHook__I                                 
000043b1  ti_sysbios_BIOS_exitFunc__I                                       
00002a9f  ti_sysbios_BIOS_nullFunc__I                                       
00003e89  ti_sysbios_BIOS_registerRTSLock__I                                
00003ead  ti_sysbios_BIOS_removeRTSLock__I                                  
00003fcd  ti_sysbios_BIOS_rtsLock__I                                        
000042f1  ti_sysbios_BIOS_rtsUnlock__I                                      
00004459  ti_sysbios_BIOS_setThreadType__E                                  
00003ed1  ti_sysbios_BIOS_startFunc__I                                      
00004469  ti_sysbios_BIOS_start__E                                          
2000106c  ti_sysbios_family_arm_lm4_Timer_Module_State_0_device__A          
20001154  ti_sysbios_family_arm_lm4_Timer_Module_State_0_handles__A         
00004309  ti_sysbios_family_arm_lm4_Timer_Module__startupDone__F            
00004309  ti_sysbios_family_arm_lm4_Timer_Module__startupDone__S            
20001184  ti_sysbios_family_arm_lm4_Timer_Module__state__V                  
00002d21  ti_sysbios_family_arm_lm4_Timer_Module_startup__E                 
20000ff8  ti_sysbios_family_arm_lm4_Timer_Object__table__V                  
00005ee0  ti_sysbios_family_arm_lm4_Timer_enableFunc__C                     
00003471  ti_sysbios_family_arm_lm4_Timer_enableTimers__I                   
00002199  ti_sysbios_family_arm_lm4_Timer_enableTiva__I                     
000045b1  ti_sysbios_family_arm_lm4_Timer_getMaxTicks__E                    
000031e9  ti_sysbios_family_arm_lm4_Timer_initDevice__I                     
000035d9  ti_sysbios_family_arm_lm4_Timer_isrStub__E                        
00004635  ti_sysbios_family_arm_lm4_Timer_masterDisable__I                  
00001ea5  ti_sysbios_family_arm_lm4_Timer_masterEnable__I                   
00005ee4  ti_sysbios_family_arm_lm4_Timer_numTimerDevices__C                
00001541  ti_sysbios_family_arm_lm4_Timer_start__E                          
00005ee8  ti_sysbios_family_arm_lm4_Timer_startupNeeded__C                  
000037b9  ti_sysbios_family_arm_lm4_Timer_startup__E                        
00003b39  ti_sysbios_family_arm_lm4_Timer_stop__E                           
00003f89  ti_sysbios_family_arm_lm4_Timer_write__I                          
00005eec  ti_sysbios_family_arm_m3_Hwi_E_NMI__C                             
00005ef0  ti_sysbios_family_arm_m3_Hwi_E_busFault__C                        
00005ef4  ti_sysbios_family_arm_m3_Hwi_E_debugMon__C                        
00005ef8  ti_sysbios_family_arm_m3_Hwi_E_hardFault__C                       
00005efc  ti_sysbios_family_arm_m3_Hwi_E_memFault__C                        
00005f00  ti_sysbios_family_arm_m3_Hwi_E_noIsr__C                           
00005f04  ti_sysbios_family_arm_m3_Hwi_E_reserved__C                        
00005f08  ti_sysbios_family_arm_m3_Hwi_E_svCall__C                          
00005f0c  ti_sysbios_family_arm_m3_Hwi_E_usageFault__C                      
000041f1  ti_sysbios_family_arm_m3_Hwi_Handle__label__S                     
20001214  ti_sysbios_family_arm_m3_Hwi_Module_State_0_excActive__A          
200011fc  ti_sysbios_family_arm_m3_Hwi_Module_State_0_excContext__A         
20001200  ti_sysbios_family_arm_m3_Hwi_Module_State_0_excStack__A           
00006032  ti_sysbios_family_arm_m3_Hwi_Module__id__C                        
00004321  ti_sysbios_family_arm_m3_Hwi_Module__startupDone__F               
00004321  ti_sysbios_family_arm_m3_Hwi_Module__startupDone__S               
20001038  ti_sysbios_family_arm_m3_Hwi_Module__state__V                     
00003291  ti_sysbios_family_arm_m3_Hwi_Module_startup__E                    
00005f10  ti_sysbios_family_arm_m3_Hwi_NUM_INTERRUPTS__C                    
00005f14  ti_sysbios_family_arm_m3_Hwi_Object__count__C                     
000043dd  ti_sysbios_family_arm_m3_Hwi_Object__get__S                       
2000116c  ti_sysbios_family_arm_m3_Hwi_Object__table__V                     
00005f18  ti_sysbios_family_arm_m3_Hwi_ccr__C                               
000034b9  ti_sysbios_family_arm_m3_Hwi_disableInterrupt__E                  
00002d89  ti_sysbios_family_arm_m3_Hwi_dispatchC__I                         
20000360  ti_sysbios_family_arm_m3_Hwi_dispatchTable                        
00001b2d  ti_sysbios_family_arm_m3_Hwi_dispatch__I                          
00004641  ti_sysbios_family_arm_m3_Hwi_doSwiRestore__I                      
00004659  ti_sysbios_family_arm_m3_Hwi_doTaskRestore__I                     
00003501  ti_sysbios_family_arm_m3_Hwi_enableInterrupt__E                   
00000c79  ti_sysbios_family_arm_m3_Hwi_excBusFault__I                       
00001ea9  ti_sysbios_family_arm_m3_Hwi_excDebugMon__I                       
00000041  ti_sysbios_family_arm_m3_Hwi_excDumpRegs__I                       
00003fed  ti_sysbios_family_arm_m3_Hwi_excHandlerAsm__I                     
00005f1c  ti_sysbios_family_arm_m3_Hwi_excHandlerFunc__C                    
00000a79  ti_sysbios_family_arm_m3_Hwi_excHandlerMax__I                     
00004011  ti_sysbios_family_arm_m3_Hwi_excHandler__I                        
00001f69  ti_sysbios_family_arm_m3_Hwi_excHardFault__I                      
00005eb0  ti_sysbios_family_arm_m3_Hwi_excHookFuncs__A                      
00005f20  ti_sysbios_family_arm_m3_Hwi_excHookFuncs__C                      
00000f59  ti_sysbios_family_arm_m3_Hwi_excMemFault__I                       
000039f9  ti_sysbios_family_arm_m3_Hwi_excNmi__I                            
000038b1  ti_sysbios_family_arm_m3_Hwi_excNoIsr__I                          
00003549  ti_sysbios_family_arm_m3_Hwi_excReserved__I                       
000037f9  ti_sysbios_family_arm_m3_Hwi_excSvCall__I                         
00000df1  ti_sysbios_family_arm_m3_Hwi_excUsageFault__I                     
00003621  ti_sysbios_family_arm_m3_Hwi_getStackInfo__E                      
00002699  ti_sysbios_family_arm_m3_Hwi_initNVIC__E                          
00003139  ti_sysbios_family_arm_m3_Hwi_initStacks__E                        
00005f24  ti_sysbios_family_arm_m3_Hwi_nullIsrFunc__C                       
e000e000  ti_sysbios_family_arm_m3_Hwi_nvic                                 
00003e19  ti_sysbios_family_arm_m3_Hwi_pendSV__I                            
00002851  ti_sysbios_family_arm_m3_Hwi_postInit__I                          
00005f28  ti_sysbios_family_arm_m3_Hwi_priGroup__C                          
20000000  ti_sysbios_family_arm_m3_Hwi_ramVectors                           
00000000  ti_sysbios_family_arm_m3_Hwi_resetVectors                         
00003e3d  ti_sysbios_family_arm_m3_Hwi_return                               
00004649  ti_sysbios_family_arm_m3_Hwi_startup__E                           
000043f1  ti_sysbios_family_arm_m3_Hwi_switchFromBootStack__E               
00001f65  ti_sysbios_family_arm_m3_TaskSupport_Module__startupDone__S       
000027c5  ti_sysbios_family_arm_m3_TaskSupport_buildTaskStack               
000045c1  ti_sysbios_family_arm_m3_TaskSupport_checkStack__E                
00004479  ti_sysbios_family_arm_m3_TaskSupport_glue                         
00003b69  ti_sysbios_family_arm_m3_TaskSupport_start__E                     
00004339  ti_sysbios_family_arm_m3_TaskSupport_swap__E                      
000040d1  ti_sysbios_family_xxx_Hwi_switchAndRunFunc                        
0000420b  ti_sysbios_gates_GateHwi_Handle__label__S                         
00004699  ti_sysbios_gates_GateHwi_Instance_init__E                         
00005d00  ti_sysbios_gates_GateHwi_Module__FXNS__C                          
200011b0  ti_sysbios_gates_GateHwi_Module__root__V                          
00005d6c  ti_sysbios_gates_GateHwi_Object__DESC__C                          
00005e48  ti_sysbios_gates_GateHwi_Object__PARAMS__C                        
00003b99  ti_sysbios_gates_GateHwi_Object__create__S                        
00004031  ti_sysbios_gates_GateHwi_Object__delete__S                        
20001204  ti_sysbios_gates_GateHwi_Object__table__V                         
000045d1  ti_sysbios_gates_GateHwi_enter__E                                 
00004661  ti_sysbios_gates_GateHwi_leave__E                                 
00004681  ti_sysbios_gates_GateHwi_query__E                                 
00005f2c  ti_sysbios_gates_GateMutex_A_badContext__C                        
00004225  ti_sysbios_gates_GateMutex_Handle__label__S                       
00005f30  ti_sysbios_gates_GateMutex_Instance_State_sem__O                  
00004489  ti_sysbios_gates_GateMutex_Instance_finalize__E                   
000040f1  ti_sysbios_gates_GateMutex_Instance_init__E                       
00005d24  ti_sysbios_gates_GateMutex_Module__FXNS__C                        
00005f34  ti_sysbios_gates_GateMutex_Module__diagsEnabled__C                
00005f38  ti_sysbios_gates_GateMutex_Module__diagsIncluded__C               
00005f3c  ti_sysbios_gates_GateMutex_Module__diagsMask__C                   
00006034  ti_sysbios_gates_GateMutex_Module__id__C                          
200011b8  ti_sysbios_gates_GateMutex_Module__root__V                        
00005d8c  ti_sysbios_gates_GateMutex_Object__DESC__C                        
00005e60  ti_sysbios_gates_GateMutex_Object__PARAMS__C                      
00003bc9  ti_sysbios_gates_GateMutex_Object__create__S                      
00003ef5  ti_sysbios_gates_GateMutex_Object__delete__S                      
2000111c  ti_sysbios_gates_GateMutex_Object__table__V                       
00002029  ti_sysbios_gates_GateMutex_enter__E                               
00004351  ti_sysbios_gates_GateMutex_leave__E                               
00004689  ti_sysbios_gates_GateMutex_query__E                               
00005f40  ti_sysbios_hal_Hwi_E_stackOverflow__C                             
000041f1  ti_sysbios_hal_Hwi_HwiProxy_Handle__label__S                      
00004321  ti_sysbios_hal_Hwi_HwiProxy_Module__startupDone__S                
000034b9  ti_sysbios_hal_Hwi_HwiProxy_disableInterrupt__E                   
00003501  ti_sysbios_hal_Hwi_HwiProxy_enableInterrupt__E                    
00003621  ti_sysbios_hal_Hwi_HwiProxy_getStackInfo__E                       
00004649  ti_sysbios_hal_Hwi_HwiProxy_startup__E                            
000043f1  ti_sysbios_hal_Hwi_HwiProxy_switchFromBootStack__E                
00006036  ti_sysbios_hal_Hwi_Module__id__C                                  
00004431  ti_sysbios_hal_Hwi_Module_startup__E                              
00003a31  ti_sysbios_hal_Hwi_checkStack                                     
000034b9  ti_sysbios_hal_Hwi_disableInterrupt__E                            
00003501  ti_sysbios_hal_Hwi_enableInterrupt__E                             
00003621  ti_sysbios_hal_Hwi_getStackInfo__E                                
00003ad1  ti_sysbios_hal_Hwi_initStack                                      
00004649  ti_sysbios_hal_Hwi_startup__E                                     
000043f1  ti_sysbios_hal_Hwi_switchFromBootStack__E                         
00005f44  ti_sysbios_knl_Clock_Module_State_clockQ__O                       
200010cc  ti_sysbios_knl_Clock_Module__state__V                             
00003f19  ti_sysbios_knl_Clock_Module_startup__E                            
00004309  ti_sysbios_knl_Clock_TimerProxy_Module__startupDone__S            
00002025  ti_sysbios_knl_Clock_TimerProxy_getMaxTicks__E                    
000037b9  ti_sysbios_knl_Clock_TimerProxy_startup__E                        
00003ce9  ti_sysbios_knl_Clock_doTick__I                                    
000046a1  ti_sysbios_knl_Clock_logTick__E                                   
00002951  ti_sysbios_knl_Clock_workFunc__E                                  
00005f48  ti_sysbios_knl_Idle_funcList__A                                   
00005eb8  ti_sysbios_knl_Idle_funcList__C                                   
00004549  ti_sysbios_knl_Idle_loop__E                                       
00004051  ti_sysbios_knl_Idle_run__E                                        
00004669  ti_sysbios_knl_Queue_Instance_init__E                             
200011c0  ti_sysbios_knl_Queue_Module__root__V                              
00005dac  ti_sysbios_knl_Queue_Object__DESC__C                              
00005e78  ti_sysbios_knl_Queue_Object__PARAMS__C                            
0000410d  ti_sysbios_knl_Queue_Object__destruct__S                          
000045dd  ti_sysbios_knl_Queue_Object__get__S                               
00003d15  ti_sysbios_knl_Queue_construct                                    
000020dd  ti_sysbios_knl_Queue_destruct                                     
00004559  ti_sysbios_knl_Queue_empty__E                                     
00004129  ti_sysbios_knl_Queue_put__E                                       
00005f4c  ti_sysbios_knl_Semaphore_A_badContext__C                          
00005f50  ti_sysbios_knl_Semaphore_A_noEvents__C                            
00005f54  ti_sysbios_knl_Semaphore_A_overflow__C                            
00005f58  ti_sysbios_knl_Semaphore_A_pendTaskDisabled__C                    
00005f5c  ti_sysbios_knl_Semaphore_Instance_State_pendQ__O                  
00004499  ti_sysbios_knl_Semaphore_Instance_finalize__E                     
000024c9  ti_sysbios_knl_Semaphore_Instance_init__E                         
00005f60  ti_sysbios_knl_Semaphore_Module__diagsEnabled__C                  
00005f64  ti_sysbios_knl_Semaphore_Module__diagsIncluded__C                 
00005f68  ti_sysbios_knl_Semaphore_Module__diagsMask__C                     
00006038  ti_sysbios_knl_Semaphore_Module__id__C                            
200011c8  ti_sysbios_knl_Semaphore_Module__root__V                          
00005dcc  ti_sysbios_knl_Semaphore_Object__DESC__C                          
00005d48  ti_sysbios_knl_Semaphore_Object__PARAMS__C                        
00004071  ti_sysbios_knl_Semaphore_Object__destruct__S                      
00003bf9  ti_sysbios_knl_Semaphore_construct                                
00002195  ti_sysbios_knl_Semaphore_destruct                                 
00003c29  ti_sysbios_knl_Semaphore_pendTimeout__I                           
000007c1  ti_sysbios_knl_Semaphore_pend__E                                  
00001c21  ti_sysbios_knl_Semaphore_post__E                                  
0000423f  ti_sysbios_knl_Swi_Handle__label__S                               
20000e68  ti_sysbios_knl_Swi_Module_State_0_readyQ__A                       
20001138  ti_sysbios_knl_Swi_Module__state__V                               
00003df1  ti_sysbios_knl_Swi_Module_startup__E                              
00005f6c  ti_sysbios_knl_Swi_Object__count__C                               
00004405  ti_sysbios_knl_Swi_Object__get__S                                 
2000109c  ti_sysbios_knl_Swi_Object__table__V                               
000044a9  ti_sysbios_knl_Swi_disable__E                                     
00003669  ti_sysbios_knl_Swi_post__E                                        
00002aa1  ti_sysbios_knl_Swi_restoreHwi__E                                  
00003839  ti_sysbios_knl_Swi_restore__E                                     
000033d1  ti_sysbios_knl_Swi_runLoop__I                                     
00002eb1  ti_sysbios_knl_Swi_run__I                                         
00002f11  ti_sysbios_knl_Swi_schedule__I                                    
00004671  ti_sysbios_knl_Swi_startup__E                                     
00005f70  ti_sysbios_knl_Task_E_spOutOfBounds__C                            
00005f74  ti_sysbios_knl_Task_E_stackOverflow__C                            
00004259  ti_sysbios_knl_Task_Handle__label__S                              
[...]
00004339  ti_sysbios_family_arm_m3_TaskSupport_swap__E                      
00004339  ti_sysbios_knl_Task_SupportProxy_swap__E                          
00004345  ti_sysbios_knl_Task_swapReturn                                    
00004351  ti_sysbios_gates_GateMutex_leave__E                               
00004369  xdc_runtime_Error_check__E                                        
00004381  xdc_runtime_System_exit__E                                        
00004399  xdc_runtime_Text_ropeText__E                                      
000043b1  ti_sysbios_BIOS_exitFunc__I                                       
000043c7  strlen                                                            
000043dd  ti_sysbios_family_arm_m3_Hwi_Object__get__S                       
000043f1  ti_sysbios_family_arm_m3_Hwi_switchFromBootStack__E               
000043f1  ti_sysbios_hal_Hwi_HwiProxy_switchFromBootStack__E                
000043f1  ti_sysbios_hal_Hwi_switchFromBootStack__E                         
00004405  ti_sysbios_knl_Swi_Object__get__S                                 
00004419  TimerLoadSet                                                      
0000442b  SysCtlDelay                                                       
00004431  ti_sysbios_hal_Hwi_Module_startup__E                              
00004443  xdc_runtime_Startup_exec__I                                       
00004459  ti_sysbios_BIOS_setThreadType__E                                  
00004469  ti_sysbios_BIOS_start__E                                          
00004479  ti_sysbios_family_arm_m3_TaskSupport_glue                         
00004489  ti_sysbios_gates_GateMutex_Instance_finalize__E                   
00004499  ti_sysbios_knl_Semaphore_Instance_finalize__E                     
000044a9  ti_sysbios_knl_Swi_disable__E                                     
000044b9  ti_sysbios_knl_Task_Object__get__S                                
000044c9  ti_sysbios_knl_Task_disable__E                                    
000044d9  xdc_runtime_Gate_leaveSystem__E                                   
000044e9  xdc_runtime_Memory_free__E                                        
000044f9  xdc_runtime_SysMin_ready__E                                       
000044f9  xdc_runtime_System_SupportProxy_ready__E                          
00004509  xdc_runtime_System_vsnprintf__E                                   
00004519  xdc_runtime_Text_visitRope__I                                     
00004529  TimerEnable                                                       
00004537  __TI_decompress_none                                              
00004549  ti_sysbios_knl_Idle_loop__E                                       
00004559  ti_sysbios_knl_Queue_empty__E                                     
00004567  xdc_runtime_HeapStd_getStats__E                                   
00004575  ti_catalog_arm_cortexm4_tiva_ce_Boot_init__I                      
00004581  _register_lock                                                    
0000458d  _register_unlock                                                  
00004599  __TI_zero_init                                                    
000045a5  main                                                              
000045b1  ti_sysbios_family_arm_lm4_Timer_getMaxTicks__E                    
000045c1  ti_sysbios_family_arm_m3_TaskSupport_checkStack__E                
000045c1  ti_sysbios_knl_Task_SupportProxy_checkStack__E                    
000045d1  ti_sysbios_gates_GateHwi_enter__E                                 
000045dd  ti_sysbios_knl_Queue_Object__get__S                               
000045e9  xdc_runtime_Error_init__E                                         
000045f5  xdc_runtime_Gate_enterSystem__E                                   
00004601  xdc_runtime_Memory_calloc__E                                      
0000460d  xdc_runtime_Memory_getMaxDefaultTypeAlign__E                      
00004619  xdc_runtime_Memory_HeapProxy_alloc__E                             
00004623  xdc_runtime_Memory_HeapProxy_free__E                              
0000462d  TimerIntEnable                                                    
00004635  ti_sysbios_family_arm_lm4_Timer_masterDisable__I                  
00004641  ti_sysbios_family_arm_m3_Hwi_doSwiRestore__I                      
00004649  ti_sysbios_family_arm_m3_Hwi_startup__E                           
00004649  ti_sysbios_hal_Hwi_HwiProxy_startup__E                            
00004649  ti_sysbios_hal_Hwi_startup__E                                     
00004651  ti_catalog_arm_cortexm4_tiva_ce_Boot_sysCtlDelayI__I              
00004659  ti_sysbios_family_arm_m3_Hwi_doTaskRestore__I                     
00004661  ti_sysbios_gates_GateHwi_leave__E                                 
00004669  ti_sysbios_knl_Queue_Instance_init__E                             
00004671  ti_sysbios_knl_Swi_startup__E                                     
00004677  xdc_runtime_System_Module_startup__E                              
00004681  ti_sysbios_gates_GateHwi_query__E                                 
00004681  xdc_runtime_Main_Module_GateProxy_query__E                        
00004681  xdc_runtime_System_Module_GateProxy_query__E                      
00004689  ti_sysbios_BIOS_RtsGateProxy_query__E                             
00004689  ti_sysbios_gates_GateMutex_query__E                               
00004691  ti_sysbios_knl_Task_startup__E                                    
00004699  ti_sysbios_gates_GateHwi_Instance_init__E                         
000046a1  ti_sysbios_knl_Clock_logTick__E                                   
000046a4  xdc_runtime_Text_charTab__A                                       
00005b6c  xdc_runtime_Text_nodeTab__A                                       
00005cd8  xdc_runtime_HeapStd_Module__FXNS__C                               
00005d00  ti_sysbios_gates_GateHwi_Module__FXNS__C                          
00005d24  ti_sysbios_gates_GateMutex_Module__FXNS__C                        
00005d48  ti_sysbios_knl_Semaphore_Object__PARAMS__C                        
00005d6c  ti_sysbios_gates_GateHwi_Object__DESC__C                          
00005d8c  ti_sysbios_gates_GateMutex_Object__DESC__C                        
00005dac  ti_sysbios_knl_Queue_Object__DESC__C                              
00005dcc  ti_sysbios_knl_Semaphore_Object__DESC__C                          
00005dec  xdc_runtime_HeapStd_Object__DESC__C                               
00005e0c  xdc_runtime_Startup_sfxnTab__A                                    
00005e2c  xdc_runtime_HeapStd_Object__PARAMS__C                             
00005e48  ti_sysbios_gates_GateHwi_Object__PARAMS__C                        
00005e60  ti_sysbios_gates_GateMutex_Object__PARAMS__C                      
00005e78  ti_sysbios_knl_Queue_Object__PARAMS__C                            
00005e90  xdc_runtime_Startup_firstFxns__A                                  
00005ea0  xdc_runtime_Startup_sfxnRts__A                                    
00005eb0  ti_sysbios_family_arm_m3_Hwi_excHookFuncs__A                      
00005eb8  ti_sysbios_knl_Idle_funcList__C                                   
00005ec0  xdc_runtime_Startup_firstFxns__C                                  
00005ec8  xdc_runtime_Startup_lastFxns__C                                   
00005ed0  ti_catalog_arm_cortexm4_tiva_ce_Boot_A_mustUseEnhancedClockMode__C
00005ed4  ti_catalog_arm_cortexm4_tiva_ce_Boot_Module__diagsEnabled__C      
00005ed8  ti_catalog_arm_cortexm4_tiva_ce_Boot_Module__diagsIncluded__C     
00005edc  ti_catalog_arm_cortexm4_tiva_ce_Boot_Module__diagsMask__C         
00005ee0  ti_sysbios_family_arm_lm4_Timer_enableFunc__C                     
00005ee4  ti_sysbios_family_arm_lm4_Timer_numTimerDevices__C                
00005ee8  ti_sysbios_family_arm_lm4_Timer_startupNeeded__C                  
00005eec  ti_sysbios_family_arm_m3_Hwi_E_NMI__C                             
00005ef0  ti_sysbios_family_arm_m3_Hwi_E_busFault__C                        
00005ef4  ti_sysbios_family_arm_m3_Hwi_E_debugMon__C                        
00005ef8  ti_sysbios_family_arm_m3_Hwi_E_hardFault__C                       
00005efc  ti_sysbios_family_arm_m3_Hwi_E_memFault__C                        
00005f00  ti_sysbios_family_arm_m3_Hwi_E_noIsr__C                           
00005f04  ti_sysbios_family_arm_m3_Hwi_E_reserved__C                        
00005f08  ti_sysbios_family_arm_m3_Hwi_E_svCall__C                          
00005f0c  ti_sysbios_family_arm_m3_Hwi_E_usageFault__C                      
00005f10  ti_sysbios_family_arm_m3_Hwi_NUM_INTERRUPTS__C                    
00005f14  ti_sysbios_family_arm_m3_Hwi_Object__count__C                     
00005f18  ti_sysbios_family_arm_m3_Hwi_ccr__C                               
00005f1c  ti_sysbios_family_arm_m3_Hwi_excHandlerFunc__C                    
00005f20  ti_sysbios_family_arm_m3_Hwi_excHookFuncs__C                      
00005f24  ti_sysbios_family_arm_m3_Hwi_nullIsrFunc__C                       
00005f28  ti_sysbios_family_arm_m3_Hwi_priGroup__C                          
00005f2c  ti_sysbios_gates_GateMutex_A_badContext__C                        
00005f30  ti_sysbios_gates_GateMutex_Instance_State_sem__O                  
00005f34  ti_sysbios_gates_GateMutex_Module__diagsEnabled__C                
00005f38  ti_sysbios_gates_GateMutex_Module__diagsIncluded__C               
00005f3c  ti_sysbios_gates_GateMutex_Module__diagsMask__C                   
00005f40  ti_sysbios_hal_Hwi_E_stackOverflow__C                             
00005f44  ti_sysbios_knl_Clock_Module_State_clockQ__O                       
00005f48  ti_sysbios_knl_Idle_funcList__A                                   
00005f4c  ti_sysbios_knl_Semaphore_A_badContext__C                          
00005f50  ti_sysbios_knl_Semaphore_A_noEvents__C                            
00005f54  ti_sysbios_knl_Semaphore_A_overflow__C                            
00005f58  ti_sysbios_knl_Semaphore_A_pendTaskDisabled__C                    
00005f5c  ti_sysbios_knl_Semaphore_Instance_State_pendQ__O                  
00005f60  ti_sysbios_knl_Semaphore_Module__diagsEnabled__C                  
00005f64  ti_sysbios_knl_Semaphore_Module__diagsIncluded__C                 
00005f68  ti_sysbios_knl_Semaphore_Module__diagsMask__C                     
00005f6c  ti_sysbios_knl_Swi_Object__count__C                               
00005f70  ti_sysbios_knl_Task_E_spOutOfBounds__C                            
00005f74  ti_sysbios_knl_Task_E_stackOverflow__C                            
00005f78  ti_sysbios_knl_Task_Module_State_inactiveQ__O                     
00005f7c  ti_sysbios_knl_Task_Object__count__C                              
00005f80  ti_sysbios_knl_Task_allBlockedFunc__C                             
00005f84  ti_sysbios_knl_Task_numConstructedTasks__C                        
00005f88  xdc_runtime_Assert_E_assertFailed__C                              
00005f8c  xdc_runtime_Core_A_initializedParams__C                           
00005f90  xdc_runtime_Core_Module__diagsEnabled__C                          
00005f94  xdc_runtime_Core_Module__diagsIncluded__C                         
00005f98  xdc_runtime_Core_Module__diagsMask__C                             
00005f9c  xdc_runtime_Error_E_memory__C                                     
00005fa0  xdc_runtime_Error_Module__diagsEnabled__C                         
00005fa4  xdc_runtime_Error_Module__diagsIncluded__C                        
00005fa8  xdc_runtime_Error_Module__diagsMask__C                            
00005fac  xdc_runtime_Error_Module__loggerFxn8__C                           
00005fb0  xdc_runtime_Error_Module__loggerObj__C                            
00005fb4  xdc_runtime_Error_policyFxn__C                                    
00005fb8  xdc_runtime_Error_raiseHook__C                                    
00005fbc  xdc_runtime_HeapStd_A_align__C                                    
00005fc0  xdc_runtime_HeapStd_A_invalidTotalFreeSize__C                     
00005fc4  xdc_runtime_HeapStd_A_zeroSize__C                                 
00005fc8  xdc_runtime_HeapStd_E_noRTSMemory__C                              
00005fcc  xdc_runtime_HeapStd_Module__diagsEnabled__C                       
00005fd0  xdc_runtime_HeapStd_Module__diagsIncluded__C                      
00005fd4  xdc_runtime_HeapStd_Module__diagsMask__C                          
00005fd8  xdc_runtime_IGateProvider_Interface__BASE__C                      
00005fdc  xdc_runtime_IHeap_Interface__BASE__C                              
00005fe0  xdc_runtime_IModule_Interface__BASE__C                            
00005fe4  xdc_runtime_Log_L_error__C                                        
00005fe8  xdc_runtime_Memory_defaultHeapInstance__C                         
00005fec  xdc_runtime_Startup_execImpl__C                                   
00005ff0  xdc_runtime_Startup_maxPasses__C                                  
00005ff4  xdc_runtime_Startup_sfxnRts__C                                    
00005ff8  xdc_runtime_Startup_sfxnTab__C                                    
00005ffc  xdc_runtime_SysMin_bufSize__C                                     
00006000  xdc_runtime_SysMin_outputFunc__C                                  
00006004  xdc_runtime_System_Module__gateObj__C                             
00006008  xdc_runtime_System_abortFxn__C                                    
0000600c  xdc_runtime_System_exitFxn__C                                     
00006010  xdc_runtime_System_extendFxn__C                                   
00006014  xdc_runtime_System_maxAtexitHandlers__C                           
00006018  xdc_runtime_Text_charTab__C                                       
0000601c  xdc_runtime_Text_nameEmpty__C                                     
00006020  xdc_runtime_Text_nameStatic__C                                    
00006024  xdc_runtime_Text_nameUnknown__C                                   
00006028  xdc_runtime_Text_nodeTab__C                                       
0000602c  xdc_runtime_Text_visitRopeFxn__C                                  
00006030  ti_catalog_arm_cortexm4_tiva_ce_Boot_Module__id__C                
00006032  ti_sysbios_family_arm_m3_Hwi_Module__id__C                        
00006034  ti_sysbios_gates_GateMutex_Module__id__C                          
00006036  ti_sysbios_hal_Hwi_Module__id__C                                  
00006038  ti_sysbios_knl_Semaphore_Module__id__C                            
0000603a  ti_sysbios_knl_Task_Module__id__C                                 
0000603c  xdc_runtime_Core_Module__id__C                                    
0000603e  xdc_runtime_Error_Module__loggerDefined__C                        
00006040  xdc_runtime_Error_maxDepth__C                                     
00006042  xdc_runtime_HeapStd_Module__id__C                                 
00006044  xdc_runtime_Memory_Module__id__C                                  
00006046  xdc_runtime_SysMin_flushAtExit__C                                 
00006048  xdc_runtime_Text_charCnt__C                                       
0000604a  xdc_runtime_Text_isLoaded__C                                      
0000604c  xdc_runtime_Text_registryModsLastId__C                            
0000604e  xdc_runtime_Text_unnamedModsLastId__C                             
00006050  xdc_runtime_Error_policy__C                                       
00006058  __TI_static_base__                                                
000061f4  __TI_Handler_Table_Base                                           
00006200  __TI_Handler_Table_Limit                                          
00006210  __TI_CINIT_Base                                                   
00006228  __TI_CINIT_Limit                                                  
20000000  ti_sysbios_family_arm_m3_Hwi_ramVectors                           
20000360  ti_sysbios_family_arm_m3_Hwi_dispatchTable                        
200006c0  ti_sysbios_knl_Task_Instance_State_0_stack__A                     
200008c0  __CIOBUF_                                                         
200009e0  xdc_runtime_SysMin_Module_State_0_outbuf__A                       
20000a60  parmbuf                                                           
20000a68  __stack                                                           
20000e68  __STACK_END                                                       
20000e68  ti_sysbios_knl_Swi_Module_State_0_readyQ__A                       
20000ee8  ti_sysbios_knl_Task_Module_State_0_readyQ__A                      
20000f68  ti_sysbios_knl_Task_Object__table__V                              
20000fb4  ti_sysbios_knl_Task_Module__state__V                              
20000ff8  ti_sysbios_family_arm_lm4_Timer_Object__table__V                  
20001038  ti_sysbios_family_arm_m3_Hwi_Module__state__V                     
2000106c  ti_sysbios_family_arm_lm4_Timer_Module_State_0_device__A          
2000109c  ti_sysbios_knl_Swi_Object__table__V                               
200010cc  ti_sysbios_knl_Clock_Module__state__V                             
200010f8  ti_sysbios_BIOS_Module__state__V                                  
2000111c  ti_sysbios_gates_GateMutex_Object__table__V                       
20001138  ti_sysbios_knl_Swi_Module__state__V                               
20001154  ti_sysbios_family_arm_lm4_Timer_Module_State_0_handles__A         
2000116c  ti_sysbios_family_arm_m3_Hwi_Object__table__V                     
20001184  ti_sysbios_family_arm_lm4_Timer_Module__state__V                  
20001190  xdc_runtime_HeapStd_Object__table__V                              
2000119c  xdc_runtime_SysMin_Module__state__V                               
200011a8  _lock                                                             
200011ac  _unlock                                                           
200011b0  ti_sysbios_gates_GateHwi_Module__root__V                          
200011b8  ti_sysbios_gates_GateMutex_Module__root__V                        
200011c0  ti_sysbios_knl_Queue_Module__root__V                              
200011c8  ti_sysbios_knl_Semaphore_Module__root__V                          
200011d0  xdc_runtime_HeapStd_Module__root__V                               
200011d8  xdc_runtime_Registry_Module__state__V                             
200011e0  xdc_runtime_Startup_Module__state__V                              
200011e8  xdc_runtime_System_Module_State_0_atexitHandlers__A               
200011f0  xdc_runtime_System_Module__state__V                               
200011f8  main_func_sp                                                      
200011fc  ti_sysbios_family_arm_m3_Hwi_Module_State_0_excContext__A         
20001200  ti_sysbios_family_arm_m3_Hwi_Module_State_0_excStack__A           
20001204  ti_sysbios_gates_GateHwi_Object__table__V                         
20001208  ti_sysbios_knl_Task_Module_State_0_idleTask__A                    
2000120c  xdc_runtime_HeapStd_Module__state__V                              
20001210  xdc_runtime_Memory_Module__state__V                               
20001214  ti_sysbios_family_arm_m3_Hwi_Module_State_0_excActive__A          
20001216  xdc_runtime_Error_Module__state__V                                
e000e000  ti_sysbios_family_arm_m3_Hwi_nvic                                 
ffffffff  __TI_pprof_out_hndl                                               
ffffffff  __TI_prof_data_size                                               
ffffffff  __TI_prof_data_start                                              
ffffffff  __binit__                                                         
ffffffff  __c_args__                                                        
ffffffff  binit                                                             
UNDEFED   SHT$$INIT_ARRAY$$Base                                             
UNDEFED   SHT$$INIT_ARRAY$$Limit                                            

[487 symbols]
