******************************************************************************
                  TI ARM Linker PC v18.1.3                     
******************************************************************************
>> Linked Tue Oct 30 16:18:59 2018

OUTPUT FILE NAME:   <Midterm.out>
ENTRY POINT SYMBOL: "_c_int00_noargs"  address: 00001115


MEMORY CONFIGURATION

         name            origin    length      used     unused   attr    fill
----------------------  --------  ---------  --------  --------  ----  --------
  FLASH                 00000000   00040000  0000141c  0003ebe4  R  X
  SRAM                  20000000   00008000  00000205  00007dfb  RW X


SEGMENT ALLOCATION MAP

run origin  load origin   length   init length attrs members
----------  ----------- ---------- ----------- ----- -------
00000000    00000000    00001420   00001420    r-x
  00000000    00000000    0000026c   0000026c    r-- .intvecs
  0000026c    0000026c    0000106c   0000106c    r-x .text
  000012d8    000012d8    0000012c   0000012c    r-- .const
  00001408    00001408    00000018   00000018    r-- .cinit
20000000    20000000    00000205   00000000    rw-
  20000000    20000000    00000200   00000000    rw- .stack
  20000200    20000200    00000005   00000000    rw- .data


SECTION ALLOCATION MAP

 output                                  attributes/
section   page    origin      length       input sections
--------  ----  ----------  ----------   ----------------
.intvecs   0    00000000    0000026c     
                  00000000    0000026c     tm4c123gh6pm_startup_ccs.obj (.intvecs)

.text      0    0000026c    0000106c     
                  0000026c    000004dc     uartstdio.obj (.text)
                  00000748    00000414     main.obj (.text)
                  00000b5c    00000132     driverlib.lib : gpio.obj (.text:GPIOPadConfigSet)
                  00000c8e    00000002     rtsv7M4_T_le_v4SPD16_eabi.lib : div0.asm.obj (.text)
                  00000c90    00000110     driverlib.lib : sysctl.obj (.text:SysCtlClockGet)
                  00000da0    000000f4                   : sysctl.obj (.text:SysCtlClockSet)
                  00000e94    0000009c     rtsv7M4_T_le_v4SPD16_eabi.lib : memcpy_t2.asm.obj (.text)
                  00000f30    00000068                                   : copy_decompress_lzss.c.obj (.text:decompress:lzss:__TI_decompress_lzss)
                  00000f98    00000064     driverlib.lib : hibernate.obj (.text:HibernateWakeSet)
                  00000ffc    0000004c                   : i2c.obj (.text:I2CMasterInitExpClk)
                  00001048    00000048                   : gpio.obj (.text:GPIOPinConfigure)
                  00001090    00000044     rtsv7M4_T_le_v4SPD16_eabi.lib : autoinit.c.obj (.text:__TI_auto_init_nobinit_nopinit:__TI_auto_init_nobinit_nopinit)
                  000010d4    00000040                                   : u_divt2.asm.obj (.text)
                  00001114    00000038                                   : boot_cortex_m.c.obj (.text:_c_int00_noargs:_c_int00_noargs)
                  0000114c    00000034     driverlib.lib : sysctl.obj (.text:SysCtlPeripheralEnable)
                  00001180    0000002c                   : hibernate.obj (.text:HibernateRTCSet)
                  000011ac    0000002a                   : gpio.obj (.text:GPIODirModeSet)
                  000011d6    00000002     --HOLE-- [fill = 0]
                  000011d8    00000018                   : hibernate.obj (.text:HibernateGPIORetentionEnable)
                  000011f0    00000014                   : hibernate.obj (.text:HibernateEnableExpClk)
                  00001204    00000014                   : hibernate.obj (.text:HibernateRTCEnable)
                  00001218    00000014                   : hibernate.obj (.text:HibernateRequest)
                  0000122c    00000012                   : gpio.obj (.text:GPIOPinTypeI2C)
                  0000123e    00000012                   : gpio.obj (.text:GPIOPinTypeI2CSCL)
                  00001250    00000012                   : gpio.obj (.text:GPIOPinTypeUART)
                  00001262    00000002     --HOLE-- [fill = 0]
                  00001264    00000010                   : hibernate.obj (.text:HibernateRTCMatchSet)
                  00001274    00000010                   : hibernate.obj (.text:_HibernateWriteComplete)
                  00001284    0000000e     rtsv7M4_T_le_v4SPD16_eabi.lib : copy_decompress_none.c.obj (.text:decompress:none:__TI_decompress_none)
                  00001292    0000000c     tm4c123gh6pm_startup_ccs.obj (.text)
                  0000129e    0000000a     driverlib.lib : i2c.obj (.text:I2CMasterEnable)
                  000012a8    00000008                   : i2c.obj (.text:I2CMasterBusy)
                  000012b0    00000008                   : i2c.obj (.text:I2CMasterSlaveAddrSet)
                  000012b8    00000006                   : sysctl.obj (.text:SysCtlDelay)
                  000012be    00000006                   : uart.obj (.text:UARTClockSourceSet)
                  000012c4    00000004                   : i2c.obj (.text:I2CMasterControl)
                  000012c8    00000004                   : i2c.obj (.text:I2CMasterDataGet)
                  000012cc    00000004                   : i2c.obj (.text:I2CMasterDataPut)
                  000012d0    00000004     rtsv7M4_T_le_v4SPD16_eabi.lib : pre_init.c.obj (.text:_system_pre_init)
                  000012d4    00000004                                   : exit.c.obj (.text:abort:abort)

.const     0    000012d8    0000012c     
                  000012d8    00000090     driverlib.lib : gpio.obj (.const:g_pui32GPIOBaseAddrs)
                  00001368    0000006c                   : sysctl.obj (.const:g_pui32Xtals)
                  000013d4    00000012     uartstdio.obj (.const:.string)
                  000013e6    00000002     --HOLE-- [fill = 0]
                  000013e8    0000000c     uartstdio.obj (.const:g_ui32UARTBase)
                  000013f4    0000000c     uartstdio.obj (.const:g_ui32UARTPeriph)
                  00001400    00000004     uartstdio.obj (.const)

.cinit     0    00001408    00000018     
                  00001408    00000008     (__TI_handler_table)
                  00001410    00000007     (.cinit..data.load) [load image, compression = lzss]
                  00001417    00000001     --HOLE-- [fill = 0]
                  00001418    00000008     (__TI_cinit_table)

.init_array 
*          0    00000000    00000000     UNINITIALIZED

.data      0    20000200    00000005     UNINITIALIZED
                  20000200    00000005     uartstdio.obj (.data)

.stack     0    20000000    00000200     UNINITIALIZED
                  20000000    00000004     rtsv7M4_T_le_v4SPD16_eabi.lib : boot_cortex_m.c.obj (.stack)
                  20000004    000001fc     --HOLE--

MODULE SUMMARY

       Module                         code   ro data   rw data
       ------                         ----   -------   -------
    .\
       uartstdio.obj                  1244   46        5      
       main.obj                       1044   0         0      
       tm4c123gh6pm_startup_ccs.obj   12     620       0      
    +--+------------------------------+------+---------+---------+
       Total:                         2300   666       5      
                                                              
    C:/ti/tivaware_c_series_2_1_4_178/driverlib/ccs/Debug/driverlib.lib
       sysctl.obj                     574    108       0      
       gpio.obj                       474    144       0      
       hibernate.obj                  260    0         0      
       i2c.obj                        114    0         0      
       uart.obj                       6      0         0      
    +--+------------------------------+------+---------+---------+
       Total:                         1428   252       0      
                                                              
    C:\ti\ccsv8\tools\compiler\ti-cgt-arm_18.1.3.LTS\lib\rtsv7M4_T_le_v4SPD16_eabi.lib
       memcpy_t2.asm.obj              156    0         0      
       copy_decompress_lzss.c.obj     104    0         0      
       autoinit.c.obj                 68     0         0      
       u_divt2.asm.obj                64     0         0      
       boot_cortex_m.c.obj            56     0         0      
       copy_decompress_none.c.obj     14     0         0      
       exit.c.obj                     4      0         0      
       pre_init.c.obj                 4      0         0      
       div0.asm.obj                   2      0         0      
    +--+------------------------------+------+---------+---------+
       Total:                         472    0         0      
                                                              
       Stack:                         0      0         512    
       Linker Generated:              0      23        0      
    +--+------------------------------+------+---------+---------+
       Grand Total:                   4200   941       517    


LINKER GENERATED COPY TABLES

__TI_cinit_table @ 00001418 records: 1, size/record: 8, table size: 8
	.data: load addr=00001410, load size=00000007 bytes, run addr=20000200, run size=00000005 bytes, compression=lzss


LINKER GENERATED HANDLER TABLE

__TI_handler_table @ 00001408 records: 2, size/record: 4, table size: 8
	index: 0, handler: __TI_decompress_lzss
	index: 1, handler: __TI_decompress_none


GLOBAL SYMBOLS: SORTED ALPHABETICALLY BY Name 

address   name                          
-------   ----                          
000012d5  C$$EXIT                       
00000749  ConfigureUART                 
000011ad  GPIODirModeSet                
00000b5d  GPIOPadConfigSet              
00001049  GPIOPinConfigure              
0000122d  GPIOPinTypeI2C                
0000123f  GPIOPinTypeI2CSCL             
00001251  GPIOPinTypeUART               
0000097f  GetLuminosity                 
000011f1  HibernateEnableExpClk         
000011d9  HibernateGPIORetentionEnable  
00001205  HibernateRTCEnable            
00001265  HibernateRTCMatchSet          
00001181  HibernateRTCSet               
00001219  HibernateRequest              
00000f99  HibernateWakeSet              
00000783  I2C0_Init                     
000008d3  I2C0_Read                     
000007c7  I2C0_Write                    
000012a9  I2CMasterBusy                 
000012c5  I2CMasterControl              
000012c9  I2CMasterDataGet              
000012cd  I2CMasterDataPut              
0000129f  I2CMasterEnable               
00000ffd  I2CMasterInitExpClk           
000012b1  I2CMasterSlaveAddrSet         
00001293  ResetISR                      
00000c91  SysCtlClockGet                
00000da1  SysCtlClockSet                
000012b9  SysCtlDelay                   
0000114d  SysCtlPeripheralEnable        
00000949  TSL2591_init                  
000012bf  UARTClockSourceSet            
0000026d  UARTStdioConfig               
000003e5  UARTgetc                      
0000031f  UARTgets                      
00000713  UARTprintf                    
00000419  UARTvprintf                   
000002cd  UARTwrite                     
20000200  __STACK_END                   
00000200  __STACK_SIZE                  
20000200  __STACK_TOP                   
00001418  __TI_CINIT_Base               
00001420  __TI_CINIT_Limit              
00001408  __TI_Handler_Table_Base       
00001410  __TI_Handler_Table_Limit      
00001091  __TI_auto_init_nobinit_nopinit
00000f31  __TI_decompress_lzss          
00001285  __TI_decompress_none          
ffffffff  __TI_pprof_out_hndl           
ffffffff  __TI_prof_data_size           
ffffffff  __TI_prof_data_start          
00000000  __TI_static_base__            
00000c8f  __aeabi_idiv0                 
00000c8f  __aeabi_ldiv0                 
00000e95  __aeabi_memcpy                
00000e95  __aeabi_memcpy4               
00000e95  __aeabi_memcpy8               
000010d5  __aeabi_uidiv                 
000010d5  __aeabi_uidivmod              
ffffffff  __binit__                     
ffffffff  __c_args__                    
UNDEFED   __mpu_init                    
20000000  __stack                       
00001115  _c_int00_noargs               
UNDEFED   _system_post_cinit            
000012d1  _system_pre_init              
000012d5  abort                         
ffffffff  binit                         
00000000  g_pfnVectors                  
00000a99  main                          
00000e95  memcpy                        


GLOBAL SYMBOLS: SORTED BY Symbol Address 

address   name                          
-------   ----                          
00000000  __TI_static_base__            
00000000  g_pfnVectors                  
00000200  __STACK_SIZE                  
0000026d  UARTStdioConfig               
000002cd  UARTwrite                     
0000031f  UARTgets                      
000003e5  UARTgetc                      
00000419  UARTvprintf                   
00000713  UARTprintf                    
00000749  ConfigureUART                 
00000783  I2C0_Init                     
000007c7  I2C0_Write                    
000008d3  I2C0_Read                     
00000949  TSL2591_init                  
0000097f  GetLuminosity                 
00000a99  main                          
00000b5d  GPIOPadConfigSet              
00000c8f  __aeabi_idiv0                 
00000c8f  __aeabi_ldiv0                 
00000c91  SysCtlClockGet                
00000da1  SysCtlClockSet                
00000e95  __aeabi_memcpy                
00000e95  __aeabi_memcpy4               
00000e95  __aeabi_memcpy8               
00000e95  memcpy                        
00000f31  __TI_decompress_lzss          
00000f99  HibernateWakeSet              
00000ffd  I2CMasterInitExpClk           
00001049  GPIOPinConfigure              
00001091  __TI_auto_init_nobinit_nopinit
000010d5  __aeabi_uidiv                 
000010d5  __aeabi_uidivmod              
00001115  _c_int00_noargs               
0000114d  SysCtlPeripheralEnable        
00001181  HibernateRTCSet               
000011ad  GPIODirModeSet                
000011d9  HibernateGPIORetentionEnable  
000011f1  HibernateEnableExpClk         
00001205  HibernateRTCEnable            
00001219  HibernateRequest              
0000122d  GPIOPinTypeI2C                
0000123f  GPIOPinTypeI2CSCL             
00001251  GPIOPinTypeUART               
00001265  HibernateRTCMatchSet          
00001285  __TI_decompress_none          
00001293  ResetISR                      
0000129f  I2CMasterEnable               
000012a9  I2CMasterBusy                 
000012b1  I2CMasterSlaveAddrSet         
000012b9  SysCtlDelay                   
000012bf  UARTClockSourceSet            
000012c5  I2CMasterControl              
000012c9  I2CMasterDataGet              
000012cd  I2CMasterDataPut              
000012d1  _system_pre_init              
000012d5  C$$EXIT                       
000012d5  abort                         
00001408  __TI_Handler_Table_Base       
00001410  __TI_Handler_Table_Limit      
00001418  __TI_CINIT_Base               
00001420  __TI_CINIT_Limit              
20000000  __stack                       
20000200  __STACK_END                   
20000200  __STACK_TOP                   
ffffffff  __TI_pprof_out_hndl           
ffffffff  __TI_prof_data_size           
ffffffff  __TI_prof_data_start          
ffffffff  __binit__                     
ffffffff  __c_args__                    
ffffffff  binit                         
UNDEFED   __mpu_init                    
UNDEFED   _system_post_cinit            

[72 symbols]
