******************************************************************************
                  TI ARM Linker PC v18.1.3                     
******************************************************************************
>> Linked Thu Oct  4 13:05:12 2018

OUTPUT FILE NAME:   <Lab4.out>
ENTRY POINT SYMBOL: "_c_int00_noinit_noargs"  address: 00000a75


MEMORY CONFIGURATION

         name            origin    length      used     unused   attr    fill
----------------------  --------  ---------  --------  --------  ----  --------
  FLASH                 00000000   00040000  00000cb4  0003f34c  R  X
  SRAM                  20000000   00008000  00000200  00007e00  RW X


SEGMENT ALLOCATION MAP

run origin  load origin   length   init length attrs members
----------  ----------- ---------- ----------- ----- -------
00000000    00000000    00000cb4   00000cb4    r-x
  00000000    00000000    0000026c   0000026c    r-- .intvecs
  0000026c    0000026c    0000096c   0000096c    r-x .text
  00000bd8    00000bd8    000000dc   000000dc    r-- .const
20000000    20000000    00000200   00000000    rw-
  20000000    20000000    00000200   00000000    rw- .stack


SECTION ALLOCATION MAP

 output                                  attributes/
section   page    origin      length       input sections
--------  ----  ----------  ----------   ----------------
.intvecs   0    00000000    0000026c     
                  00000000    0000026c     tm4c123gh6pm_startup_ccs.obj (.intvecs)

.text      0    0000026c    0000096c     
                  0000026c    000001b6     rtsv7M4_T_le_v4SPD16_eabi.lib : fd_add_t2.asm.obj (.text)
                  00000422    00000002     --HOLE-- [fill = 0]
                  00000424    00000180     main.obj (.text)
                  000005a4    00000132     driverlib.lib : gpio.obj (.text:GPIOPadConfigSet)
                  000006d6    00000002     --HOLE-- [fill = 0]
                  000006d8    00000110                   : sysctl.obj (.text:SysCtlClockGet)
                  000007e8    000000f4                   : sysctl.obj (.text:SysCtlClockSet)
                  000008dc    00000068                   : interrupt.obj (.text:IntEnable)
                  00000944    00000060                   : timer.obj (.text:TimerConfigure)
                  000009a4    00000056                   : gpio.obj (.text:GPIOIntTypeSet)
                  000009fa    00000044     rtsv7M4_T_le_v4SPD16_eabi.lib : fd_tou_t2.asm.obj (.text)
                  00000a3e    00000002     --HOLE-- [fill = 0]
                  00000a40    00000034     driverlib.lib : sysctl.obj (.text:SysCtlPeripheralEnable)
                  00000a74    00000030     rtsv7M4_T_le_v4SPD16_eabi.lib : boot_cortex_m.c.obj (.text:_c_int00_noinit_noargs:_c_int00_noinit_noargs)
                  00000aa4    0000002a     driverlib.lib : gpio.obj (.text:GPIODirModeSet)
                  00000ace    00000020     rtsv7M4_T_le_v4SPD16_eabi.lib : u_tofd_t2.asm.obj (.text)
                  00000aee    00000018     driverlib.lib : gpio.obj (.text:GPIOPinTypeGPIOOutput)
                  00000b06    00000002     --HOLE-- [fill = 0]
                  00000b08    00000018                   : timer.obj (.text:TimerDisable)
                  00000b20    00000012                   : gpio.obj (.text:GPIOPinTypeGPIOInput)
                  00000b32    00000012                   : timer.obj (.text:TimerLoadSet)
                  00000b44    00000010                   : interrupt.obj (.text:IntMasterDisable)
                  00000b54    00000010                   : interrupt.obj (.text:IntMasterEnable)
                  00000b64    0000000e                   : timer.obj (.text:TimerEnable)
                  00000b72    0000000c                   : cpu.obj (.text:CPUcpsid)
                  00000b7e    0000000c                   : cpu.obj (.text:CPUcpsie)
                  00000b8a    0000000c                   : gpio.obj (.text:GPIOIntEnable)
                  00000b96    0000000c     tm4c123gh6pm_startup_ccs.obj (.text)
                  00000ba2    0000000a     driverlib.lib : timer.obj (.text:TimerIntStatus)
                  00000bac    00000008                   : timer.obj (.text:TimerIntEnable)
                  00000bb4    00000006                   : gpio.obj (.text:GPIOIntClear)
                  00000bba    00000006                   : gpio.obj (.text:GPIOPinRead)
                  00000bc0    00000006                   : gpio.obj (.text:GPIOPinWrite)
                  00000bc6    00000006                   : sysctl.obj (.text:SysCtlDelay)
                  00000bcc    00000004                   : timer.obj (.text:TimerIntClear)
                  00000bd0    00000004     rtsv7M4_T_le_v4SPD16_eabi.lib : pre_init.c.obj (.text:_system_pre_init)
                  00000bd4    00000004                                   : exit.c.obj (.text:abort:abort)

.const     0    00000bd8    000000dc     
                  00000bd8    00000070     driverlib.lib : interrupt.obj (.const)
                  00000c48    0000006c                   : sysctl.obj (.const:g_pui32Xtals)

.cinit     0    00000000    00000000     UNINITIALIZED

.init_array 
*          0    00000000    00000000     UNINITIALIZED

.stack     0    20000000    00000200     UNINITIALIZED
                  20000000    00000004     rtsv7M4_T_le_v4SPD16_eabi.lib : boot_cortex_m.c.obj (.stack)
                  20000004    000001fc     --HOLE--

MODULE SUMMARY

       Module                         code   ro data   rw data
       ------                         ----   -------   -------
    .\
       tm4c123gh6pm_startup_ccs.obj   12     620       0      
       main.obj                       384    0         0      
    +--+------------------------------+------+---------+---------+
       Total:                         396    620       0      
                                                              
    C:/ti/tivaware_c_series_2_1_4_178/driverlib/ccs/Debug/driverlib.lib
       sysctl.obj                     574    108       0      
       gpio.obj                       506    0         0      
       interrupt.obj                  136    112       0      
       timer.obj                      174    0         0      
       cpu.obj                        24     0         0      
    +--+------------------------------+------+---------+---------+
       Total:                         1414   220       0      
                                                              
    C:\ti\ccsv8\tools\compiler\ti-cgt-arm_18.1.3.LTS\lib\rtsv7M4_T_le_v4SPD16_eabi.lib
       fd_add_t2.asm.obj              438    0         0      
       fd_tou_t2.asm.obj              68     0         0      
       boot_cortex_m.c.obj            48     0         0      
       u_tofd_t2.asm.obj              32     0         0      
       exit.c.obj                     4      0         0      
       pre_init.c.obj                 4      0         0      
    +--+------------------------------+------+---------+---------+
       Total:                         594    0         0      
                                                              
       Stack:                         0      0         512    
    +--+------------------------------+------+---------+---------+
       Grand Total:                   2404   840       512    


GLOBAL SYMBOLS: SORTED ALPHABETICALLY BY Name 

address   name                  
-------   ----                  
00000bd5  C$$EXIT               
00000b73  CPUcpsid              
00000b7f  CPUcpsie              
00000aa5  GPIODirModeSet        
00000bb5  GPIOIntClear          
00000b8b  GPIOIntEnable         
000009a5  GPIOIntTypeSet        
000005a5  GPIOPadConfigSet      
00000bbb  GPIOPinRead           
00000b21  GPIOPinTypeGPIOInput  
00000aef  GPIOPinTypeGPIOOutput 
00000bc1  GPIOPinWrite          
000004d7  GPIO_PF_IntHandler    
000008dd  IntEnable             
00000b45  IntMasterDisable      
00000b55  IntMasterEnable       
00000b97  ResetISR              
000006d9  SysCtlClockGet        
000007e9  SysCtlClockSet        
00000bc7  SysCtlDelay           
00000a41  SysCtlPeripheralEnable
000004ab  Timer0IntHandler      
00000945  TimerConfigure        
00000b09  TimerDisable          
00000b65  TimerEnable           
00000bcd  TimerIntClear         
00000bad  TimerIntEnable        
00000ba3  TimerIntStatus        
00000b33  TimerLoadSet          
20000200  __STACK_END           
00000200  __STACK_SIZE          
20000200  __STACK_TOP           
ffffffff  __TI_pprof_out_hndl   
ffffffff  __TI_prof_data_size   
ffffffff  __TI_prof_data_start  
00000000  __TI_static_base__    
000009fb  __aeabi_d2uiz         
00000277  __aeabi_dadd          
0000026d  __aeabi_dsub          
00000acf  __aeabi_ui2d          
ffffffff  __binit__             
ffffffff  __c_args__            
UNDEFED   __mpu_init            
20000000  __stack               
00000a75  _c_int00_noinit_noargs
00000bd1  _system_pre_init      
00000bd5  abort                 
ffffffff  binit                 
00000000  g_pfnVectors          
00000425  main                  


GLOBAL SYMBOLS: SORTED BY Symbol Address 

address   name                  
-------   ----                  
00000000  __TI_static_base__    
00000000  g_pfnVectors          
00000200  __STACK_SIZE          
0000026d  __aeabi_dsub          
00000277  __aeabi_dadd          
00000425  main                  
000004ab  Timer0IntHandler      
000004d7  GPIO_PF_IntHandler    
000005a5  GPIOPadConfigSet      
000006d9  SysCtlClockGet        
000007e9  SysCtlClockSet        
000008dd  IntEnable             
00000945  TimerConfigure        
000009a5  GPIOIntTypeSet        
000009fb  __aeabi_d2uiz         
00000a41  SysCtlPeripheralEnable
00000a75  _c_int00_noinit_noargs
00000aa5  GPIODirModeSet        
00000acf  __aeabi_ui2d          
00000aef  GPIOPinTypeGPIOOutput 
00000b09  TimerDisable          
00000b21  GPIOPinTypeGPIOInput  
00000b33  TimerLoadSet          
00000b45  IntMasterDisable      
00000b55  IntMasterEnable       
00000b65  TimerEnable           
00000b73  CPUcpsid              
00000b7f  CPUcpsie              
00000b8b  GPIOIntEnable         
00000b97  ResetISR              
00000ba3  TimerIntStatus        
00000bad  TimerIntEnable        
00000bb5  GPIOIntClear          
00000bbb  GPIOPinRead           
00000bc1  GPIOPinWrite          
00000bc7  SysCtlDelay           
00000bcd  TimerIntClear         
00000bd1  _system_pre_init      
00000bd5  C$$EXIT               
00000bd5  abort                 
20000000  __stack               
20000200  __STACK_END           
20000200  __STACK_TOP           
ffffffff  __TI_pprof_out_hndl   
ffffffff  __TI_prof_data_size   
ffffffff  __TI_prof_data_start  
ffffffff  __binit__             
ffffffff  __c_args__            
ffffffff  binit                 
UNDEFED   __mpu_init            

[50 symbols]
