******************************************************************************
                  TI ARM Linker PC v18.1.3                     
******************************************************************************
>> Linked Tue Nov  6 11:27:56 2018

OUTPUT FILE NAME:   <TutorialLab2.out>
ENTRY POINT SYMBOL: "_c_int00_noargs"  address: 0000065d


MEMORY CONFIGURATION

         name            origin    length      used     unused   attr    fill
----------------------  --------  ---------  --------  --------  ----  --------
  FLASH                 00000000   00040000  00000756  0003f8aa  R  X
  SRAM                  20000000   00008000  00000202  00007dfe  RW X


SEGMENT ALLOCATION MAP

run origin  load origin   length   init length attrs members
----------  ----------- ---------- ----------- ----- -------
00000000    00000000    00000758   00000758    r-x
  00000000    00000000    0000026c   0000026c    r-- .intvecs
  0000026c    0000026c    000004d2   000004d2    r-x .text
  00000740    00000740    00000018   00000018    r-- .cinit
20000000    20000000    00000202   00000000    rw-
  20000000    20000000    00000200   00000000    rw- .stack
  20000200    20000200    00000002   00000000    rw- .data


SECTION ALLOCATION MAP

 output                                  attributes/
section   page    origin      length       input sections
--------  ----  ----------  ----------   ----------------
.intvecs   0    00000000    0000026c     
                  00000000    0000026c     tm4c123gh6pm_startup_ccs.obj (.intvecs)

.text      0    0000026c    000004d2     
                  0000026c    00000132     driverlib.lib : gpio.obj (.text:GPIOPadConfigSet)
                  0000039e    00000002     --HOLE-- [fill = 0]
                  000003a0    000000f4                   : sysctl.obj (.text:SysCtlClockSet)
                  00000494    0000009c     rtsv7M4_T_le_v4SPD16_eabi.lib : memcpy_t2.asm.obj (.text)
                  00000530    00000080     main.obj (.text)
                  000005b0    00000068     rtsv7M4_T_le_v4SPD16_eabi.lib : copy_decompress_lzss.c.obj (.text:decompress:lzss:__TI_decompress_lzss)
                  00000618    00000044                                   : autoinit.c.obj (.text:__TI_auto_init_nobinit_nopinit:__TI_auto_init_nobinit_nopinit)
                  0000065c    00000038                                   : boot_cortex_m.c.obj (.text:_c_int00_noargs:_c_int00_noargs)
                  00000694    00000034     driverlib.lib : sysctl.obj (.text:SysCtlPeripheralEnable)
                  000006c8    0000002a                   : gpio.obj (.text:GPIODirModeSet)
                  000006f2    00000018                   : gpio.obj (.text:GPIOPinTypeGPIOOutput)
                  0000070a    0000000e     rtsv7M4_T_le_v4SPD16_eabi.lib : copy_decompress_none.c.obj (.text:decompress:none:__TI_decompress_none)
                  00000718    0000000c     tm4c123gh6pm_startup_ccs.obj (.text)
                  00000724    00000006     driverlib.lib : gpio.obj (.text:GPIOPinRead)
                  0000072a    00000006                   : gpio.obj (.text:GPIOPinWrite)
                  00000730    00000006                   : sysctl.obj (.text:SysCtlDelay)
                  00000736    00000004     rtsv7M4_T_le_v4SPD16_eabi.lib : pre_init.c.obj (.text:_system_pre_init)
                  0000073a    00000004                                   : exit.c.obj (.text:abort:abort)

.cinit     0    00000740    00000018     
                  00000740    00000008     (__TI_handler_table)
                  00000748    00000006     (.cinit..data.load) [load image, compression = lzss]
                  0000074e    00000002     --HOLE-- [fill = 0]
                  00000750    00000008     (__TI_cinit_table)

.init_array 
*          0    00000000    00000000     UNINITIALIZED

.data      0    20000200    00000002     UNINITIALIZED
                  20000200    00000002     main.obj (.data)

.stack     0    20000000    00000200     UNINITIALIZED
                  20000000    00000004     rtsv7M4_T_le_v4SPD16_eabi.lib : boot_cortex_m.c.obj (.stack)
                  20000004    000001fc     --HOLE--

MODULE SUMMARY

       Module                         code   ro data   rw data
       ------                         ----   -------   -------
    .\
       tm4c123gh6pm_startup_ccs.obj   12     620       0      
       main.obj                       128    0         2      
    +--+------------------------------+------+---------+---------+
       Total:                         140    620       2      
                                                              
    C:/ti/tivaware_c_series_2_1_4_178/driverlib/ccs/Debug/driverlib.lib
       gpio.obj                       384    0         0      
       sysctl.obj                     302    0         0      
    +--+------------------------------+------+---------+---------+
       Total:                         686    0         0      
                                                              
    C:\ti\ccsv8\tools\compiler\ti-cgt-arm_18.1.3.LTS\lib\rtsv7M4_T_le_v4SPD16_eabi.lib
       memcpy_t2.asm.obj              156    0         0      
       copy_decompress_lzss.c.obj     104    0         0      
       autoinit.c.obj                 68     0         0      
       boot_cortex_m.c.obj            56     0         0      
       copy_decompress_none.c.obj     14     0         0      
       exit.c.obj                     4      0         0      
       pre_init.c.obj                 4      0         0      
    +--+------------------------------+------+---------+---------+
       Total:                         406    0         0      
                                                              
       Stack:                         0      0         512    
       Linker Generated:              0      22        0      
    +--+------------------------------+------+---------+---------+
       Grand Total:                   1232   642       514    


LINKER GENERATED COPY TABLES

__TI_cinit_table @ 00000750 records: 1, size/record: 8, table size: 8
	.data: load addr=00000748, load size=00000006 bytes, run addr=20000200, run size=00000002 bytes, compression=lzss


LINKER GENERATED HANDLER TABLE

__TI_handler_table @ 00000740 records: 2, size/record: 4, table size: 8
	index: 0, handler: __TI_decompress_lzss
	index: 1, handler: __TI_decompress_none


GLOBAL SYMBOLS: SORTED ALPHABETICALLY BY Name 

address   name                          
-------   ----                          
0000073b  C$$EXIT                       
000006c9  GPIODirModeSet                
0000026d  GPIOPadConfigSet              
00000725  GPIOPinRead                   
000006f3  GPIOPinTypeGPIOOutput         
0000072b  GPIOPinWrite                  
00000719  ResetISR                      
000003a1  SysCtlClockSet                
00000731  SysCtlDelay                   
00000695  SysCtlPeripheralEnable        
20000200  __STACK_END                   
00000200  __STACK_SIZE                  
20000200  __STACK_TOP                   
00000750  __TI_CINIT_Base               
00000758  __TI_CINIT_Limit              
00000740  __TI_Handler_Table_Base       
00000748  __TI_Handler_Table_Limit      
00000619  __TI_auto_init_nobinit_nopinit
000005b1  __TI_decompress_lzss          
0000070b  __TI_decompress_none          
ffffffff  __TI_pprof_out_hndl           
ffffffff  __TI_prof_data_size           
ffffffff  __TI_prof_data_start          
00000000  __TI_static_base__            
00000495  __aeabi_memcpy                
00000495  __aeabi_memcpy4               
00000495  __aeabi_memcpy8               
ffffffff  __binit__                     
ffffffff  __c_args__                    
UNDEFED   __mpu_init                    
20000000  __stack                       
0000065d  _c_int00_noargs               
UNDEFED   _system_post_cinit            
00000737  _system_pre_init              
0000073b  abort                         
ffffffff  binit                         
00000591  delay                         
00000000  g_pfnVectors                  
0000054b  hardware_init                 
20000200  i16ToggleCount                
0000056d  ledToggle                     
00000531  main                          
00000495  memcpy                        


GLOBAL SYMBOLS: SORTED BY Symbol Address 

address   name                          
-------   ----                          
00000000  __TI_static_base__            
00000000  g_pfnVectors                  
00000200  __STACK_SIZE                  
0000026d  GPIOPadConfigSet              
000003a1  SysCtlClockSet                
00000495  __aeabi_memcpy                
00000495  __aeabi_memcpy4               
00000495  __aeabi_memcpy8               
00000495  memcpy                        
00000531  main                          
0000054b  hardware_init                 
0000056d  ledToggle                     
00000591  delay                         
000005b1  __TI_decompress_lzss          
00000619  __TI_auto_init_nobinit_nopinit
0000065d  _c_int00_noargs               
00000695  SysCtlPeripheralEnable        
000006c9  GPIODirModeSet                
000006f3  GPIOPinTypeGPIOOutput         
0000070b  __TI_decompress_none          
00000719  ResetISR                      
00000725  GPIOPinRead                   
0000072b  GPIOPinWrite                  
00000731  SysCtlDelay                   
00000737  _system_pre_init              
0000073b  C$$EXIT                       
0000073b  abort                         
00000740  __TI_Handler_Table_Base       
00000748  __TI_Handler_Table_Limit      
00000750  __TI_CINIT_Base               
00000758  __TI_CINIT_Limit              
20000000  __stack                       
20000200  __STACK_END                   
20000200  __STACK_TOP                   
20000200  i16ToggleCount                
ffffffff  __TI_pprof_out_hndl           
ffffffff  __TI_prof_data_size           
ffffffff  __TI_prof_data_start          
ffffffff  __binit__                     
ffffffff  __c_args__                    
ffffffff  binit                         
UNDEFED   __mpu_init                    
UNDEFED   _system_post_cinit            

[43 symbols]
